[017 noprobe] job 1117015 task 1/8 on ai05.kuvalar.ku.edu.tr
[sweep] grid=375 cells; chunk 1/8 -> 47 cells; case=heifd_017_noprobe_mlp
[sweep] skip  cell_mlp_mnist_N1_a0.01_noprobe_dp_avg_eps2_K20_s43_K300_ea13935fbd16.json (success exists)
[sweep] skip  cell_mlp_mnist_N1_a0.01_dp_avg_eps2_K20_s42_K300_a98a011b1127.json (success exists)
[sweep] skip  cell_mlp_mnist_N1_a0.05_noprobe_dp_avg_eps2_K20_s44_K300_fd591a3bd25f.json (success exists)
[sweep] skip  cell_mlp_mnist_N1_a0.05_dp_avg_eps2_K20_s43_K300_57e929bae700.json (success exists)
[sweep] skip  cell_mlp_mnist_N1_a0.1_noprobe_dp_avg_eps8_K20_s42_K300_e18da395d446.json (success exists)
[sweep] skip  cell_mlp_mnist_N1_a0.1_dp_avg_eps2_K20_s44_K300_3d033e38a624.json (success exists)
[sweep] skip  cell_mlp_mnist_N1_a0.3_noprobe_dp_avg_eps8_K20_s43_K300_d4b4cc6a1c67.json (success exists)
[sweep] skip  cell_mlp_mnist_N1_a0.3_raw_union_K20_s42_K300_8ed8aeac42ed.json (success exists)
[sweep] skip  cell_mlp_mnist_N1_a1.0_noprobe_dp_avg_eps8_K20_s44_K300_ef45b1d21511.json (success exists)
[sweep] skip  cell_mlp_mnist_N1_a1.0_raw_union_K20_s43_K300_36a72d676904.json (success exists)
[sweep] skip  cell_mlp_mnist_N5_a0.01_noprobe_raw_union_K20_s42_K300_055ff952524a.json (success exists)
[sweep] skip  cell_mlp_mnist_N5_a0.01_raw_union_K20_s44_K300_9f6a6a52a75f.json (success exists)
[sweep] skip  cell_mlp_mnist_N5_a0.05_noprobe_raw_union_K20_s43_K300_4610410c5e21.json (success exists)
[sweep] skip  cell_mlp_mnist_N5_a0.1_noprobe_dp_avg_eps2_K20_s42_K300_402e3a48d5b1.json (success exists)
[sweep] skip  cell_mlp_mnist_N5_a0.1_noprobe_raw_union_K20_s44_K300_79c90514704d.json (success exists)
[sweep] skip  cell_mlp_mnist_N5_a0.3_noprobe_dp_avg_eps2_K20_s43_K300_c09c5ee56011.json (success exists)
[sweep] skip  cell_mlp_mnist_N5_a0.3_dp_avg_eps2_K20_s42_K300_3251279f6531.json (success exists)
[sweep] skip  cell_mlp_mnist_N5_a1.0_noprobe_dp_avg_eps2_K20_s44_K300_f5a2cffa962f.json (success exists)
[sweep] skip  cell_mlp_mnist_N5_a1.0_dp_avg_eps2_K20_s43_K300_38a3a0bbb29a.json (success exists)
[sweep] retry cell_mlp_mnist_N10_a0.01_noprobe_dp_avg_eps8_K20_s42_K300_634bee7c4256.json (prior status != success)
[sweep] start mlp_mnist N=10 a=0.01 noprobe_dp_avg_eps8_K20 s=42 K=300 tau=4.0 lr=0.01 scope=head_only
[sweep] ok   noprobe_dp_avg_eps8_K20 acc=0.3764 mean_teacher=0.1824 wall=23.9s err=None
[sweep] skip  cell_mlp_mnist_N10_a0.01_dp_avg_eps2_K20_s44_K300_92a3d7699e04.json (success exists)
[sweep] skip  cell_mlp_mnist_N10_a0.05_noprobe_dp_avg_eps8_K20_s43_K300_372269dd9e26.json (success exists)
[sweep] skip  cell_mlp_mnist_N10_a0.05_raw_union_K20_s42_K300_ecfec7258732.json (success exists)
[sweep] skip  cell_mlp_mnist_N10_a0.1_noprobe_dp_avg_eps8_K20_s44_K300_29cd88d4d66a.json (success exists)
[sweep] skip  cell_mlp_mnist_N10_a0.1_raw_union_K20_s43_K300_d13a0e92422e.json (success exists)
[sweep] skip  cell_mlp_mnist_N10_a0.3_noprobe_raw_union_K20_s42_K300_e17c8cd756ca.json (success exists)
[sweep] skip  cell_mlp_mnist_N10_a0.3_raw_union_K20_s44_K300_e853fd8a0b22.json (success exists)
[sweep] skip  cell_mlp_mnist_N10_a1.0_noprobe_raw_union_K20_s43_K300_c3cc874d6ac2.json (success exists)
[sweep] retry cell_mlp_mnist_N20_a0.01_noprobe_dp_avg_eps2_K20_s42_K300_6760ee106b8c.json (prior status != success)
[sweep] start mlp_mnist N=20 a=0.01 noprobe_dp_avg_eps2_K20 s=42 K=300 tau=4.0 lr=0.01 scope=head_only
[sweep] ok   noprobe_dp_avg_eps2_K20 acc=0.3975 mean_teacher=0.1529 wall=21.3s err=None
[sweep] retry cell_mlp_mnist_N20_a0.01_noprobe_raw_union_K20_s44_K300_0c292a178c1a.json (prior status != success)
[sweep] start mlp_mnist N=20 a=0.01 noprobe_raw_union_K20 s=44 K=300 tau=4.0 lr=0.01 scope=head_only
[sweep] ok   noprobe_raw_union_K20 acc=0.4504 mean_teacher=0.1353 wall=21.0s err=None
[sweep] skip  cell_mlp_mnist_N20_a0.05_noprobe_dp_avg_eps2_K20_s43_K300_14bed90cdb25.json (success exists)
[sweep] skip  cell_mlp_mnist_N20_a0.05_dp_avg_eps2_K20_s42_K300_259f1aa5a2d2.json (success exists)
[sweep] skip  cell_mlp_mnist_N20_a0.1_noprobe_dp_avg_eps2_K20_s44_K300_7be0cd2c57bd.json (success exists)
[sweep] skip  cell_mlp_mnist_N20_a0.1_dp_avg_eps2_K20_s43_K300_cf9b53bd3787.json (success exists)
[sweep] skip  cell_mlp_mnist_N20_a0.3_noprobe_dp_avg_eps8_K20_s42_K300_9385e7c6c217.json (success exists)
[sweep] skip  cell_mlp_mnist_N20_a0.3_dp_avg_eps2_K20_s44_K300_093cc4886e5f.json (success exists)
[sweep] skip  cell_mlp_mnist_N20_a1.0_noprobe_dp_avg_eps8_K20_s43_K300_7298e6e05641.json (success exists)
[sweep] skip  cell_mlp_mnist_N20_a1.0_raw_union_K20_s42_K300_699565627b4e.json (success exists)
[sweep] retry cell_mlp_mnist_N50_a0.01_noprobe_dp_avg_eps8_K20_s44_K300_17d5ccf06b7e.json (prior status != success)
[sweep] start mlp_mnist N=50 a=0.01 noprobe_dp_avg_eps8_K20 s=44 K=300 tau=4.0 lr=0.01 scope=head_only
[sweep] ok   noprobe_dp_avg_eps8_K20 acc=0.1501 mean_teacher=0.1177 wall=27.6s err=None
[sweep] skip  cell_mlp_mnist_N50_a0.01_raw_union_K20_s43_K300_fa04770e8e56.json (success exists)
[sweep] skip  cell_mlp_mnist_N50_a0.05_noprobe_raw_union_K20_s42_K300_e637a38bd0d9.json (success exists)
[sweep] skip  cell_mlp_mnist_N50_a0.05_raw_union_K20_s44_K300_a2678087be1e.json (success exists)
[sweep] skip  cell_mlp_mnist_N50_a0.1_noprobe_raw_union_K20_s43_K300_08fe372b5968.json (success exists)
[sweep] skip  cell_mlp_mnist_N50_a0.3_noprobe_dp_avg_eps2_K20_s42_K300_814435b49560.json (success exists)
[sweep] skip  cell_mlp_mnist_N50_a0.3_noprobe_raw_union_K20_s44_K300_864fd85cbe52.json (success exists)
[sweep] skip  cell_mlp_mnist_N50_a1.0_noprobe_dp_avg_eps2_K20_s43_K300_2b58f18c5142.json (success exists)
[sweep] skip  cell_mlp_mnist_N50_a1.0_dp_avg_eps2_K20_s42_K300_d679674c841a.json (success exists)
[sweep] done. ran=4 skipped=43 failed=0. report at /scratch/hkanpak21/HE_IFD/results/heifd_017_noprobe_mlp/README.md
