[017 noprobe] job 1116712 task 3/8 on ai05.kuvalar.ku.edu.tr
[sweep] grid=375 cells; chunk 3/8 -> 47 cells; case=heifd_017_noprobe_mlp
[sweep] start mlp_mnist N=1 a=0.01 noprobe_dp_avg_eps8_K20 s=42 K=300 tau=4.0 lr=0.01 scope=head_only
[sweep] ok   noprobe_dp_avg_eps8_K20 acc=0.8954 mean_teacher=0.9711 wall=20.8s err=None
[sweep] start mlp_mnist N=1 a=0.01 dp_avg_eps2_K20 s=44 K=300 tau=4.0 lr=0.01 scope=head_only
[sweep] ok   dp_avg_eps2_K20 acc=0.8926 mean_teacher=0.9635 wall=13.9s err=None
[sweep] start mlp_mnist N=1 a=0.05 noprobe_dp_avg_eps8_K20 s=43 K=300 tau=4.0 lr=0.01 scope=head_only
[sweep] ok   noprobe_dp_avg_eps8_K20 acc=0.9010 mean_teacher=0.9737 wall=13.9s err=None
[sweep] start mlp_mnist N=1 a=0.05 raw_union_K20 s=42 K=300 tau=4.0 lr=0.01 scope=head_only
[sweep] ok   raw_union_K20 acc=0.9050 mean_teacher=0.9711 wall=13.9s err=None
[sweep] start mlp_mnist N=1 a=0.1 noprobe_dp_avg_eps8_K20 s=44 K=300 tau=4.0 lr=0.01 scope=head_only
[sweep] ok   noprobe_dp_avg_eps8_K20 acc=0.8941 mean_teacher=0.9744 wall=13.8s err=None
[sweep] start mlp_mnist N=1 a=0.1 raw_union_K20 s=43 K=300 tau=4.0 lr=0.01 scope=head_only
[sweep] ok   raw_union_K20 acc=0.9014 mean_teacher=0.9709 wall=13.8s err=None
[sweep] start mlp_mnist N=1 a=0.3 noprobe_raw_union_K20 s=42 K=300 tau=4.0 lr=0.01 scope=head_only
[sweep] ok   noprobe_raw_union_K20 acc=0.9031 mean_teacher=0.9696 wall=13.9s err=None
[sweep] start mlp_mnist N=1 a=0.3 raw_union_K20 s=44 K=300 tau=4.0 lr=0.01 scope=head_only
[sweep] ok   raw_union_K20 acc=0.9084 mean_teacher=0.9744 wall=14.0s err=None
[sweep] start mlp_mnist N=1 a=1.0 noprobe_raw_union_K20 s=43 K=300 tau=4.0 lr=0.01 scope=head_only
[sweep] ok   noprobe_raw_union_K20 acc=0.8890 mean_teacher=0.9654 wall=13.8s err=None
[sweep] start mlp_mnist N=5 a=0.01 noprobe_dp_avg_eps2_K20 s=42 K=300 tau=4.0 lr=0.01 scope=head_only
