[017 noprobe] job 1116712 task 2/8 on ai05.kuvalar.ku.edu.tr
[sweep] grid=375 cells; chunk 2/8 -> 47 cells; case=heifd_017_noprobe_mlp
[sweep] start mlp_mnist N=1 a=0.01 noprobe_dp_avg_eps2_K20 s=44 K=300 tau=4.0 lr=0.01 scope=head_only
[sweep] ok   noprobe_dp_avg_eps2_K20 acc=0.8926 mean_teacher=0.9635 wall=21.1s err=None
[sweep] start mlp_mnist N=1 a=0.01 dp_avg_eps2_K20 s=43 K=300 tau=4.0 lr=0.01 scope=head_only
[sweep] ok   dp_avg_eps2_K20 acc=0.9005 mean_teacher=0.9737 wall=14.0s err=None
[sweep] start mlp_mnist N=1 a=0.05 noprobe_dp_avg_eps8_K20 s=42 K=300 tau=4.0 lr=0.01 scope=head_only
[sweep] ok   noprobe_dp_avg_eps8_K20 acc=0.8954 mean_teacher=0.9711 wall=13.9s err=None
[sweep] start mlp_mnist N=1 a=0.05 dp_avg_eps2_K20 s=44 K=300 tau=4.0 lr=0.01 scope=head_only
[sweep] ok   dp_avg_eps2_K20 acc=0.8926 mean_teacher=0.9635 wall=13.9s err=None
[sweep] start mlp_mnist N=1 a=0.1 noprobe_dp_avg_eps8_K20 s=43 K=300 tau=4.0 lr=0.01 scope=head_only
[sweep] ok   noprobe_dp_avg_eps8_K20 acc=0.8895 mean_teacher=0.9709 wall=13.9s err=None
[sweep] start mlp_mnist N=1 a=0.1 raw_union_K20 s=42 K=300 tau=4.0 lr=0.01 scope=head_only
[sweep] ok   raw_union_K20 acc=0.9104 mean_teacher=0.9702 wall=13.8s err=None
[sweep] start mlp_mnist N=1 a=0.3 noprobe_dp_avg_eps8_K20 s=44 K=300 tau=4.0 lr=0.01 scope=head_only
[sweep] ok   noprobe_dp_avg_eps8_K20 acc=0.8941 mean_teacher=0.9744 wall=13.7s err=None
[sweep] start mlp_mnist N=1 a=0.3 raw_union_K20 s=43 K=300 tau=4.0 lr=0.01 scope=head_only
[sweep] ok   raw_union_K20 acc=0.9017 mean_teacher=0.9694 wall=13.9s err=None
[sweep] start mlp_mnist N=1 a=1.0 noprobe_raw_union_K20 s=42 K=300 tau=4.0 lr=0.01 scope=head_only
[sweep] ok   noprobe_raw_union_K20 acc=0.8947 mean_teacher=0.9717 wall=13.8s err=None
[sweep] start mlp_mnist N=1 a=1.0 raw_union_K20 s=44 K=300 tau=4.0 lr=0.01 scope=head_only
[sweep] ok   raw_union_K20 acc=0.9109 mean_teacher=0.9726 wall=13.9s err=None
[sweep] start mlp_mnist N=5 a=0.01 noprobe_raw_union_K20 s=43 K=300 tau=4.0 lr=0.01 scope=head_only
[sweep] ok   noprobe_raw_union_K20 acc=0.5699 mean_teacher=0.2173 wall=15.5s err=None
[sweep] start mlp_mnist N=5 a=0.05 noprobe_dp_avg_eps2_K20 s=42 K=300 tau=4.0 lr=0.01 scope=head_only
[sweep] ok   noprobe_dp_avg_eps2_K20 acc=0.3074 mean_teacher=0.3903 wall=15.5s err=None
[sweep] start mlp_mnist N=5 a=0.05 noprobe_raw_union_K20 s=44 K=300 tau=4.0 lr=0.01 scope=head_only
[sweep] ok   noprobe_raw_union_K20 acc=0.4554 mean_teacher=0.3521 wall=15.6s err=None
[sweep] start mlp_mnist N=5 a=0.1 noprobe_dp_avg_eps2_K20 s=43 K=300 tau=4.0 lr=0.01 scope=head_only
[sweep] ok   noprobe_dp_avg_eps2_K20 acc=0.4144 mean_teacher=0.4995 wall=15.6s err=None
[sweep] start mlp_mnist N=5 a=0.1 dp_avg_eps2_K20 s=42 K=300 tau=4.0 lr=0.01 scope=head_only
[sweep] ok   dp_avg_eps2_K20 acc=0.5506 mean_teacher=0.4797 wall=15.6s err=None
[sweep] start mlp_mnist N=5 a=0.3 noprobe_dp_avg_eps2_K20 s=44 K=300 tau=4.0 lr=0.01 scope=head_only
[sweep] ok   noprobe_dp_avg_eps2_K20 acc=0.5459 mean_teacher=0.7479 wall=15.5s err=None
[sweep] start mlp_mnist N=5 a=0.3 dp_avg_eps2_K20 s=43 K=300 tau=4.0 lr=0.01 scope=head_only
[sweep] ok   dp_avg_eps2_K20 acc=0.7741 mean_teacher=0.7896 wall=15.6s err=None
[sweep] start mlp_mnist N=5 a=1.0 noprobe_dp_avg_eps8_K20 s=42 K=300 tau=4.0 lr=0.01 scope=head_only
[sweep] ok   noprobe_dp_avg_eps8_K20 acc=0.8631 mean_teacher=0.9251 wall=15.6s err=None
[sweep] start mlp_mnist N=5 a=1.0 dp_avg_eps2_K20 s=44 K=300 tau=4.0 lr=0.01 scope=head_only
[sweep] ok   dp_avg_eps2_K20 acc=0.8195 mean_teacher=0.8957 wall=15.5s err=None
[sweep] start mlp_mnist N=10 a=0.01 noprobe_dp_avg_eps8_K20 s=43 K=300 tau=4.0 lr=0.01 scope=head_only
[sweep] ok   noprobe_dp_avg_eps8_K20 acc=0.3317 mean_teacher=0.1835 wall=17.7s err=None
[sweep] start mlp_mnist N=10 a=0.01 raw_union_K20 s=42 K=300 tau=4.0 lr=0.01 scope=head_only
[sweep] ok   raw_union_K20 acc=0.7905 mean_teacher=0.1824 wall=16.9s err=None
[sweep] start mlp_mnist N=10 a=0.05 noprobe_dp_avg_eps8_K20 s=44 K=300 tau=4.0 lr=0.01 scope=head_only
[sweep] ok   noprobe_dp_avg_eps8_K20 acc=0.4565 mean_teacher=0.3385 wall=17.8s err=None
[sweep] start mlp_mnist N=10 a=0.05 raw_union_K20 s=43 K=300 tau=4.0 lr=0.01 scope=head_only
[sweep] ok   raw_union_K20 acc=0.8539 mean_teacher=0.3327 wall=17.8s err=None
[sweep] start mlp_mnist N=10 a=0.1 noprobe_raw_union_K20 s=42 K=300 tau=4.0 lr=0.01 scope=head_only
[sweep] ok   noprobe_raw_union_K20 acc=0.6059 mean_teacher=0.4275 wall=17.8s err=None
[sweep] start mlp_mnist N=10 a=0.1 raw_union_K20 s=44 K=300 tau=4.0 lr=0.01 scope=head_only
[sweep] ok   raw_union_K20 acc=0.8943 mean_teacher=0.4191 wall=17.9s err=None
[sweep] start mlp_mnist N=10 a=0.3 noprobe_raw_union_K20 s=43 K=300 tau=4.0 lr=0.01 scope=head_only
[sweep] ok   noprobe_raw_union_K20 acc=0.8164 mean_teacher=0.7185 wall=17.7s err=None
[sweep] start mlp_mnist N=10 a=1.0 noprobe_dp_avg_eps2_K20 s=42 K=300 tau=4.0 lr=0.01 scope=head_only
[sweep] ok   noprobe_dp_avg_eps2_K20 acc=0.8916 mean_teacher=0.8937 wall=17.7s err=None
[sweep] start mlp_mnist N=10 a=1.0 noprobe_raw_union_K20 s=44 K=300 tau=4.0 lr=0.01 scope=head_only
[sweep] ok   noprobe_raw_union_K20 acc=0.8507 mean_teacher=0.8992 wall=17.8s err=None
[sweep] start mlp_mnist N=20 a=0.01 noprobe_dp_avg_eps2_K20 s=43 K=300 tau=4.0 lr=0.01 scope=head_only
[sweep] FAIL   noprobe_dp_avg_eps2_K20 acc=n/a mean_teacher=0.1329 wall=13.5s err=RuntimeError: cannot reshape tensor of 0 elements into shape [0, -1] because the unspecified dimension size -1 can be any value and is ambiguous
[sweep] start mlp_mnist N=20 a=0.01 dp_avg_eps2_K20 s=42 K=300 tau=4.0 lr=0.01 scope=head_only
[sweep] ok   dp_avg_eps2_K20 acc=0.4065 mean_teacher=0.1529 wall=21.2s err=None
[sweep] start mlp_mnist N=20 a=0.05 noprobe_dp_avg_eps2_K20 s=44 K=300 tau=4.0 lr=0.01 scope=head_only
[sweep] ok   noprobe_dp_avg_eps2_K20 acc=0.5543 mean_teacher=0.2730 wall=22.2s err=None
[sweep] start mlp_mnist N=20 a=0.05 dp_avg_eps2_K20 s=43 K=300 tau=4.0 lr=0.01 scope=head_only
[sweep] ok   dp_avg_eps2_K20 acc=0.5063 mean_teacher=0.2643 wall=22.2s err=None
[sweep] start mlp_mnist N=20 a=0.1 noprobe_dp_avg_eps8_K20 s=42 K=300 tau=4.0 lr=0.01 scope=head_only
[sweep] ok   noprobe_dp_avg_eps8_K20 acc=0.6386 mean_teacher=0.3979 wall=22.4s err=None
[sweep] start mlp_mnist N=20 a=0.1 dp_avg_eps2_K20 s=44 K=300 tau=4.0 lr=0.01 scope=head_only
[sweep] ok   dp_avg_eps2_K20 acc=0.6833 mean_teacher=0.3700 wall=22.4s err=None
[sweep] start mlp_mnist N=20 a=0.3 noprobe_dp_avg_eps8_K20 s=43 K=300 tau=4.0 lr=0.01 scope=head_only
[sweep] ok   noprobe_dp_avg_eps8_K20 acc=0.8496 mean_teacher=0.6115 wall=22.2s err=None
[sweep] start mlp_mnist N=20 a=0.3 raw_union_K20 s=42 K=300 tau=4.0 lr=0.01 scope=head_only
[sweep] ok   raw_union_K20 acc=0.9438 mean_teacher=0.6595 wall=22.2s err=None
[sweep] start mlp_mnist N=20 a=1.0 noprobe_dp_avg_eps8_K20 s=44 K=300 tau=4.0 lr=0.01 scope=head_only
[sweep] ok   noprobe_dp_avg_eps8_K20 acc=0.8943 mean_teacher=0.8393 wall=22.0s err=None
[sweep] start mlp_mnist N=20 a=1.0 raw_union_K20 s=43 K=300 tau=4.0 lr=0.01 scope=head_only
[sweep] ok   raw_union_K20 acc=0.9437 mean_teacher=0.8426 wall=22.3s err=None
[sweep] start mlp_mnist N=50 a=0.01 noprobe_raw_union_K20 s=42 K=300 tau=4.0 lr=0.01 scope=head_only
[sweep] FAIL   noprobe_raw_union_K20 acc=n/a mean_teacher=0.1094 wall=13.6s err=RuntimeError: cannot reshape tensor of 0 elements into shape [0, -1] because the unspecified dimension size -1 can be any value and is ambiguous
[sweep] start mlp_mnist N=50 a=0.01 raw_union_K20 s=44 K=300 tau=4.0 lr=0.01 scope=head_only
[sweep] ok   raw_union_K20 acc=0.8379 mean_teacher=0.1177 wall=27.3s err=None
[sweep] start mlp_mnist N=50 a=0.05 noprobe_raw_union_K20 s=43 K=300 tau=4.0 lr=0.01 scope=head_only
[sweep] ok   noprobe_raw_union_K20 acc=0.6925 mean_teacher=0.2106 wall=35.1s err=None
[sweep] start mlp_mnist N=50 a=0.1 noprobe_dp_avg_eps2_K20 s=42 K=300 tau=4.0 lr=0.01 scope=head_only
[sweep] ok   noprobe_dp_avg_eps2_K20 acc=0.8421 mean_teacher=0.3210 wall=35.0s err=None
[sweep] start mlp_mnist N=50 a=0.1 noprobe_raw_union_K20 s=44 K=300 tau=4.0 lr=0.01 scope=head_only
[sweep] ok   noprobe_raw_union_K20 acc=0.8091 mean_teacher=0.3003 wall=34.9s err=None
[sweep] start mlp_mnist N=50 a=0.3 noprobe_dp_avg_eps2_K20 s=43 K=300 tau=4.0 lr=0.01 scope=head_only
[sweep] ok   noprobe_dp_avg_eps2_K20 acc=0.8568 mean_teacher=0.5160 wall=34.9s err=None
[sweep] start mlp_mnist N=50 a=0.3 dp_avg_eps2_K20 s=42 K=300 tau=4.0 lr=0.01 scope=head_only
[sweep] ok   dp_avg_eps2_K20 acc=0.8278 mean_teacher=0.5626 wall=35.0s err=None
[sweep] start mlp_mnist N=50 a=1.0 noprobe_dp_avg_eps2_K20 s=44 K=300 tau=4.0 lr=0.01 scope=head_only
[sweep] ok   noprobe_dp_avg_eps2_K20 acc=0.8895 mean_teacher=0.7627 wall=35.2s err=None
[sweep] start mlp_mnist N=50 a=1.0 dp_avg_eps2_K20 s=43 K=300 tau=4.0 lr=0.01 scope=head_only
[sweep] ok   dp_avg_eps2_K20 acc=0.8671 mean_teacher=0.7699 wall=35.2s err=None
[sweep] done. ran=45 skipped=0 failed=2. report at /scratch/hkanpak21/HE_IFD/results/heifd_017_noprobe_mlp/README.md
