[017 noprobe] job 1117015 task 0/8 on ai05.kuvalar.ku.edu.tr
[sweep] grid=375 cells; chunk 0/8 -> 47 cells; case=heifd_017_noprobe_mlp
[sweep] skip  cell_mlp_mnist_N1_a0.01_noprobe_dp_avg_eps2_K20_s42_K300_cd35f98f1d3f.json (success exists)
[sweep] skip  cell_mlp_mnist_N1_a0.01_noprobe_raw_union_K20_s44_K300_f75d89abe5fd.json (success exists)
[sweep] skip  cell_mlp_mnist_N1_a0.05_noprobe_dp_avg_eps2_K20_s43_K300_043836955125.json (success exists)
[sweep] skip  cell_mlp_mnist_N1_a0.05_dp_avg_eps2_K20_s42_K300_a5b8b21bbc20.json (success exists)
[sweep] skip  cell_mlp_mnist_N1_a0.1_noprobe_dp_avg_eps2_K20_s44_K300_dc90d00f84fc.json (success exists)
[sweep] skip  cell_mlp_mnist_N1_a0.1_dp_avg_eps2_K20_s43_K300_6c0ed8594aaf.json (success exists)
[sweep] skip  cell_mlp_mnist_N1_a0.3_noprobe_dp_avg_eps8_K20_s42_K300_6a8c004e8831.json (success exists)
[sweep] skip  cell_mlp_mnist_N1_a0.3_dp_avg_eps2_K20_s44_K300_9aec89ef6312.json (success exists)
[sweep] skip  cell_mlp_mnist_N1_a1.0_noprobe_dp_avg_eps8_K20_s43_K300_e19c1b82a255.json (success exists)
[sweep] skip  cell_mlp_mnist_N1_a1.0_raw_union_K20_s42_K300_32c826885419.json (success exists)
[sweep] retry cell_mlp_mnist_N5_a0.01_noprobe_dp_avg_eps8_K20_s44_K300_6df89d66e1dd.json (prior status != success)
[sweep] start mlp_mnist N=5 a=0.01 noprobe_dp_avg_eps8_K20 s=44 K=300 tau=4.0 lr=0.01 scope=head_only
[sweep] ok   noprobe_dp_avg_eps8_K20 acc=0.5329 mean_teacher=0.2182 wall=22.6s err=None
[sweep] skip  cell_mlp_mnist_N5_a0.01_raw_union_K20_s43_K300_d1f979e8b1d5.json (success exists)
[sweep] skip  cell_mlp_mnist_N5_a0.05_noprobe_raw_union_K20_s42_K300_f510b69a9cd2.json (success exists)
[sweep] skip  cell_mlp_mnist_N5_a0.05_raw_union_K20_s44_K300_f41b40ddeddc.json (success exists)
[sweep] skip  cell_mlp_mnist_N5_a0.1_noprobe_raw_union_K20_s43_K300_9b8f31ecd6bc.json (success exists)
[sweep] skip  cell_mlp_mnist_N5_a0.3_noprobe_dp_avg_eps2_K20_s42_K300_b5b298582a1a.json (success exists)
[sweep] skip  cell_mlp_mnist_N5_a0.3_noprobe_raw_union_K20_s44_K300_42c57739cdc9.json (success exists)
[sweep] skip  cell_mlp_mnist_N5_a1.0_noprobe_dp_avg_eps2_K20_s43_K300_284022a4e0e3.json (success exists)
[sweep] skip  cell_mlp_mnist_N5_a1.0_dp_avg_eps2_K20_s42_K300_7e2e0ab915e5.json (success exists)
[sweep] skip  cell_mlp_mnist_N10_a0.01_noprobe_dp_avg_eps2_K20_s44_K300_937c7a9071be.json (success exists)
[sweep] skip  cell_mlp_mnist_N10_a0.01_dp_avg_eps2_K20_s43_K300_487e15be5669.json (success exists)
[sweep] skip  cell_mlp_mnist_N10_a0.05_noprobe_dp_avg_eps8_K20_s42_K300_5367db3c0359.json (success exists)
[sweep] skip  cell_mlp_mnist_N10_a0.05_dp_avg_eps2_K20_s44_K300_bf5af965a416.json (success exists)
[sweep] skip  cell_mlp_mnist_N10_a0.1_noprobe_dp_avg_eps8_K20_s43_K300_5a735e1d3859.json (success exists)
[sweep] skip  cell_mlp_mnist_N10_a0.1_raw_union_K20_s42_K300_91bbdacd49de.json (success exists)
[sweep] skip  cell_mlp_mnist_N10_a0.3_noprobe_dp_avg_eps8_K20_s44_K300_ca27c2156a92.json (success exists)
[sweep] skip  cell_mlp_mnist_N10_a0.3_raw_union_K20_s43_K300_fceaf157b8ba.json (success exists)
[sweep] skip  cell_mlp_mnist_N10_a1.0_noprobe_raw_union_K20_s42_K300_9d634e2e0fe0.json (success exists)
[sweep] skip  cell_mlp_mnist_N10_a1.0_raw_union_K20_s44_K300_9ea53455eb94.json (success exists)
[sweep] retry cell_mlp_mnist_N20_a0.01_noprobe_raw_union_K20_s43_K300_1efa3e85d0e4.json (prior status != success)
[sweep] start mlp_mnist N=20 a=0.01 noprobe_raw_union_K20 s=43 K=300 tau=4.0 lr=0.01 scope=head_only
[sweep] ok   noprobe_raw_union_K20 acc=0.3028 mean_teacher=0.1329 wall=20.5s err=None
[sweep] retry cell_mlp_mnist_N20_a0.05_noprobe_dp_avg_eps2_K20_s42_K300_1c4e21bc294c.json (prior status != success)
[sweep] start mlp_mnist N=20 a=0.05 noprobe_dp_avg_eps2_K20 s=42 K=300 tau=4.0 lr=0.01 scope=head_only
[sweep] ok   noprobe_dp_avg_eps2_K20 acc=0.4075 mean_teacher=0.2578 wall=21.7s err=None
[sweep] skip  cell_mlp_mnist_N20_a0.05_noprobe_raw_union_K20_s44_K300_a0283795b649.json (success exists)
[sweep] skip  cell_mlp_mnist_N20_a0.1_noprobe_dp_avg_eps2_K20_s43_K300_584f4c152d89.json (success exists)
[sweep] skip  cell_mlp_mnist_N20_a0.1_dp_avg_eps2_K20_s42_K300_972e35f4cded.json (success exists)
[sweep] skip  cell_mlp_mnist_N20_a0.3_noprobe_dp_avg_eps2_K20_s44_K300_d58f8d36252e.json (success exists)
[sweep] skip  cell_mlp_mnist_N20_a0.3_dp_avg_eps2_K20_s43_K300_9e6ce3897514.json (success exists)
[sweep] skip  cell_mlp_mnist_N20_a1.0_noprobe_dp_avg_eps8_K20_s42_K300_fd28949927bd.json (success exists)
[sweep] skip  cell_mlp_mnist_N20_a1.0_dp_avg_eps2_K20_s44_K300_b4d0bc7f1af9.json (success exists)
[sweep] retry cell_mlp_mnist_N50_a0.01_noprobe_dp_avg_eps8_K20_s43_K300_8df5aedb5f6c.json (prior status != success)
[sweep] start mlp_mnist N=50 a=0.01 noprobe_dp_avg_eps8_K20 s=43 K=300 tau=4.0 lr=0.01 scope=head_only
[sweep] ok   noprobe_dp_avg_eps8_K20 acc=0.3615 mean_teacher=0.1321 wall=28.5s err=None
[sweep] skip  cell_mlp_mnist_N50_a0.01_raw_union_K20_s42_K300_8e8eb981e34d.json (success exists)
[sweep] retry cell_mlp_mnist_N50_a0.05_noprobe_dp_avg_eps8_K20_s44_K300_84f7df987424.json (prior status != success)
[sweep] start mlp_mnist N=50 a=0.05 noprobe_dp_avg_eps8_K20 s=44 K=300 tau=4.0 lr=0.01 scope=head_only
[sweep] ok   noprobe_dp_avg_eps8_K20 acc=0.6113 mean_teacher=0.2005 wall=34.8s err=None
[sweep] skip  cell_mlp_mnist_N50_a0.05_raw_union_K20_s43_K300_cfbdb82f79b6.json (success exists)
[sweep] skip  cell_mlp_mnist_N50_a0.1_noprobe_raw_union_K20_s42_K300_a7511a7fe986.json (success exists)
[sweep] skip  cell_mlp_mnist_N50_a0.1_raw_union_K20_s44_K300_92a5ea310325.json (success exists)
[sweep] skip  cell_mlp_mnist_N50_a0.3_noprobe_raw_union_K20_s43_K300_1725c658092c.json (success exists)
[sweep] skip  cell_mlp_mnist_N50_a1.0_noprobe_dp_avg_eps2_K20_s42_K300_81bb6e6b7fcd.json (success exists)
[sweep] skip  cell_mlp_mnist_N50_a1.0_noprobe_raw_union_K20_s44_K300_ee21f085cdac.json (success exists)
[sweep] done. ran=5 skipped=42 failed=0. report at /scratch/hkanpak21/HE_IFD/results/heifd_017_noprobe_mlp/README.md
