[017 noprobe] job 1117015 task 7/8 on ai05.kuvalar.ku.edu.tr
[sweep] grid=375 cells; chunk 7/8 -> 46 cells; case=heifd_017_noprobe_mlp
[sweep] skip  cell_mlp_mnist_N1_a0.01_noprobe_raw_union_K20_s43_K300_e7f8f87672b8.json (success exists)
[sweep] skip  cell_mlp_mnist_N1_a0.05_noprobe_dp_avg_eps2_K20_s42_K300_586150188477.json (success exists)
[sweep] skip  cell_mlp_mnist_N1_a0.05_noprobe_raw_union_K20_s44_K300_10304d6c5a86.json (success exists)
[sweep] skip  cell_mlp_mnist_N1_a0.1_noprobe_dp_avg_eps2_K20_s43_K300_a549928d9edb.json (success exists)
[sweep] skip  cell_mlp_mnist_N1_a0.1_dp_avg_eps2_K20_s42_K300_9f4021235d67.json (success exists)
[sweep] skip  cell_mlp_mnist_N1_a0.3_noprobe_dp_avg_eps2_K20_s44_K300_aa151474fe35.json (success exists)
[sweep] skip  cell_mlp_mnist_N1_a0.3_dp_avg_eps2_K20_s43_K300_4315693074ed.json (success exists)
[sweep] skip  cell_mlp_mnist_N1_a1.0_noprobe_dp_avg_eps8_K20_s42_K300_30e29c275d41.json (success exists)
[sweep] skip  cell_mlp_mnist_N1_a1.0_dp_avg_eps2_K20_s44_K300_565076d73ecb.json (success exists)
[sweep] skip  cell_mlp_mnist_N5_a0.01_noprobe_dp_avg_eps8_K20_s43_K300_49de5db49497.json (success exists)
[sweep] skip  cell_mlp_mnist_N5_a0.01_raw_union_K20_s42_K300_c4750c9b98c2.json (success exists)
[sweep] skip  cell_mlp_mnist_N5_a0.05_noprobe_dp_avg_eps8_K20_s44_K300_a81a17a23708.json (success exists)
[sweep] skip  cell_mlp_mnist_N5_a0.05_raw_union_K20_s43_K300_315a9fb2f782.json (success exists)
[sweep] skip  cell_mlp_mnist_N5_a0.1_noprobe_raw_union_K20_s42_K300_2fa61d8462ec.json (success exists)
[sweep] skip  cell_mlp_mnist_N5_a0.1_raw_union_K20_s44_K300_1ffc09e516dc.json (success exists)
[sweep] skip  cell_mlp_mnist_N5_a0.3_noprobe_raw_union_K20_s43_K300_f58a9721b962.json (success exists)
[sweep] skip  cell_mlp_mnist_N5_a1.0_noprobe_dp_avg_eps2_K20_s42_K300_f9345f0101f6.json (success exists)
[sweep] skip  cell_mlp_mnist_N5_a1.0_noprobe_raw_union_K20_s44_K300_2d1892682890.json (success exists)
[sweep] skip  cell_mlp_mnist_N10_a0.01_noprobe_dp_avg_eps2_K20_s43_K300_b1fafafae5e7.json (success exists)
[sweep] skip  cell_mlp_mnist_N10_a0.01_dp_avg_eps2_K20_s42_K300_94b2c423c232.json (success exists)
[sweep] skip  cell_mlp_mnist_N10_a0.05_noprobe_dp_avg_eps2_K20_s44_K300_057c4e692883.json (success exists)
[sweep] skip  cell_mlp_mnist_N10_a0.05_dp_avg_eps2_K20_s43_K300_766c527ed7fa.json (success exists)
[sweep] skip  cell_mlp_mnist_N10_a0.1_noprobe_dp_avg_eps8_K20_s42_K300_1e175600d8f3.json (success exists)
[sweep] skip  cell_mlp_mnist_N10_a0.1_dp_avg_eps2_K20_s44_K300_27e94537e8ae.json (success exists)
[sweep] skip  cell_mlp_mnist_N10_a0.3_noprobe_dp_avg_eps8_K20_s43_K300_299707b9370d.json (success exists)
[sweep] skip  cell_mlp_mnist_N10_a0.3_raw_union_K20_s42_K300_a4a451ac9c08.json (success exists)
[sweep] skip  cell_mlp_mnist_N10_a1.0_noprobe_dp_avg_eps8_K20_s44_K300_f9e1c89ce9c1.json (success exists)
[sweep] skip  cell_mlp_mnist_N10_a1.0_raw_union_K20_s43_K300_19aabcb019ab.json (success exists)
[sweep] retry cell_mlp_mnist_N20_a0.01_noprobe_raw_union_K20_s42_K300_dc2975dc9013.json (prior status != success)
[sweep] start mlp_mnist N=20 a=0.01 noprobe_raw_union_K20 s=42 K=300 tau=4.0 lr=0.01 scope=head_only
[sweep] ok   noprobe_raw_union_K20 acc=0.4097 mean_teacher=0.1529 wall=28.2s err=None
[sweep] skip  cell_mlp_mnist_N20_a0.01_raw_union_K20_s44_K300_2510222948ae.json (success exists)
[sweep] skip  cell_mlp_mnist_N20_a0.05_noprobe_raw_union_K20_s43_K300_4a62b75ffa03.json (success exists)
[sweep] skip  cell_mlp_mnist_N20_a0.1_noprobe_dp_avg_eps2_K20_s42_K300_d28e866b448f.json (success exists)
[sweep] skip  cell_mlp_mnist_N20_a0.1_noprobe_raw_union_K20_s44_K300_c8cd40a07888.json (success exists)
[sweep] skip  cell_mlp_mnist_N20_a0.3_noprobe_dp_avg_eps2_K20_s43_K300_ff98ffd0b6ef.json (success exists)
[sweep] skip  cell_mlp_mnist_N20_a0.3_dp_avg_eps2_K20_s42_K300_d4fa1f1aecf1.json (success exists)
[sweep] skip  cell_mlp_mnist_N20_a1.0_noprobe_dp_avg_eps2_K20_s44_K300_7fb90751bcb7.json (success exists)
[sweep] skip  cell_mlp_mnist_N20_a1.0_dp_avg_eps2_K20_s43_K300_de638dfd0c8d.json (success exists)
[sweep] retry cell_mlp_mnist_N50_a0.01_noprobe_dp_avg_eps8_K20_s42_K300_44046ffd17ef.json (prior status != success)
[sweep] start mlp_mnist N=50 a=0.01 noprobe_dp_avg_eps8_K20 s=42 K=300 tau=4.0 lr=0.01 scope=head_only
[sweep] ok   noprobe_dp_avg_eps8_K20 acc=0.4172 mean_teacher=0.1094 wall=28.9s err=None
[sweep] skip  cell_mlp_mnist_N50_a0.01_dp_avg_eps2_K20_s44_K300_a0640920996c.json (success exists)
[sweep] skip  cell_mlp_mnist_N50_a0.05_noprobe_dp_avg_eps8_K20_s43_K300_5d8a56557a03.json (success exists)
[sweep] skip  cell_mlp_mnist_N50_a0.05_raw_union_K20_s42_K300_2ce4b9d95333.json (success exists)
[sweep] skip  cell_mlp_mnist_N50_a0.1_noprobe_dp_avg_eps8_K20_s44_K300_0ea9778fef1e.json (success exists)
[sweep] skip  cell_mlp_mnist_N50_a0.1_raw_union_K20_s43_K300_6b730a606771.json (success exists)
[sweep] skip  cell_mlp_mnist_N50_a0.3_noprobe_raw_union_K20_s42_K300_4ce31d611d6e.json (success exists)
[sweep] skip  cell_mlp_mnist_N50_a0.3_raw_union_K20_s44_K300_b77ef84facfb.json (success exists)
[sweep] skip  cell_mlp_mnist_N50_a1.0_noprobe_raw_union_K20_s43_K300_3339acf56f06.json (success exists)
[sweep] done. ran=2 skipped=44 failed=0. report at /scratch/hkanpak21/HE_IFD/results/heifd_017_noprobe_mlp/README.md
