[017 noprobe] job 1116712 task 5/8 on ai05.kuvalar.ku.edu.tr
[sweep] grid=375 cells; chunk 5/8 -> 47 cells; case=heifd_017_noprobe_mlp
[sweep] start mlp_mnist N=1 a=0.01 noprobe_dp_avg_eps8_K20 s=44 K=300 tau=4.0 lr=0.01 scope=head_only
[sweep] ok   noprobe_dp_avg_eps8_K20 acc=0.8887 mean_teacher=0.9635 wall=20.9s err=None
[sweep] start mlp_mnist N=1 a=0.01 raw_union_K20 s=43 K=300 tau=4.0 lr=0.01 scope=head_only
[sweep] ok   raw_union_K20 acc=0.9059 mean_teacher=0.9737 wall=13.8s err=None
[sweep] start mlp_mnist N=1 a=0.05 noprobe_raw_union_K20 s=42 K=300 tau=4.0 lr=0.01 scope=head_only
[sweep] ok   noprobe_raw_union_K20 acc=0.8931 mean_teacher=0.9711 wall=13.8s err=None
[sweep] start mlp_mnist N=1 a=0.05 raw_union_K20 s=44 K=300 tau=4.0 lr=0.01 scope=head_only
[sweep] ok   raw_union_K20 acc=0.8990 mean_teacher=0.9635 wall=13.8s err=None
[sweep] start mlp_mnist N=1 a=0.1 noprobe_raw_union_K20 s=43 K=300 tau=4.0 lr=0.01 scope=head_only
[sweep] ok   noprobe_raw_union_K20 acc=0.8873 mean_teacher=0.9709 wall=13.7s err=None
[sweep] start mlp_mnist N=1 a=0.3 noprobe_dp_avg_eps2_K20 s=42 K=300 tau=4.0 lr=0.01 scope=head_only
[sweep] ok   noprobe_dp_avg_eps2_K20 acc=0.9064 mean_teacher=0.9696 wall=13.8s err=None
[sweep] start mlp_mnist N=1 a=0.3 noprobe_raw_union_K20 s=44 K=300 tau=4.0 lr=0.01 scope=head_only
[sweep] ok   noprobe_raw_union_K20 acc=0.8939 mean_teacher=0.9744 wall=13.8s err=None
[sweep] start mlp_mnist N=1 a=1.0 noprobe_dp_avg_eps2_K20 s=43 K=300 tau=4.0 lr=0.01 scope=head_only
[sweep] ok   noprobe_dp_avg_eps2_K20 acc=0.8935 mean_teacher=0.9654 wall=13.8s err=None
[sweep] start mlp_mnist N=1 a=1.0 dp_avg_eps2_K20 s=42 K=300 tau=4.0 lr=0.01 scope=head_only
[sweep] ok   dp_avg_eps2_K20 acc=0.8977 mean_teacher=0.9717 wall=13.8s err=None
[sweep] start mlp_mnist N=5 a=0.01 noprobe_dp_avg_eps2_K20 s=44 K=300 tau=4.0 lr=0.01 scope=head_only
[sweep] FAIL   noprobe_dp_avg_eps2_K20 acc=n/a mean_teacher=0.2182 wall=13.3s err=RuntimeError: cannot reshape tensor of 0 elements into shape [0, -1] because the unspecified dimension size -1 can be any value and is ambiguous
[sweep] start mlp_mnist N=5 a=0.01 dp_avg_eps2_K20 s=43 K=300 tau=4.0 lr=0.01 scope=head_only
[sweep] ok   dp_avg_eps2_K20 acc=0.5740 mean_teacher=0.2173 wall=15.6s err=None
[sweep] start mlp_mnist N=5 a=0.05 noprobe_dp_avg_eps8_K20 s=42 K=300 tau=4.0 lr=0.01 scope=head_only
[sweep] ok   noprobe_dp_avg_eps8_K20 acc=0.2768 mean_teacher=0.3903 wall=15.5s err=None
[sweep] start mlp_mnist N=5 a=0.05 dp_avg_eps2_K20 s=44 K=300 tau=4.0 lr=0.01 scope=head_only
[sweep] ok   dp_avg_eps2_K20 acc=0.4391 mean_teacher=0.3521 wall=15.6s err=None
[sweep] start mlp_mnist N=5 a=0.1 noprobe_dp_avg_eps8_K20 s=43 K=300 tau=4.0 lr=0.01 scope=head_only
[sweep] ok   noprobe_dp_avg_eps8_K20 acc=0.4304 mean_teacher=0.4995 wall=15.5s err=None
[sweep] start mlp_mnist N=5 a=0.1 raw_union_K20 s=42 K=300 tau=4.0 lr=0.01 scope=head_only
[sweep] ok   raw_union_K20 acc=0.8674 mean_teacher=0.4797 wall=15.6s err=None
[sweep] start mlp_mnist N=5 a=0.3 noprobe_dp_avg_eps8_K20 s=44 K=300 tau=4.0 lr=0.01 scope=head_only
[sweep] ok   noprobe_dp_avg_eps8_K20 acc=0.5619 mean_teacher=0.7479 wall=15.5s err=None
[sweep] start mlp_mnist N=5 a=0.3 raw_union_K20 s=43 K=300 tau=4.0 lr=0.01 scope=head_only
[sweep] ok   raw_union_K20 acc=0.9046 mean_teacher=0.7896 wall=15.6s err=None
[sweep] start mlp_mnist N=5 a=1.0 noprobe_raw_union_K20 s=42 K=300 tau=4.0 lr=0.01 scope=head_only
[sweep] ok   noprobe_raw_union_K20 acc=0.8602 mean_teacher=0.9251 wall=15.5s err=None
[sweep] start mlp_mnist N=5 a=1.0 raw_union_K20 s=44 K=300 tau=4.0 lr=0.01 scope=head_only
[sweep] ok   raw_union_K20 acc=0.9207 mean_teacher=0.8957 wall=15.6s err=None
[sweep] start mlp_mnist N=10 a=0.01 noprobe_raw_union_K20 s=43 K=300 tau=4.0 lr=0.01 scope=head_only
[sweep] ok   noprobe_raw_union_K20 acc=0.3196 mean_teacher=0.1835 wall=17.7s err=None
[sweep] start mlp_mnist N=10 a=0.05 noprobe_dp_avg_eps2_K20 s=42 K=300 tau=4.0 lr=0.01 scope=head_only
[sweep] ok   noprobe_dp_avg_eps2_K20 acc=0.4539 mean_teacher=0.3337 wall=17.7s err=None
[sweep] start mlp_mnist N=10 a=0.05 noprobe_raw_union_K20 s=44 K=300 tau=4.0 lr=0.01 scope=head_only
[sweep] ok   noprobe_raw_union_K20 acc=0.4675 mean_teacher=0.3385 wall=17.6s err=None
[sweep] start mlp_mnist N=10 a=0.1 noprobe_dp_avg_eps2_K20 s=43 K=300 tau=4.0 lr=0.01 scope=head_only
[sweep] ok   noprobe_dp_avg_eps2_K20 acc=0.3981 mean_teacher=0.3316 wall=17.6s err=None
[sweep] start mlp_mnist N=10 a=0.1 dp_avg_eps2_K20 s=42 K=300 tau=4.0 lr=0.01 scope=head_only
[sweep] ok   dp_avg_eps2_K20 acc=0.6204 mean_teacher=0.4275 wall=17.7s err=None
[sweep] start mlp_mnist N=10 a=0.3 noprobe_dp_avg_eps2_K20 s=44 K=300 tau=4.0 lr=0.01 scope=head_only
[sweep] ok   noprobe_dp_avg_eps2_K20 acc=0.7865 mean_teacher=0.7126 wall=17.6s err=None
[sweep] start mlp_mnist N=10 a=0.3 dp_avg_eps2_K20 s=43 K=300 tau=4.0 lr=0.01 scope=head_only
[sweep] ok   dp_avg_eps2_K20 acc=0.7883 mean_teacher=0.7185 wall=17.7s err=None
[sweep] start mlp_mnist N=10 a=1.0 noprobe_dp_avg_eps8_K20 s=42 K=300 tau=4.0 lr=0.01 scope=head_only
[sweep] ok   noprobe_dp_avg_eps8_K20 acc=0.8897 mean_teacher=0.8937 wall=17.6s err=None
[sweep] start mlp_mnist N=10 a=1.0 dp_avg_eps2_K20 s=44 K=300 tau=4.0 lr=0.01 scope=head_only
[sweep] ok   dp_avg_eps2_K20 acc=0.8230 mean_teacher=0.8992 wall=17.7s err=None
[sweep] start mlp_mnist N=20 a=0.01 noprobe_dp_avg_eps8_K20 s=43 K=300 tau=4.0 lr=0.01 scope=head_only
[sweep] FAIL   noprobe_dp_avg_eps8_K20 acc=n/a mean_teacher=0.1329 wall=13.4s err=RuntimeError: cannot reshape tensor of 0 elements into shape [0, -1] because the unspecified dimension size -1 can be any value and is ambiguous
[sweep] start mlp_mnist N=20 a=0.01 raw_union_K20 s=42 K=300 tau=4.0 lr=0.01 scope=head_only
[sweep] ok   raw_union_K20 acc=0.8623 mean_teacher=0.1529 wall=21.2s err=None
[sweep] start mlp_mnist N=20 a=0.05 noprobe_dp_avg_eps8_K20 s=44 K=300 tau=4.0 lr=0.01 scope=head_only
[sweep] ok   noprobe_dp_avg_eps8_K20 acc=0.5769 mean_teacher=0.2730 wall=22.0s err=None
[sweep] start mlp_mnist N=20 a=0.05 raw_union_K20 s=43 K=300 tau=4.0 lr=0.01 scope=head_only
[sweep] ok   raw_union_K20 acc=0.9098 mean_teacher=0.2643 wall=22.0s err=None
[sweep] start mlp_mnist N=20 a=0.1 noprobe_raw_union_K20 s=42 K=300 tau=4.0 lr=0.01 scope=head_only
[sweep] ok   noprobe_raw_union_K20 acc=0.6304 mean_teacher=0.3979 wall=21.9s err=None
[sweep] start mlp_mnist N=20 a=0.1 raw_union_K20 s=44 K=300 tau=4.0 lr=0.01 scope=head_only
[sweep] ok   raw_union_K20 acc=0.9181 mean_teacher=0.3700 wall=22.1s err=None
[sweep] start mlp_mnist N=20 a=0.3 noprobe_raw_union_K20 s=43 K=300 tau=4.0 lr=0.01 scope=head_only
[sweep] ok   noprobe_raw_union_K20 acc=0.8566 mean_teacher=0.6115 wall=22.0s err=None
[sweep] start mlp_mnist N=20 a=1.0 noprobe_dp_avg_eps2_K20 s=42 K=300 tau=4.0 lr=0.01 scope=head_only
[sweep] ok   noprobe_dp_avg_eps2_K20 acc=0.9023 mean_teacher=0.8596 wall=22.2s err=None
[sweep] start mlp_mnist N=20 a=1.0 noprobe_raw_union_K20 s=44 K=300 tau=4.0 lr=0.01 scope=head_only
[sweep] ok   noprobe_raw_union_K20 acc=0.8880 mean_teacher=0.8393 wall=22.2s err=None
[sweep] start mlp_mnist N=50 a=0.01 noprobe_dp_avg_eps2_K20 s=43 K=300 tau=4.0 lr=0.01 scope=head_only
[sweep] FAIL   noprobe_dp_avg_eps2_K20 acc=n/a mean_teacher=0.1321 wall=13.6s err=RuntimeError: cannot reshape tensor of 0 elements into shape [0, -1] because the unspecified dimension size -1 can be any value and is ambiguous
[sweep] start mlp_mnist N=50 a=0.01 dp_avg_eps2_K20 s=42 K=300 tau=4.0 lr=0.01 scope=head_only
[sweep] ok   dp_avg_eps2_K20 acc=0.2212 mean_teacher=0.1094 wall=28.9s err=None
[sweep] start mlp_mnist N=50 a=0.05 noprobe_dp_avg_eps2_K20 s=44 K=300 tau=4.0 lr=0.01 scope=head_only
[sweep] FAIL   noprobe_dp_avg_eps2_K20 acc=n/a mean_teacher=0.2005 wall=13.7s err=RuntimeError: cannot reshape tensor of 0 elements into shape [0, -1] because the unspecified dimension size -1 can be any value and is ambiguous
[sweep] start mlp_mnist N=50 a=0.05 dp_avg_eps2_K20 s=43 K=300 tau=4.0 lr=0.01 scope=head_only
[sweep] ok   dp_avg_eps2_K20 acc=0.5395 mean_teacher=0.2106 wall=34.8s err=None
[sweep] start mlp_mnist N=50 a=0.1 noprobe_dp_avg_eps8_K20 s=42 K=300 tau=4.0 lr=0.01 scope=head_only
[sweep] ok   noprobe_dp_avg_eps8_K20 acc=0.8475 mean_teacher=0.3210 wall=34.8s err=None
[sweep] start mlp_mnist N=50 a=0.1 dp_avg_eps2_K20 s=44 K=300 tau=4.0 lr=0.01 scope=head_only
[sweep] ok   dp_avg_eps2_K20 acc=0.5803 mean_teacher=0.3003 wall=34.9s err=None
[sweep] start mlp_mnist N=50 a=0.3 noprobe_dp_avg_eps8_K20 s=43 K=300 tau=4.0 lr=0.01 scope=head_only
[sweep] ok   noprobe_dp_avg_eps8_K20 acc=0.8680 mean_teacher=0.5160 wall=34.9s err=None
[sweep] start mlp_mnist N=50 a=0.3 raw_union_K20 s=42 K=300 tau=4.0 lr=0.01 scope=head_only
[sweep] ok   raw_union_K20 acc=0.9555 mean_teacher=0.5626 wall=35.3s err=None
[sweep] start mlp_mnist N=50 a=1.0 noprobe_dp_avg_eps8_K20 s=44 K=300 tau=4.0 lr=0.01 scope=head_only
[sweep] ok   noprobe_dp_avg_eps8_K20 acc=0.8806 mean_teacher=0.7627 wall=34.7s err=None
[sweep] start mlp_mnist N=50 a=1.0 raw_union_K20 s=43 K=300 tau=4.0 lr=0.01 scope=head_only
[sweep] ok   raw_union_K20 acc=0.9516 mean_teacher=0.7699 wall=35.3s err=None
[sweep] done. ran=43 skipped=0 failed=4. report at /scratch/hkanpak21/HE_IFD/results/heifd_017_noprobe_mlp/README.md
