[017 noprobe] job 1117015 task 2/8 on ai05.kuvalar.ku.edu.tr
[sweep] grid=375 cells; chunk 2/8 -> 47 cells; case=heifd_017_noprobe_mlp
[sweep] skip  cell_mlp_mnist_N1_a0.01_noprobe_dp_avg_eps2_K20_s44_K300_5cadba33a5aa.json (success exists)
[sweep] skip  cell_mlp_mnist_N1_a0.01_dp_avg_eps2_K20_s43_K300_61d24a71063e.json (success exists)
[sweep] skip  cell_mlp_mnist_N1_a0.05_noprobe_dp_avg_eps8_K20_s42_K300_28ce1bbd6773.json (success exists)
[sweep] skip  cell_mlp_mnist_N1_a0.05_dp_avg_eps2_K20_s44_K300_8cc0e642d18d.json (success exists)
[sweep] skip  cell_mlp_mnist_N1_a0.1_noprobe_dp_avg_eps8_K20_s43_K300_cfb7f141700a.json (success exists)
[sweep] skip  cell_mlp_mnist_N1_a0.1_raw_union_K20_s42_K300_50c656564cf9.json (success exists)
[sweep] skip  cell_mlp_mnist_N1_a0.3_noprobe_dp_avg_eps8_K20_s44_K300_89ca6c2360df.json (success exists)
[sweep] skip  cell_mlp_mnist_N1_a0.3_raw_union_K20_s43_K300_b1d1aedfaac4.json (success exists)
[sweep] skip  cell_mlp_mnist_N1_a1.0_noprobe_raw_union_K20_s42_K300_6c4e9cdc2519.json (success exists)
[sweep] skip  cell_mlp_mnist_N1_a1.0_raw_union_K20_s44_K300_05f98978e124.json (success exists)
[sweep] skip  cell_mlp_mnist_N5_a0.01_noprobe_raw_union_K20_s43_K300_857deaee30a5.json (success exists)
[sweep] skip  cell_mlp_mnist_N5_a0.05_noprobe_dp_avg_eps2_K20_s42_K300_4ea9b789e600.json (success exists)
[sweep] skip  cell_mlp_mnist_N5_a0.05_noprobe_raw_union_K20_s44_K300_b028ac8c6860.json (success exists)
[sweep] skip  cell_mlp_mnist_N5_a0.1_noprobe_dp_avg_eps2_K20_s43_K300_49010a0324c4.json (success exists)
[sweep] skip  cell_mlp_mnist_N5_a0.1_dp_avg_eps2_K20_s42_K300_ed6f11a65607.json (success exists)
[sweep] skip  cell_mlp_mnist_N5_a0.3_noprobe_dp_avg_eps2_K20_s44_K300_22cede2bbe16.json (success exists)
[sweep] skip  cell_mlp_mnist_N5_a0.3_dp_avg_eps2_K20_s43_K300_93e19155fdcc.json (success exists)
[sweep] skip  cell_mlp_mnist_N5_a1.0_noprobe_dp_avg_eps8_K20_s42_K300_c8fe25ca4e23.json (success exists)
[sweep] skip  cell_mlp_mnist_N5_a1.0_dp_avg_eps2_K20_s44_K300_5a70ed461949.json (success exists)
[sweep] skip  cell_mlp_mnist_N10_a0.01_noprobe_dp_avg_eps8_K20_s43_K300_17910043ded2.json (success exists)
[sweep] skip  cell_mlp_mnist_N10_a0.01_raw_union_K20_s42_K300_cf28ee6baf74.json (success exists)
[sweep] skip  cell_mlp_mnist_N10_a0.05_noprobe_dp_avg_eps8_K20_s44_K300_e0546ed9ed26.json (success exists)
[sweep] skip  cell_mlp_mnist_N10_a0.05_raw_union_K20_s43_K300_34c5ebd39b33.json (success exists)
[sweep] skip  cell_mlp_mnist_N10_a0.1_noprobe_raw_union_K20_s42_K300_02f35dd6577f.json (success exists)
[sweep] skip  cell_mlp_mnist_N10_a0.1_raw_union_K20_s44_K300_2c72a2a5f84b.json (success exists)
[sweep] skip  cell_mlp_mnist_N10_a0.3_noprobe_raw_union_K20_s43_K300_321713f1b668.json (success exists)
[sweep] skip  cell_mlp_mnist_N10_a1.0_noprobe_dp_avg_eps2_K20_s42_K300_ce981a6eb57b.json (success exists)
[sweep] skip  cell_mlp_mnist_N10_a1.0_noprobe_raw_union_K20_s44_K300_3f6819f91bb4.json (success exists)
[sweep] retry cell_mlp_mnist_N20_a0.01_noprobe_dp_avg_eps2_K20_s43_K300_b2aa85b96b10.json (prior status != success)
[sweep] start mlp_mnist N=20 a=0.01 noprobe_dp_avg_eps2_K20 s=43 K=300 tau=4.0 lr=0.01 scope=head_only
[sweep] ok   noprobe_dp_avg_eps2_K20 acc=0.3002 mean_teacher=0.1329 wall=27.4s err=None
[sweep] skip  cell_mlp_mnist_N20_a0.01_dp_avg_eps2_K20_s42_K300_ed793a48f108.json (success exists)
[sweep] skip  cell_mlp_mnist_N20_a0.05_noprobe_dp_avg_eps2_K20_s44_K300_955848ea7d47.json (success exists)
[sweep] skip  cell_mlp_mnist_N20_a0.05_dp_avg_eps2_K20_s43_K300_91687bc387f8.json (success exists)
[sweep] skip  cell_mlp_mnist_N20_a0.1_noprobe_dp_avg_eps8_K20_s42_K300_0948b4015325.json (success exists)
[sweep] skip  cell_mlp_mnist_N20_a0.1_dp_avg_eps2_K20_s44_K300_fe51793c57eb.json (success exists)
[sweep] skip  cell_mlp_mnist_N20_a0.3_noprobe_dp_avg_eps8_K20_s43_K300_4dfa6397136f.json (success exists)
[sweep] skip  cell_mlp_mnist_N20_a0.3_raw_union_K20_s42_K300_2f324909bf56.json (success exists)
[sweep] skip  cell_mlp_mnist_N20_a1.0_noprobe_dp_avg_eps8_K20_s44_K300_64edc22e59c6.json (success exists)
[sweep] skip  cell_mlp_mnist_N20_a1.0_raw_union_K20_s43_K300_d6d3d049cebd.json (success exists)
[sweep] retry cell_mlp_mnist_N50_a0.01_noprobe_raw_union_K20_s42_K300_6f889090c3a4.json (prior status != success)
[sweep] start mlp_mnist N=50 a=0.01 noprobe_raw_union_K20 s=42 K=300 tau=4.0 lr=0.01 scope=head_only
[sweep] ok   noprobe_raw_union_K20 acc=0.4150 mean_teacher=0.1094 wall=28.8s err=None
[sweep] skip  cell_mlp_mnist_N50_a0.01_raw_union_K20_s44_K300_a03fe0280e26.json (success exists)
[sweep] skip  cell_mlp_mnist_N50_a0.05_noprobe_raw_union_K20_s43_K300_2ec6ad1d3153.json (success exists)
[sweep] skip  cell_mlp_mnist_N50_a0.1_noprobe_dp_avg_eps2_K20_s42_K300_b7823d8615c2.json (success exists)
[sweep] skip  cell_mlp_mnist_N50_a0.1_noprobe_raw_union_K20_s44_K300_62e622e255b5.json (success exists)
[sweep] skip  cell_mlp_mnist_N50_a0.3_noprobe_dp_avg_eps2_K20_s43_K300_ba662594742f.json (success exists)
[sweep] skip  cell_mlp_mnist_N50_a0.3_dp_avg_eps2_K20_s42_K300_8820b015fa2d.json (success exists)
[sweep] skip  cell_mlp_mnist_N50_a1.0_noprobe_dp_avg_eps2_K20_s44_K300_bebda2b844f8.json (success exists)
[sweep] skip  cell_mlp_mnist_N50_a1.0_dp_avg_eps2_K20_s43_K300_197de338713e.json (success exists)
[sweep] done. ran=2 skipped=45 failed=0. report at /scratch/hkanpak21/HE_IFD/results/heifd_017_noprobe_mlp/README.md
