[017 noprobe] job 1116712 task 1/8 on ai05.kuvalar.ku.edu.tr
[sweep] grid=375 cells; chunk 1/8 -> 47 cells; case=heifd_017_noprobe_mlp
[sweep] start mlp_mnist N=1 a=0.01 noprobe_dp_avg_eps2_K20 s=43 K=300 tau=4.0 lr=0.01 scope=head_only
[sweep] ok   noprobe_dp_avg_eps2_K20 acc=0.9005 mean_teacher=0.9737 wall=20.7s err=None
[sweep] start mlp_mnist N=1 a=0.01 dp_avg_eps2_K20 s=42 K=300 tau=4.0 lr=0.01 scope=head_only
[sweep] ok   dp_avg_eps2_K20 acc=0.8991 mean_teacher=0.9711 wall=13.8s err=None
[sweep] start mlp_mnist N=1 a=0.05 noprobe_dp_avg_eps2_K20 s=44 K=300 tau=4.0 lr=0.01 scope=head_only
[sweep] ok   noprobe_dp_avg_eps2_K20 acc=0.8926 mean_teacher=0.9635 wall=13.7s err=None
[sweep] start mlp_mnist N=1 a=0.05 dp_avg_eps2_K20 s=43 K=300 tau=4.0 lr=0.01 scope=head_only
[sweep] ok   dp_avg_eps2_K20 acc=0.9005 mean_teacher=0.9737 wall=13.7s err=None
[sweep] start mlp_mnist N=1 a=0.1 noprobe_dp_avg_eps8_K20 s=42 K=300 tau=4.0 lr=0.01 scope=head_only
[sweep] ok   noprobe_dp_avg_eps8_K20 acc=0.9036 mean_teacher=0.9702 wall=13.9s err=None
[sweep] start mlp_mnist N=1 a=0.1 dp_avg_eps2_K20 s=44 K=300 tau=4.0 lr=0.01 scope=head_only
[sweep] ok   dp_avg_eps2_K20 acc=0.8959 mean_teacher=0.9744 wall=13.7s err=None
[sweep] start mlp_mnist N=1 a=0.3 noprobe_dp_avg_eps8_K20 s=43 K=300 tau=4.0 lr=0.01 scope=head_only
[sweep] ok   noprobe_dp_avg_eps8_K20 acc=0.8999 mean_teacher=0.9694 wall=13.7s err=None
[sweep] start mlp_mnist N=1 a=0.3 raw_union_K20 s=42 K=300 tau=4.0 lr=0.01 scope=head_only
[sweep] ok   raw_union_K20 acc=0.9114 mean_teacher=0.9696 wall=13.7s err=None
[sweep] start mlp_mnist N=1 a=1.0 noprobe_dp_avg_eps8_K20 s=44 K=300 tau=4.0 lr=0.01 scope=head_only
[sweep] ok   noprobe_dp_avg_eps8_K20 acc=0.8992 mean_teacher=0.9726 wall=13.8s err=None
[sweep] start mlp_mnist N=1 a=1.0 raw_union_K20 s=43 K=300 tau=4.0 lr=0.01 scope=head_only
[sweep] ok   raw_union_K20 acc=0.9057 mean_teacher=0.9654 wall=13.8s err=None
[sweep] start mlp_mnist N=5 a=0.01 noprobe_raw_union_K20 s=42 K=300 tau=4.0 lr=0.01 scope=head_only
[sweep] ok   noprobe_raw_union_K20 acc=0.2897 mean_teacher=0.2389 wall=15.5s err=None
[sweep] start mlp_mnist N=5 a=0.01 raw_union_K20 s=44 K=300 tau=4.0 lr=0.01 scope=head_only
[sweep] ok   raw_union_K20 acc=0.7495 mean_teacher=0.2182 wall=15.1s err=None
[sweep] start mlp_mnist N=5 a=0.05 noprobe_raw_union_K20 s=43 K=300 tau=4.0 lr=0.01 scope=head_only
[sweep] ok   noprobe_raw_union_K20 acc=0.5711 mean_teacher=0.2590 wall=15.5s err=None
[sweep] start mlp_mnist N=5 a=0.1 noprobe_dp_avg_eps2_K20 s=42 K=300 tau=4.0 lr=0.01 scope=head_only
[sweep] ok   noprobe_dp_avg_eps2_K20 acc=0.5926 mean_teacher=0.4797 wall=15.5s err=None
[sweep] start mlp_mnist N=5 a=0.1 noprobe_raw_union_K20 s=44 K=300 tau=4.0 lr=0.01 scope=head_only
[sweep] ok   noprobe_raw_union_K20 acc=0.5076 mean_teacher=0.4397 wall=15.6s err=None
[sweep] start mlp_mnist N=5 a=0.3 noprobe_dp_avg_eps2_K20 s=43 K=300 tau=4.0 lr=0.01 scope=head_only
