[kdhp] job 1115489 task 2/4 on ai08.kuvalar.ku.edu.tr
[sweep] grid=48 cells; chunk 2/4 -> 12 cells; case=heifd_010_kd_hparams_resnet18
[sweep] start resnet18_cifar10 N=10 a=0.05 raw_union_K20 s=42 K=30 tau=4.0 lr=0.001
[sweep] ok   raw_union_K20 acc=0.6888 mean_teacher=0.2297 wall=10.1s err=None
[sweep] start resnet18_cifar10 N=10 a=0.05 raw_union_K20 s=42 K=100 tau=4.0 lr=0.001
[sweep] ok   raw_union_K20 acc=0.6269 mean_teacher=0.2297 wall=3.4s err=None
[sweep] start resnet18_cifar10 N=10 a=0.05 raw_union_K20 s=42 K=300 tau=4.0 lr=0.001
[sweep] ok   raw_union_K20 acc=0.5884 mean_teacher=0.2297 wall=5.2s err=None
[sweep] start resnet18_cifar10 N=10 a=0.05 raw_union_K20 s=42 K=1000 tau=4.0 lr=0.001
[sweep] ok   raw_union_K20 acc=0.5566 mean_teacher=0.2297 wall=11.5s err=None
[sweep] start resnet18_cifar10 N=10 a=0.05 raw_union_K20 s=43 K=30 tau=4.0 lr=0.001
[sweep] ok   raw_union_K20 acc=0.6777 mean_teacher=0.2879 wall=2.7s err=None
[sweep] start resnet18_cifar10 N=10 a=0.05 raw_union_K20 s=43 K=100 tau=4.0 lr=0.001
[sweep] ok   raw_union_K20 acc=0.5763 mean_teacher=0.2879 wall=3.3s err=None
[sweep] start resnet18_cifar10 N=10 a=0.05 raw_union_K20 s=43 K=300 tau=4.0 lr=0.001
[sweep] ok   raw_union_K20 acc=0.4896 mean_teacher=0.2879 wall=5.2s err=None
[sweep] start resnet18_cifar10 N=10 a=0.05 raw_union_K20 s=43 K=1000 tau=4.0 lr=0.001
[sweep] ok   raw_union_K20 acc=0.4337 mean_teacher=0.2879 wall=11.5s err=None
[sweep] start resnet18_cifar10 N=10 a=0.05 raw_union_K20 s=44 K=30 tau=4.0 lr=0.001
[sweep] ok   raw_union_K20 acc=0.7115 mean_teacher=0.2493 wall=2.7s err=None
[sweep] start resnet18_cifar10 N=10 a=0.05 raw_union_K20 s=44 K=100 tau=4.0 lr=0.001
[sweep] ok   raw_union_K20 acc=0.6142 mean_teacher=0.2493 wall=3.3s err=None
[sweep] start resnet18_cifar10 N=10 a=0.05 raw_union_K20 s=44 K=300 tau=4.0 lr=0.001
[sweep] ok   raw_union_K20 acc=0.5519 mean_teacher=0.2493 wall=5.2s err=None
[sweep] start resnet18_cifar10 N=10 a=0.05 raw_union_K20 s=44 K=1000 tau=4.0 lr=0.001
[sweep] ok   raw_union_K20 acc=0.5243 mean_teacher=0.2493 wall=11.5s err=None
[sweep] done. ran=12 skipped=0 failed=0. report at /scratch/hkanpak21/HE_IFD/results/heifd_010_kd_hparams_resnet18/README.md
