[kdhp] job 1115489 task 3/4 on ai08.kuvalar.ku.edu.tr
[sweep] grid=48 cells; chunk 3/4 -> 12 cells; case=heifd_010_kd_hparams_resnet18
[sweep] start resnet18_cifar10 N=10 a=0.05 raw_union_K20 s=42 K=30 tau=4.0 lr=0.01
[sweep] ok   raw_union_K20 acc=0.5850 mean_teacher=0.2297 wall=9.9s err=None
[sweep] start resnet18_cifar10 N=10 a=0.05 raw_union_K20 s=42 K=100 tau=4.0 lr=0.01
[sweep] ok   raw_union_K20 acc=0.5542 mean_teacher=0.2297 wall=3.4s err=None
[sweep] start resnet18_cifar10 N=10 a=0.05 raw_union_K20 s=42 K=300 tau=4.0 lr=0.01
[sweep] ok   raw_union_K20 acc=0.5316 mean_teacher=0.2297 wall=5.2s err=None
[sweep] start resnet18_cifar10 N=10 a=0.05 raw_union_K20 s=42 K=1000 tau=4.0 lr=0.01
[sweep] ok   raw_union_K20 acc=0.4970 mean_teacher=0.2297 wall=11.7s err=None
[sweep] start resnet18_cifar10 N=10 a=0.05 raw_union_K20 s=43 K=30 tau=4.0 lr=0.01
[sweep] ok   raw_union_K20 acc=0.4780 mean_teacher=0.2879 wall=2.8s err=None
[sweep] start resnet18_cifar10 N=10 a=0.05 raw_union_K20 s=43 K=100 tau=4.0 lr=0.01
[sweep] ok   raw_union_K20 acc=0.4366 mean_teacher=0.2879 wall=3.4s err=None
[sweep] start resnet18_cifar10 N=10 a=0.05 raw_union_K20 s=43 K=300 tau=4.0 lr=0.01
[sweep] ok   raw_union_K20 acc=0.4006 mean_teacher=0.2879 wall=5.2s err=None
[sweep] start resnet18_cifar10 N=10 a=0.05 raw_union_K20 s=43 K=1000 tau=4.0 lr=0.01
[sweep] ok   raw_union_K20 acc=0.3593 mean_teacher=0.2879 wall=11.7s err=None
[sweep] start resnet18_cifar10 N=10 a=0.05 raw_union_K20 s=44 K=30 tau=4.0 lr=0.01
[sweep] ok   raw_union_K20 acc=0.5477 mean_teacher=0.2493 wall=2.8s err=None
[sweep] start resnet18_cifar10 N=10 a=0.05 raw_union_K20 s=44 K=100 tau=4.0 lr=0.01
[sweep] ok   raw_union_K20 acc=0.5238 mean_teacher=0.2493 wall=3.4s err=None
[sweep] start resnet18_cifar10 N=10 a=0.05 raw_union_K20 s=44 K=300 tau=4.0 lr=0.01
[sweep] ok   raw_union_K20 acc=0.5213 mean_teacher=0.2493 wall=5.2s err=None
[sweep] start resnet18_cifar10 N=10 a=0.05 raw_union_K20 s=44 K=1000 tau=4.0 lr=0.01
[sweep] ok   raw_union_K20 acc=0.5130 mean_teacher=0.2493 wall=11.7s err=None
[sweep] done. ran=12 skipped=0 failed=0. report at /scratch/hkanpak21/HE_IFD/results/heifd_010_kd_hparams_resnet18/README.md
