[fs] job 1112402 task 7/8 on ai05.kuvalar.ku.edu.tr
[sweep] grid=360 cells; chunk 7/8 -> 45 cells; case=heifd_mlp_mnist_headline
[sweep] start mlp_mnist N=5 a=0.01 labelled_probe_warmup s=43 K=300
[sweep] ok   labelled_probe_warmup acc=0.5765 mean_teacher=0.2173 wall=31.3s err=None
[sweep] start mlp_mnist N=5 a=0.01 dp_avg_eps8_K20 s=42 K=300
[sweep] ok   dp_avg_eps8_K20 acc=0.3982 mean_teacher=0.2389 wall=32.8s err=None
[sweep] start mlp_mnist N=5 a=0.05 warmup_only_labelled s=44 K=300
[sweep] ok   warmup_only_labelled acc=0.2927 mean_teacher=0.3521 wall=29.8s err=None
[sweep] start mlp_mnist N=5 a=0.05 dp_avg_eps2_K20 s=43 K=300
[sweep] ok   dp_avg_eps2_K20 acc=0.5765 mean_teacher=0.2590 wall=35.4s err=None
[sweep] start mlp_mnist N=5 a=0.1 warmup_only_labelled s=42 K=300
[sweep] ok   warmup_only_labelled acc=0.4358 mean_teacher=0.4797 wall=30.1s err=None
[sweep] start mlp_mnist N=5 a=0.1 raw_union_K20 s=44 K=300
[sweep] ok   raw_union_K20 acc=0.7787 mean_teacher=0.4397 wall=34.8s err=None
[sweep] start mlp_mnist N=5 a=0.3 no_phase0 s=43 K=300
[sweep] ok   no_phase0 acc=0.7184 mean_teacher=0.7896 wall=34.3s err=None
[sweep] start mlp_mnist N=5 a=0.3 raw_union_K20 s=42 K=300
[sweep] ok   raw_union_K20 acc=0.8877 mean_teacher=0.7179 wall=34.8s err=None
[sweep] start mlp_mnist N=5 a=0.3 dp_avg_eps8_K20 s=44 K=300
[sweep] ok   dp_avg_eps8_K20 acc=0.5594 mean_teacher=0.7479 wall=34.5s err=None
[sweep] start mlp_mnist N=5 a=1.0 labelled_probe_warmup s=43 K=300
[sweep] ok   labelled_probe_warmup acc=0.8807 mean_teacher=0.8800 wall=23.0s err=None
[sweep] start mlp_mnist N=5 a=1.0 dp_avg_eps8_K20 s=42 K=300
[sweep] ok   dp_avg_eps8_K20 acc=0.8663 mean_teacher=0.9251 wall=33.3s err=None
[sweep] start mlp_mnist N=10 a=0.01 warmup_only_labelled s=44 K=300
[sweep] ok   warmup_only_labelled acc=0.2927 mean_teacher=0.1597 wall=29.1s err=None
[sweep] start mlp_mnist N=10 a=0.01 dp_avg_eps2_K20 s=43 K=300
[sweep] ok   dp_avg_eps2_K20 acc=0.3196 mean_teacher=0.1835 wall=38.2s err=None
[sweep] start mlp_mnist N=10 a=0.05 warmup_only_labelled s=42 K=300
[sweep] ok   warmup_only_labelled acc=0.4358 mean_teacher=0.3337 wall=30.7s err=None
[sweep] start mlp_mnist N=10 a=0.05 raw_union_K20 s=44 K=300
[sweep] ok   raw_union_K20 acc=0.8308 mean_teacher=0.3385 wall=39.6s err=None
[sweep] start mlp_mnist N=10 a=0.1 no_phase0 s=43 K=300
[sweep] ok   no_phase0 acc=0.3885 mean_teacher=0.3316 wall=39.1s err=None
[sweep] start mlp_mnist N=10 a=0.1 raw_union_K20 s=42 K=300
[sweep] ok   raw_union_K20 acc=0.8979 mean_teacher=0.4275 wall=39.3s err=None
[sweep] start mlp_mnist N=10 a=0.1 dp_avg_eps8_K20 s=44 K=300
[sweep] ok   dp_avg_eps8_K20 acc=0.5992 mean_teacher=0.4191 wall=37.2s err=None
[sweep] start mlp_mnist N=10 a=0.3 labelled_probe_warmup s=43 K=300
[sweep] ok   labelled_probe_warmup acc=0.7964 mean_teacher=0.7185 wall=38.2s err=None
[sweep] start mlp_mnist N=10 a=0.3 dp_avg_eps8_K20 s=42 K=300
[sweep] ok   dp_avg_eps8_K20 acc=0.7827 mean_teacher=0.6727 wall=38.2s err=None
[sweep] start mlp_mnist N=10 a=1.0 warmup_only_labelled s=44 K=300
[sweep] ok   warmup_only_labelled acc=0.2927 mean_teacher=0.8992 wall=28.9s err=None
[sweep] start mlp_mnist N=10 a=1.0 dp_avg_eps2_K20 s=43 K=300
[sweep] ok   dp_avg_eps2_K20 acc=0.8812 mean_teacher=0.8886 wall=39.4s err=None
[sweep] start mlp_mnist N=20 a=0.01 warmup_only_labelled s=42 K=300
[sweep] ok   warmup_only_labelled acc=0.4358 mean_teacher=0.1529 wall=26.9s err=None
[sweep] start mlp_mnist N=20 a=0.01 raw_union_K20 s=44 K=300
[sweep] ok   raw_union_K20 acc=0.8087 mean_teacher=0.1353 wall=45.6s err=None
[sweep] start mlp_mnist N=20 a=0.05 no_phase0 s=43 K=300
[sweep] ok   no_phase0 acc=0.4153 mean_teacher=0.2643 wall=48.7s err=None
[sweep] start mlp_mnist N=20 a=0.05 raw_union_K20 s=42 K=300
[sweep] ok   raw_union_K20 acc=0.8947 mean_teacher=0.2578 wall=49.2s err=None
[sweep] start mlp_mnist N=20 a=0.05 dp_avg_eps8_K20 s=44 K=300
[sweep] ok   dp_avg_eps8_K20 acc=0.4549 mean_teacher=0.2730 wall=50.5s err=None
[sweep] start mlp_mnist N=20 a=0.1 labelled_probe_warmup s=43 K=300
[sweep] ok   labelled_probe_warmup acc=0.6118 mean_teacher=0.3870 wall=51.9s err=None
[sweep] start mlp_mnist N=20 a=0.1 dp_avg_eps8_K20 s=42 K=300
[sweep] ok   dp_avg_eps8_K20 acc=0.5533 mean_teacher=0.3979 wall=41.2s err=None
[sweep] start mlp_mnist N=20 a=0.3 warmup_only_labelled s=44 K=300
[sweep] ok   warmup_only_labelled acc=0.2927 mean_teacher=0.6077 wall=31.5s err=None
[sweep] start mlp_mnist N=20 a=0.3 dp_avg_eps2_K20 s=43 K=300
[sweep] ok   dp_avg_eps2_K20 acc=0.7571 mean_teacher=0.6115 wall=50.4s err=None
[sweep] start mlp_mnist N=20 a=1.0 warmup_only_labelled s=42 K=300
[sweep] ok   warmup_only_labelled acc=0.4358 mean_teacher=0.8596 wall=30.0s err=None
[sweep] start mlp_mnist N=20 a=1.0 raw_union_K20 s=44 K=300
[sweep] ok   raw_union_K20 acc=0.9461 mean_teacher=0.8393 wall=51.1s err=None
[sweep] start mlp_mnist N=50 a=0.01 no_phase0 s=43 K=300
[sweep] ok   no_phase0 acc=0.2595 mean_teacher=0.1321 wall=64.5s err=None
[sweep] start mlp_mnist N=50 a=0.01 raw_union_K20 s=42 K=300
[sweep] ok   raw_union_K20 acc=0.8826 mean_teacher=0.1094 wall=56.9s err=None
[sweep] start mlp_mnist N=50 a=0.01 dp_avg_eps8_K20 s=44 K=300
[sweep] ok   dp_avg_eps8_K20 acc=0.2929 mean_teacher=0.1177 wall=62.8s err=None
[sweep] start mlp_mnist N=50 a=0.05 labelled_probe_warmup s=43 K=300
[sweep] ok   labelled_probe_warmup acc=0.5636 mean_teacher=0.2106 wall=81.3s err=None
[sweep] start mlp_mnist N=50 a=0.05 dp_avg_eps8_K20 s=42 K=300
[sweep] ok   dp_avg_eps8_K20 acc=0.3380 mean_teacher=0.2029 wall=74.8s err=None
[sweep] start mlp_mnist N=50 a=0.1 warmup_only_labelled s=44 K=300
[sweep] ok   warmup_only_labelled acc=0.2927 mean_teacher=0.3003 wall=32.4s err=None
[sweep] start mlp_mnist N=50 a=0.1 dp_avg_eps2_K20 s=43 K=300
[sweep] ok   dp_avg_eps2_K20 acc=0.7048 mean_teacher=0.3236 wall=81.0s err=None
[sweep] start mlp_mnist N=50 a=0.3 warmup_only_labelled s=42 K=300
[sweep] ok   warmup_only_labelled acc=0.4358 mean_teacher=0.5626 wall=31.5s err=None
[sweep] start mlp_mnist N=50 a=0.3 raw_union_K20 s=44 K=300
[sweep] ok   raw_union_K20 acc=0.9538 mean_teacher=0.5418 wall=79.4s err=None
[sweep] start mlp_mnist N=50 a=1.0 no_phase0 s=43 K=300
[sweep] ok   no_phase0 acc=0.8513 mean_teacher=0.7699 wall=67.2s err=None
[sweep] start mlp_mnist N=50 a=1.0 raw_union_K20 s=42 K=300
[sweep] ok   raw_union_K20 acc=0.9551 mean_teacher=0.7642 wall=79.4s err=None
[sweep] start mlp_mnist N=50 a=1.0 dp_avg_eps8_K20 s=44 K=300
[sweep] ok   dp_avg_eps8_K20 acc=0.8480 mean_teacher=0.7627 wall=76.2s err=None
[sweep] done. ran=45 skipped=0 failed=0. report at /scratch/hkanpak21/HE_IFD/results/heifd_mlp_mnist_headline/README.md
