[fs] job 1112402 task 1/8 on ai06.kuvalar.ku.edu.tr
[sweep] grid=360 cells; chunk 1/8 -> 45 cells; case=heifd_mlp_mnist_headline
[sweep] start mlp_mnist N=5 a=0.01 no_phase0 s=43 K=300
[sweep] ok   no_phase0 acc=0.5772 mean_teacher=0.2173 wall=46.0s err=None
[sweep] start mlp_mnist N=5 a=0.01 raw_union_K20 s=42 K=300
[sweep] ok   raw_union_K20 acc=0.7062 mean_teacher=0.2389 wall=30.7s err=None
[sweep] start mlp_mnist N=5 a=0.01 dp_avg_eps8_K20 s=44 K=300
[sweep] ok   dp_avg_eps8_K20 acc=0.5774 mean_teacher=0.2182 wall=40.8s err=None
[sweep] start mlp_mnist N=5 a=0.05 labelled_probe_warmup s=43 K=300
[sweep] ok   labelled_probe_warmup acc=0.5784 mean_teacher=0.2590 wall=38.0s err=None
[sweep] start mlp_mnist N=5 a=0.05 dp_avg_eps8_K20 s=42 K=300
[sweep] ok   dp_avg_eps8_K20 acc=0.3132 mean_teacher=0.3903 wall=43.9s err=None
[sweep] start mlp_mnist N=5 a=0.1 warmup_only_labelled s=44 K=300
[sweep] ok   warmup_only_labelled acc=0.2927 mean_teacher=0.4397 wall=38.2s err=None
[sweep] start mlp_mnist N=5 a=0.1 dp_avg_eps2_K20 s=43 K=300
[sweep] ok   dp_avg_eps2_K20 acc=0.4796 mean_teacher=0.4995 wall=45.2s err=None
[sweep] start mlp_mnist N=5 a=0.3 warmup_only_labelled s=42 K=300
[sweep] ok   warmup_only_labelled acc=0.4358 mean_teacher=0.7179 wall=35.6s err=None
[sweep] start mlp_mnist N=5 a=0.3 raw_union_K20 s=44 K=300
[sweep] ok   raw_union_K20 acc=0.8985 mean_teacher=0.7479 wall=42.5s err=None
[sweep] start mlp_mnist N=5 a=1.0 no_phase0 s=43 K=300
[sweep] ok   no_phase0 acc=0.8607 mean_teacher=0.8800 wall=41.2s err=None
[sweep] start mlp_mnist N=5 a=1.0 raw_union_K20 s=42 K=300
[sweep] ok   raw_union_K20 acc=0.9278 mean_teacher=0.9251 wall=33.3s err=None
[sweep] start mlp_mnist N=5 a=1.0 dp_avg_eps8_K20 s=44 K=300
[sweep] ok   dp_avg_eps8_K20 acc=0.8475 mean_teacher=0.8957 wall=41.2s err=None
[sweep] start mlp_mnist N=10 a=0.01 labelled_probe_warmup s=43 K=300
[sweep] ok   labelled_probe_warmup acc=0.6557 mean_teacher=0.1835 wall=48.2s err=None
[sweep] start mlp_mnist N=10 a=0.01 dp_avg_eps8_K20 s=42 K=300
[sweep] ok   dp_avg_eps8_K20 acc=0.4161 mean_teacher=0.1824 wall=45.3s err=None
[sweep] start mlp_mnist N=10 a=0.05 warmup_only_labelled s=44 K=300
[sweep] ok   warmup_only_labelled acc=0.2927 mean_teacher=0.3385 wall=35.8s err=None
[sweep] start mlp_mnist N=10 a=0.05 dp_avg_eps2_K20 s=43 K=300
[sweep] ok   dp_avg_eps2_K20 acc=0.6411 mean_teacher=0.3327 wall=47.1s err=None
[sweep] start mlp_mnist N=10 a=0.1 warmup_only_labelled s=42 K=300
[sweep] ok   warmup_only_labelled acc=0.4358 mean_teacher=0.4275 wall=36.2s err=None
[sweep] start mlp_mnist N=10 a=0.1 raw_union_K20 s=44 K=300
[sweep] ok   raw_union_K20 acc=0.8943 mean_teacher=0.4191 wall=38.0s err=None
[sweep] start mlp_mnist N=10 a=0.3 no_phase0 s=43 K=300
[sweep] ok   no_phase0 acc=0.7012 mean_teacher=0.7185 wall=47.4s err=None
[sweep] start mlp_mnist N=10 a=0.3 raw_union_K20 s=42 K=300
[sweep] ok   raw_union_K20 acc=0.9292 mean_teacher=0.6727 wall=49.2s err=None
[sweep] start mlp_mnist N=10 a=0.3 dp_avg_eps8_K20 s=44 K=300
[sweep] ok   dp_avg_eps8_K20 acc=0.7717 mean_teacher=0.7126 wall=49.5s err=None
[sweep] start mlp_mnist N=10 a=1.0 labelled_probe_warmup s=43 K=300
