[fs] job 1115678 task 5/8 on ai05.kuvalar.ku.edu.tr
[sweep] grid=90 cells; chunk 5/8 -> 11 cells; case=heifd_mlp_mnist_headline
[sweep] start mlp_mnist N=1 a=0.01 warmup_only_labelled s=44 K=300 tau=4.0 lr=0.01 scope=head_only
[sweep] ok   warmup_only_labelled acc=0.2927 mean_teacher=0.9635 wall=20.5s err=None
[sweep] start mlp_mnist N=1 a=0.01 dp_avg_eps2_K20 s=43 K=300 tau=4.0 lr=0.01 scope=head_only
[sweep] ok   dp_avg_eps2_K20 acc=0.9005 mean_teacher=0.9737 wall=13.8s err=None
[sweep] start mlp_mnist N=1 a=0.05 warmup_only_labelled s=42 K=300 tau=4.0 lr=0.01 scope=head_only
[sweep] ok   warmup_only_labelled acc=0.4358 mean_teacher=0.9711 wall=13.3s err=None
[sweep] start mlp_mnist N=1 a=0.05 raw_union_K20 s=44 K=300 tau=4.0 lr=0.01 scope=head_only
[sweep] ok   raw_union_K20 acc=0.8990 mean_teacher=0.9635 wall=13.8s err=None
[sweep] start mlp_mnist N=1 a=0.1 no_phase0 s=43 K=300 tau=4.0 lr=0.01 scope=head_only
[sweep] ok   no_phase0 acc=0.8578 mean_teacher=0.9709 wall=13.8s err=None
[sweep] start mlp_mnist N=1 a=0.1 raw_union_K20 s=42 K=300 tau=4.0 lr=0.01 scope=head_only
[sweep] ok   raw_union_K20 acc=0.9104 mean_teacher=0.9702 wall=13.9s err=None
[sweep] start mlp_mnist N=1 a=0.1 dp_avg_eps8_K20 s=44 K=300 tau=4.0 lr=0.01 scope=head_only
[sweep] ok   dp_avg_eps8_K20 acc=0.8941 mean_teacher=0.9744 wall=14.0s err=None
[sweep] start mlp_mnist N=1 a=0.3 labelled_probe_warmup s=43 K=300 tau=4.0 lr=0.01 scope=head_only
[sweep] ok   labelled_probe_warmup acc=0.8993 mean_teacher=0.9694 wall=14.0s err=None
[sweep] start mlp_mnist N=1 a=0.3 dp_avg_eps8_K20 s=42 K=300 tau=4.0 lr=0.01 scope=head_only
[sweep] ok   dp_avg_eps8_K20 acc=0.9049 mean_teacher=0.9696 wall=14.0s err=None
[sweep] start mlp_mnist N=1 a=1.0 warmup_only_labelled s=44 K=300 tau=4.0 lr=0.01 scope=head_only
[sweep] ok   warmup_only_labelled acc=0.2927 mean_teacher=0.9726 wall=13.5s err=None
[sweep] start mlp_mnist N=1 a=1.0 dp_avg_eps2_K20 s=43 K=300 tau=4.0 lr=0.01 scope=head_only
[sweep] ok   dp_avg_eps2_K20 acc=0.8935 mean_teacher=0.9654 wall=13.8s err=None
[sweep] done. ran=11 skipped=0 failed=0. report at /scratch/hkanpak21/HE_IFD/results/heifd_mlp_mnist_headline/README.md
