[fs] job 1112402 task 5/8 on ai05.kuvalar.ku.edu.tr
[sweep] grid=360 cells; chunk 5/8 -> 45 cells; case=heifd_mlp_mnist_headline
[sweep] start mlp_mnist N=5 a=0.01 warmup_only_labelled s=44 K=300
[sweep] ok   warmup_only_labelled acc=0.2927 mean_teacher=0.2182 wall=35.8s err=None
[sweep] start mlp_mnist N=5 a=0.01 dp_avg_eps2_K20 s=43 K=300
[sweep] ok   dp_avg_eps2_K20 acc=0.5740 mean_teacher=0.2173 wall=32.0s err=None
[sweep] start mlp_mnist N=5 a=0.05 warmup_only_labelled s=42 K=300
[sweep] ok   warmup_only_labelled acc=0.4358 mean_teacher=0.3903 wall=28.9s err=None
[sweep] start mlp_mnist N=5 a=0.05 raw_union_K20 s=44 K=300
[sweep] ok   raw_union_K20 acc=0.7521 mean_teacher=0.3521 wall=34.2s err=None
[sweep] start mlp_mnist N=5 a=0.1 no_phase0 s=43 K=300
[sweep] ok   no_phase0 acc=0.4334 mean_teacher=0.4995 wall=34.1s err=None
[sweep] start mlp_mnist N=5 a=0.1 raw_union_K20 s=42 K=300
[sweep] ok   raw_union_K20 acc=0.8674 mean_teacher=0.4797 wall=34.4s err=None
[sweep] start mlp_mnist N=5 a=0.1 dp_avg_eps8_K20 s=44 K=300
[sweep] ok   dp_avg_eps8_K20 acc=0.5282 mean_teacher=0.4397 wall=34.2s err=None
[sweep] start mlp_mnist N=5 a=0.3 labelled_probe_warmup s=43 K=300
[sweep] ok   labelled_probe_warmup acc=0.8052 mean_teacher=0.7896 wall=29.7s err=None
[sweep] start mlp_mnist N=5 a=0.3 dp_avg_eps8_K20 s=42 K=300
[sweep] ok   dp_avg_eps8_K20 acc=0.6729 mean_teacher=0.7179 wall=21.3s err=None
[sweep] start mlp_mnist N=5 a=1.0 warmup_only_labelled s=44 K=300
[sweep] ok   warmup_only_labelled acc=0.2927 mean_teacher=0.8957 wall=28.1s err=None
[sweep] start mlp_mnist N=5 a=1.0 dp_avg_eps2_K20 s=43 K=300
[sweep] ok   dp_avg_eps2_K20 acc=0.8703 mean_teacher=0.8800 wall=32.3s err=None
[sweep] start mlp_mnist N=10 a=0.01 warmup_only_labelled s=42 K=300
[sweep] ok   warmup_only_labelled acc=0.4358 mean_teacher=0.1824 wall=27.8s err=None
[sweep] start mlp_mnist N=10 a=0.01 raw_union_K20 s=44 K=300
[sweep] ok   raw_union_K20 acc=0.7464 mean_teacher=0.1597 wall=36.9s err=None
[sweep] start mlp_mnist N=10 a=0.05 no_phase0 s=43 K=300
[sweep] ok   no_phase0 acc=0.5667 mean_teacher=0.3327 wall=36.7s err=None
[sweep] start mlp_mnist N=10 a=0.05 raw_union_K20 s=42 K=300
[sweep] ok   raw_union_K20 acc=0.8610 mean_teacher=0.3337 wall=35.2s err=None
[sweep] start mlp_mnist N=10 a=0.05 dp_avg_eps8_K20 s=44 K=300
[sweep] ok   dp_avg_eps8_K20 acc=0.5291 mean_teacher=0.3385 wall=36.9s err=None
[sweep] start mlp_mnist N=10 a=0.1 labelled_probe_warmup s=43 K=300
[sweep] ok   labelled_probe_warmup acc=0.4949 mean_teacher=0.3316 wall=36.6s err=None
[sweep] start mlp_mnist N=10 a=0.1 dp_avg_eps8_K20 s=42 K=300
[sweep] ok   dp_avg_eps8_K20 acc=0.6044 mean_teacher=0.4275 wall=36.4s err=None
[sweep] start mlp_mnist N=10 a=0.3 warmup_only_labelled s=44 K=300
[sweep] ok   warmup_only_labelled acc=0.2927 mean_teacher=0.7126 wall=27.9s err=None
[sweep] start mlp_mnist N=10 a=0.3 dp_avg_eps2_K20 s=43 K=300
[sweep] ok   dp_avg_eps2_K20 acc=0.7883 mean_teacher=0.7185 wall=36.9s err=None
[sweep] start mlp_mnist N=10 a=1.0 warmup_only_labelled s=42 K=300
[sweep] ok   warmup_only_labelled acc=0.4358 mean_teacher=0.8937 wall=27.7s err=None
[sweep] start mlp_mnist N=10 a=1.0 raw_union_K20 s=44 K=300
[sweep] ok   raw_union_K20 acc=0.9405 mean_teacher=0.8992 wall=37.1s err=None
[sweep] start mlp_mnist N=20 a=0.01 no_phase0 s=43 K=300
[sweep] ok   no_phase0 acc=0.2865 mean_teacher=0.1329 wall=40.3s err=None
[sweep] start mlp_mnist N=20 a=0.01 raw_union_K20 s=42 K=300
[sweep] ok   raw_union_K20 acc=0.8623 mean_teacher=0.1529 wall=48.9s err=None
[sweep] start mlp_mnist N=20 a=0.01 dp_avg_eps8_K20 s=44 K=300
[sweep] ok   dp_avg_eps8_K20 acc=0.3962 mean_teacher=0.1353 wall=48.7s err=None
[sweep] start mlp_mnist N=20 a=0.05 labelled_probe_warmup s=43 K=300
[sweep] ok   labelled_probe_warmup acc=0.6931 mean_teacher=0.2643 wall=51.0s err=None
[sweep] start mlp_mnist N=20 a=0.05 dp_avg_eps8_K20 s=42 K=300
[sweep] ok   dp_avg_eps8_K20 acc=0.2865 mean_teacher=0.2578 wall=52.9s err=None
[sweep] start mlp_mnist N=20 a=0.1 warmup_only_labelled s=44 K=300
[sweep] ok   warmup_only_labelled acc=0.2927 mean_teacher=0.3700 wall=34.1s err=None
[sweep] start mlp_mnist N=20 a=0.1 dp_avg_eps2_K20 s=43 K=300
[sweep] ok   dp_avg_eps2_K20 acc=0.5299 mean_teacher=0.3870 wall=43.5s err=None
[sweep] start mlp_mnist N=20 a=0.3 warmup_only_labelled s=42 K=300
[sweep] ok   warmup_only_labelled acc=0.4358 mean_teacher=0.6595 wall=31.3s err=None
[sweep] start mlp_mnist N=20 a=0.3 raw_union_K20 s=44 K=300
[sweep] ok   raw_union_K20 acc=0.9229 mean_teacher=0.6077 wall=54.5s err=None
[sweep] start mlp_mnist N=20 a=1.0 no_phase0 s=43 K=300
[sweep] ok   no_phase0 acc=0.8680 mean_teacher=0.8426 wall=51.1s err=None
[sweep] start mlp_mnist N=20 a=1.0 raw_union_K20 s=42 K=300
[sweep] ok   raw_union_K20 acc=0.9535 mean_teacher=0.8596 wall=46.0s err=None
[sweep] start mlp_mnist N=20 a=1.0 dp_avg_eps8_K20 s=44 K=300
[sweep] ok   dp_avg_eps8_K20 acc=0.8696 mean_teacher=0.8393 wall=50.8s err=None
[sweep] start mlp_mnist N=50 a=0.01 labelled_probe_warmup s=43 K=300
[sweep] ok   labelled_probe_warmup acc=0.4386 mean_teacher=0.1321 wall=65.3s err=None
[sweep] start mlp_mnist N=50 a=0.01 dp_avg_eps8_K20 s=42 K=300
[sweep] ok   dp_avg_eps8_K20 acc=0.4892 mean_teacher=0.1094 wall=68.4s err=None
[sweep] start mlp_mnist N=50 a=0.05 warmup_only_labelled s=44 K=300
[sweep] ok   warmup_only_labelled acc=0.2927 mean_teacher=0.2005 wall=33.4s err=None
[sweep] start mlp_mnist N=50 a=0.05 dp_avg_eps2_K20 s=43 K=300
[sweep] ok   dp_avg_eps2_K20 acc=0.5395 mean_teacher=0.2106 wall=70.8s err=None
[sweep] start mlp_mnist N=50 a=0.1 warmup_only_labelled s=42 K=300
[sweep] ok   warmup_only_labelled acc=0.4358 mean_teacher=0.3210 wall=32.7s err=None
[sweep] start mlp_mnist N=50 a=0.1 raw_union_K20 s=44 K=300
[sweep] ok   raw_union_K20 acc=0.9359 mean_teacher=0.3003 wall=82.4s err=None
[sweep] start mlp_mnist N=50 a=0.3 no_phase0 s=43 K=300
[sweep] ok   no_phase0 acc=0.7492 mean_teacher=0.5160 wall=80.8s err=None
[sweep] start mlp_mnist N=50 a=0.3 raw_union_K20 s=42 K=300
[sweep] ok   raw_union_K20 acc=0.9555 mean_teacher=0.5626 wall=75.3s err=None
[sweep] start mlp_mnist N=50 a=0.3 dp_avg_eps8_K20 s=44 K=300
[sweep] ok   dp_avg_eps8_K20 acc=0.7670 mean_teacher=0.5418 wall=84.2s err=None
[sweep] start mlp_mnist N=50 a=1.0 labelled_probe_warmup s=43 K=300
[sweep] ok   labelled_probe_warmup acc=0.8673 mean_teacher=0.7699 wall=76.9s err=None
[sweep] start mlp_mnist N=50 a=1.0 dp_avg_eps8_K20 s=42 K=300
[sweep] ok   dp_avg_eps8_K20 acc=0.8728 mean_teacher=0.7642 wall=81.0s err=None
[sweep] done. ran=45 skipped=0 failed=0. report at /scratch/hkanpak21/HE_IFD/results/heifd_mlp_mnist_headline/README.md
