[fs] job 1112402 task 2/8 on ai05.kuvalar.ku.edu.tr
[sweep] grid=360 cells; chunk 2/8 -> 45 cells; case=heifd_mlp_mnist_headline
[sweep] start mlp_mnist N=5 a=0.01 no_phase0 s=44 K=300
[sweep] ok   no_phase0 acc=0.5709 mean_teacher=0.2182 wall=39.9s err=None
[sweep] start mlp_mnist N=5 a=0.01 raw_union_K20 s=43 K=300
[sweep] ok   raw_union_K20 acc=0.6359 mean_teacher=0.2173 wall=32.5s err=None
[sweep] start mlp_mnist N=5 a=0.05 no_phase0 s=42 K=300
[sweep] ok   no_phase0 acc=0.2272 mean_teacher=0.3903 wall=32.7s err=None
[sweep] start mlp_mnist N=5 a=0.05 labelled_probe_warmup s=44 K=300
[sweep] ok   labelled_probe_warmup acc=0.5213 mean_teacher=0.3521 wall=34.7s err=None
[sweep] start mlp_mnist N=5 a=0.05 dp_avg_eps8_K20 s=43 K=300
[sweep] ok   dp_avg_eps8_K20 acc=0.5747 mean_teacher=0.2590 wall=35.0s err=None
[sweep] start mlp_mnist N=5 a=0.1 labelled_probe_warmup s=42 K=300
[sweep] ok   labelled_probe_warmup acc=0.6449 mean_teacher=0.4797 wall=35.0s err=None
[sweep] start mlp_mnist N=5 a=0.1 dp_avg_eps2_K20 s=44 K=300
[sweep] ok   dp_avg_eps2_K20 acc=0.5545 mean_teacher=0.4397 wall=35.0s err=None
[sweep] start mlp_mnist N=5 a=0.3 warmup_only_labelled s=43 K=300
[sweep] ok   warmup_only_labelled acc=0.5519 mean_teacher=0.7896 wall=28.2s err=None
[sweep] start mlp_mnist N=5 a=0.3 dp_avg_eps2_K20 s=42 K=300
[sweep] ok   dp_avg_eps2_K20 acc=0.6838 mean_teacher=0.7179 wall=33.3s err=None
[sweep] start mlp_mnist N=5 a=1.0 no_phase0 s=44 K=300
[sweep] ok   no_phase0 acc=0.8410 mean_teacher=0.8957 wall=32.5s err=None
[sweep] start mlp_mnist N=5 a=1.0 raw_union_K20 s=43 K=300
[sweep] ok   raw_union_K20 acc=0.9208 mean_teacher=0.8800 wall=33.5s err=None
[sweep] start mlp_mnist N=10 a=0.01 no_phase0 s=42 K=300
[sweep] ok   no_phase0 acc=0.4298 mean_teacher=0.1824 wall=38.1s err=None
[sweep] start mlp_mnist N=10 a=0.01 labelled_probe_warmup s=44 K=300
[sweep] ok   labelled_probe_warmup acc=0.4523 mean_teacher=0.1597 wall=39.7s err=None
[sweep] start mlp_mnist N=10 a=0.01 dp_avg_eps8_K20 s=43 K=300
[sweep] ok   dp_avg_eps8_K20 acc=0.4124 mean_teacher=0.1835 wall=45.5s err=None
[sweep] start mlp_mnist N=10 a=0.05 labelled_probe_warmup s=42 K=300
[sweep] ok   labelled_probe_warmup acc=0.5361 mean_teacher=0.3337 wall=39.6s err=None
[sweep] start mlp_mnist N=10 a=0.05 dp_avg_eps2_K20 s=44 K=300
[sweep] ok   dp_avg_eps2_K20 acc=0.4874 mean_teacher=0.3385 wall=36.0s err=None
[sweep] start mlp_mnist N=10 a=0.1 warmup_only_labelled s=43 K=300
[sweep] ok   warmup_only_labelled acc=0.5519 mean_teacher=0.3316 wall=32.0s err=None
[sweep] start mlp_mnist N=10 a=0.1 dp_avg_eps2_K20 s=42 K=300
[sweep] ok   dp_avg_eps2_K20 acc=0.6204 mean_teacher=0.4275 wall=43.1s err=None
[sweep] start mlp_mnist N=10 a=0.3 no_phase0 s=44 K=300
[sweep] ok   no_phase0 acc=0.7400 mean_teacher=0.7126 wall=43.5s err=None
[sweep] start mlp_mnist N=10 a=0.3 raw_union_K20 s=43 K=300
[sweep] ok   raw_union_K20 acc=0.9243 mean_teacher=0.7185 wall=31.5s err=None
[sweep] start mlp_mnist N=10 a=1.0 no_phase0 s=42 K=300
[sweep] ok   no_phase0 acc=0.8635 mean_teacher=0.8937 wall=39.1s err=None
[sweep] start mlp_mnist N=10 a=1.0 labelled_probe_warmup s=44 K=300
[sweep] ok   labelled_probe_warmup acc=0.8551 mean_teacher=0.8992 wall=38.9s err=None
[sweep] start mlp_mnist N=10 a=1.0 dp_avg_eps8_K20 s=43 K=300
[sweep] ok   dp_avg_eps8_K20 acc=0.8813 mean_teacher=0.8886 wall=39.4s err=None
[sweep] start mlp_mnist N=20 a=0.01 labelled_probe_warmup s=42 K=300
[sweep] ok   labelled_probe_warmup acc=0.5569 mean_teacher=0.1529 wall=47.5s err=None
[sweep] start mlp_mnist N=20 a=0.01 dp_avg_eps2_K20 s=44 K=300
[sweep] ok   dp_avg_eps2_K20 acc=0.4455 mean_teacher=0.1353 wall=46.8s err=None
[sweep] start mlp_mnist N=20 a=0.05 warmup_only_labelled s=43 K=300
[sweep] ok   warmup_only_labelled acc=0.5519 mean_teacher=0.2643 wall=30.3s err=None
[sweep] start mlp_mnist N=20 a=0.05 dp_avg_eps2_K20 s=42 K=300
[sweep] ok   dp_avg_eps2_K20 acc=0.3106 mean_teacher=0.2578 wall=42.5s err=None
[sweep] start mlp_mnist N=20 a=0.1 no_phase0 s=44 K=300
[sweep] ok   no_phase0 acc=0.6371 mean_teacher=0.3700 wall=48.8s err=None
[sweep] start mlp_mnist N=20 a=0.1 raw_union_K20 s=43 K=300
[sweep] ok   raw_union_K20 acc=0.9189 mean_teacher=0.3870 wall=50.5s err=None
[sweep] start mlp_mnist N=20 a=0.3 no_phase0 s=42 K=300
[sweep] ok   no_phase0 acc=0.7491 mean_teacher=0.6595 wall=50.4s err=None
[sweep] start mlp_mnist N=20 a=0.3 labelled_probe_warmup s=44 K=300
[sweep] ok   labelled_probe_warmup acc=0.7571 mean_teacher=0.6077 wall=50.6s err=None
[sweep] start mlp_mnist N=20 a=0.3 dp_avg_eps8_K20 s=43 K=300
[sweep] ok   dp_avg_eps8_K20 acc=0.7664 mean_teacher=0.6115 wall=51.4s err=None
[sweep] start mlp_mnist N=20 a=1.0 labelled_probe_warmup s=42 K=300
[sweep] ok   labelled_probe_warmup acc=0.8942 mean_teacher=0.8596 wall=41.2s err=None
[sweep] start mlp_mnist N=20 a=1.0 dp_avg_eps2_K20 s=44 K=300
[sweep] ok   dp_avg_eps2_K20 acc=0.8691 mean_teacher=0.8393 wall=49.1s err=None
[sweep] start mlp_mnist N=50 a=0.01 warmup_only_labelled s=43 K=300
[sweep] ok   warmup_only_labelled acc=0.5519 mean_teacher=0.1321 wall=29.6s err=None
[sweep] start mlp_mnist N=50 a=0.01 dp_avg_eps2_K20 s=42 K=300
[sweep] ok   dp_avg_eps2_K20 acc=0.2212 mean_teacher=0.1094 wall=67.4s err=None
[sweep] start mlp_mnist N=50 a=0.05 no_phase0 s=44 K=300
[sweep] ok   no_phase0 acc=0.3683 mean_teacher=0.2005 wall=73.2s err=None
[sweep] start mlp_mnist N=50 a=0.05 raw_union_K20 s=43 K=300
[sweep] ok   raw_union_K20 acc=0.9164 mean_teacher=0.2106 wall=83.2s err=None
[sweep] start mlp_mnist N=50 a=0.1 no_phase0 s=42 K=300
[sweep] ok   no_phase0 acc=0.5072 mean_teacher=0.3210 wall=85.2s err=None
[sweep] start mlp_mnist N=50 a=0.1 labelled_probe_warmup s=44 K=300
[sweep] ok   labelled_probe_warmup acc=0.6791 mean_teacher=0.3003 wall=77.7s err=None
[sweep] start mlp_mnist N=50 a=0.1 dp_avg_eps8_K20 s=43 K=300
[sweep] ok   dp_avg_eps8_K20 acc=0.7771 mean_teacher=0.3236 wall=85.4s err=None
[sweep] start mlp_mnist N=50 a=0.3 labelled_probe_warmup s=42 K=300
[sweep] ok   labelled_probe_warmup acc=0.8378 mean_teacher=0.5626 wall=87.1s err=None
[sweep] start mlp_mnist N=50 a=0.3 dp_avg_eps2_K20 s=44 K=300
[sweep] ok   dp_avg_eps2_K20 acc=0.7833 mean_teacher=0.5418 wall=80.1s err=None
[sweep] start mlp_mnist N=50 a=1.0 warmup_only_labelled s=43 K=300
[sweep] ok   warmup_only_labelled acc=0.5519 mean_teacher=0.7699 wall=30.7s err=None
[sweep] start mlp_mnist N=50 a=1.0 dp_avg_eps2_K20 s=42 K=300
[sweep] ok   dp_avg_eps2_K20 acc=0.8789 mean_teacher=0.7642 wall=85.2s err=None
[sweep] done. ran=45 skipped=0 failed=0. report at /scratch/hkanpak21/HE_IFD/results/heifd_mlp_mnist_headline/README.md
