[fs] job 1112402 task 0/8 on ai06.kuvalar.ku.edu.tr
[sweep] grid=360 cells; chunk 0/8 -> 45 cells; case=heifd_mlp_mnist_headline
[sweep] start mlp_mnist N=5 a=0.01 no_phase0 s=42 K=300
[sweep] ok   no_phase0 acc=0.3254 mean_teacher=0.2389 wall=37.9s err=None
[sweep] start mlp_mnist N=5 a=0.01 labelled_probe_warmup s=44 K=300
[sweep] ok   labelled_probe_warmup acc=0.5836 mean_teacher=0.2182 wall=32.3s err=None
[sweep] start mlp_mnist N=5 a=0.01 dp_avg_eps8_K20 s=43 K=300
[sweep] ok   dp_avg_eps8_K20 acc=0.5784 mean_teacher=0.2173 wall=38.0s err=None
[sweep] start mlp_mnist N=5 a=0.05 labelled_probe_warmup s=42 K=300
[sweep] ok   labelled_probe_warmup acc=0.4520 mean_teacher=0.3903 wall=36.0s err=None
[sweep] start mlp_mnist N=5 a=0.05 dp_avg_eps2_K20 s=44 K=300
[sweep] ok   dp_avg_eps2_K20 acc=0.4391 mean_teacher=0.3521 wall=39.5s err=None
[sweep] start mlp_mnist N=5 a=0.1 warmup_only_labelled s=43 K=300
[sweep] ok   warmup_only_labelled acc=0.5519 mean_teacher=0.4995 wall=33.5s err=None
[sweep] start mlp_mnist N=5 a=0.1 dp_avg_eps2_K20 s=42 K=300
[sweep] ok   dp_avg_eps2_K20 acc=0.5506 mean_teacher=0.4797 wall=39.5s err=None
[sweep] start mlp_mnist N=5 a=0.3 no_phase0 s=44 K=300
[sweep] ok   no_phase0 acc=0.5085 mean_teacher=0.7479 wall=47.7s err=None
[sweep] start mlp_mnist N=5 a=0.3 raw_union_K20 s=43 K=300
[sweep] ok   raw_union_K20 acc=0.9046 mean_teacher=0.7896 wall=45.9s err=None
[sweep] start mlp_mnist N=5 a=1.0 no_phase0 s=42 K=300
[sweep] ok   no_phase0 acc=0.8473 mean_teacher=0.9251 wall=43.5s err=None
[sweep] start mlp_mnist N=5 a=1.0 labelled_probe_warmup s=44 K=300
[sweep] ok   labelled_probe_warmup acc=0.8723 mean_teacher=0.8957 wall=33.6s err=None
[sweep] start mlp_mnist N=5 a=1.0 dp_avg_eps8_K20 s=43 K=300
[sweep] ok   dp_avg_eps8_K20 acc=0.8583 mean_teacher=0.8800 wall=44.6s err=None
[sweep] start mlp_mnist N=10 a=0.01 labelled_probe_warmup s=42 K=300
[sweep] ok   labelled_probe_warmup acc=0.4646 mean_teacher=0.1824 wall=48.6s err=None
[sweep] start mlp_mnist N=10 a=0.01 dp_avg_eps2_K20 s=44 K=300
[sweep] ok   dp_avg_eps2_K20 acc=0.3554 mean_teacher=0.1597 wall=53.0s err=None
[sweep] start mlp_mnist N=10 a=0.05 warmup_only_labelled s=43 K=300
[sweep] ok   warmup_only_labelled acc=0.5519 mean_teacher=0.3327 wall=38.3s err=None
[sweep] start mlp_mnist N=10 a=0.05 dp_avg_eps2_K20 s=42 K=300
[sweep] ok   dp_avg_eps2_K20 acc=0.5172 mean_teacher=0.3337 wall=51.3s err=None
[sweep] start mlp_mnist N=10 a=0.1 no_phase0 s=44 K=300
[sweep] ok   no_phase0 acc=0.5884 mean_teacher=0.4191 wall=43.7s err=None
[sweep] start mlp_mnist N=10 a=0.1 raw_union_K20 s=43 K=300
[sweep] ok   raw_union_K20 acc=0.8373 mean_teacher=0.3316 wall=49.5s err=None
[sweep] start mlp_mnist N=10 a=0.3 no_phase0 s=42 K=300
[sweep] ok   no_phase0 acc=0.7286 mean_teacher=0.6727 wall=45.1s err=None
[sweep] start mlp_mnist N=10 a=0.3 labelled_probe_warmup s=44 K=300
[sweep] ok   labelled_probe_warmup acc=0.8063 mean_teacher=0.7126 wall=50.8s err=None
[sweep] start mlp_mnist N=10 a=0.3 dp_avg_eps8_K20 s=43 K=300
[sweep] ok   dp_avg_eps8_K20 acc=0.7600 mean_teacher=0.7185 wall=49.4s err=None
[sweep] start mlp_mnist N=10 a=1.0 labelled_probe_warmup s=42 K=300
[sweep] ok   labelled_probe_warmup acc=0.8879 mean_teacher=0.8937 wall=51.6s err=None
[sweep] start mlp_mnist N=10 a=1.0 dp_avg_eps2_K20 s=44 K=300
[sweep] ok   dp_avg_eps2_K20 acc=0.8230 mean_teacher=0.8992 wall=42.6s err=None
[sweep] start mlp_mnist N=20 a=0.01 warmup_only_labelled s=43 K=300
[sweep] ok   warmup_only_labelled acc=0.5519 mean_teacher=0.1329 wall=34.7s err=None
[sweep] start mlp_mnist N=20 a=0.01 dp_avg_eps2_K20 s=42 K=300
[sweep] ok   dp_avg_eps2_K20 acc=0.4065 mean_teacher=0.1529 wall=55.9s err=None
[sweep] start mlp_mnist N=20 a=0.05 no_phase0 s=44 K=300
[sweep] ok   no_phase0 acc=0.4319 mean_teacher=0.2730 wall=58.0s err=None
[sweep] start mlp_mnist N=20 a=0.05 raw_union_K20 s=43 K=300
[sweep] ok   raw_union_K20 acc=0.9098 mean_teacher=0.2643 wall=61.9s err=None
[sweep] start mlp_mnist N=20 a=0.1 no_phase0 s=42 K=300
[sweep] ok   no_phase0 acc=0.4830 mean_teacher=0.3979 wall=62.9s err=None
[sweep] start mlp_mnist N=20 a=0.1 labelled_probe_warmup s=44 K=300
[sweep] ok   labelled_probe_warmup acc=0.6913 mean_teacher=0.3700 wall=39.8s err=None
[sweep] start mlp_mnist N=20 a=0.1 dp_avg_eps8_K20 s=43 K=300
[sweep] ok   dp_avg_eps8_K20 acc=0.5187 mean_teacher=0.3870 wall=57.6s err=None
[sweep] start mlp_mnist N=20 a=0.3 labelled_probe_warmup s=42 K=300
[sweep] ok   labelled_probe_warmup acc=0.7953 mean_teacher=0.6595 wall=59.8s err=None
[sweep] start mlp_mnist N=20 a=0.3 dp_avg_eps2_K20 s=44 K=300
[sweep] ok   dp_avg_eps2_K20 acc=0.7132 mean_teacher=0.6077 wall=62.1s err=None
[sweep] start mlp_mnist N=20 a=1.0 warmup_only_labelled s=43 K=300
[sweep] ok   warmup_only_labelled acc=0.5519 mean_teacher=0.8426 wall=35.8s err=None
[sweep] start mlp_mnist N=20 a=1.0 dp_avg_eps2_K20 s=42 K=300
[sweep] ok   dp_avg_eps2_K20 acc=0.8885 mean_teacher=0.8596 wall=63.0s err=None
[sweep] start mlp_mnist N=50 a=0.01 no_phase0 s=44 K=300
[sweep] ok   no_phase0 acc=0.1198 mean_teacher=0.1177 wall=64.9s err=None
[sweep] start mlp_mnist N=50 a=0.01 raw_union_K20 s=43 K=300
[sweep] ok   raw_union_K20 acc=0.8863 mean_teacher=0.1321 wall=63.4s err=None
[sweep] start mlp_mnist N=50 a=0.05 no_phase0 s=42 K=300
[sweep] ok   no_phase0 acc=0.2895 mean_teacher=0.2029 wall=96.5s err=None
[sweep] start mlp_mnist N=50 a=0.05 labelled_probe_warmup s=44 K=300
[sweep] ok   labelled_probe_warmup acc=0.5326 mean_teacher=0.2005 wall=89.6s err=None
[sweep] start mlp_mnist N=50 a=0.05 dp_avg_eps8_K20 s=43 K=300
[sweep] ok   dp_avg_eps8_K20 acc=0.5076 mean_teacher=0.2106 wall=82.4s err=None
[sweep] start mlp_mnist N=50 a=0.1 labelled_probe_warmup s=42 K=300
[sweep] ok   labelled_probe_warmup acc=0.7241 mean_teacher=0.3210 wall=94.0s err=None
[sweep] start mlp_mnist N=50 a=0.1 dp_avg_eps2_K20 s=44 K=300
[sweep] ok   dp_avg_eps2_K20 acc=0.5803 mean_teacher=0.3003 wall=93.1s err=None
[sweep] start mlp_mnist N=50 a=0.3 warmup_only_labelled s=43 K=300
[sweep] ok   warmup_only_labelled acc=0.5519 mean_teacher=0.5160 wall=36.4s err=None
[sweep] start mlp_mnist N=50 a=0.3 dp_avg_eps2_K20 s=42 K=300
[sweep] ok   dp_avg_eps2_K20 acc=0.8278 mean_teacher=0.5626 wall=77.1s err=None
[sweep] start mlp_mnist N=50 a=1.0 no_phase0 s=44 K=300
[sweep] ok   no_phase0 acc=0.8433 mean_teacher=0.7627 wall=91.4s err=None
[sweep] start mlp_mnist N=50 a=1.0 raw_union_K20 s=43 K=300
[sweep] ok   raw_union_K20 acc=0.9516 mean_teacher=0.7699 wall=91.1s err=None
[sweep] done. ran=45 skipped=0 failed=0. report at /scratch/hkanpak21/HE_IFD/results/heifd_mlp_mnist_headline/README.md
