[015 lenet] job 1117008 task 1/4 on ai05.kuvalar.ku.edu.tr
[sweep] grid=81 cells; chunk 1/4 -> 20 cells; case=heifd_015_dp_frontier_lenet
[sweep] start lenet_fmnist N=10 a=0.05 dp_avg_eps0.5_K20 s=43 K=300 tau=4.0 lr=0.01 scope=head_only
[sweep] ok   dp_avg_eps0.5_K20 acc=0.2250 mean_teacher=0.2525 wall=35.4s err=None
[sweep] start lenet_fmnist N=10 a=0.05 dp_avg_eps2_K20 s=44 K=300 tau=4.0 lr=0.01 scope=head_only
[sweep] ok   dp_avg_eps2_K20 acc=0.2826 mean_teacher=0.2646 wall=28.0s err=None
[sweep] start lenet_fmnist N=10 a=0.05 dp_avg_eps32_K20 s=42 K=300 tau=4.0 lr=0.01 scope=head_only
[sweep] ok   dp_avg_eps32_K20 acc=0.4296 mean_teacher=0.2963 wall=28.0s err=None
[sweep] start lenet_fmnist N=10 a=0.05 dp_avg_epsinf_K20 s=43 K=300 tau=4.0 lr=0.01 scope=head_only
[sweep] ok   dp_avg_epsinf_K20 acc=0.2678 mean_teacher=0.2523 wall=28.1s err=None
[sweep] start lenet_fmnist N=10 a=0.05 dp_avg_eps2_K1 s=44 K=300 tau=4.0 lr=0.01 scope=head_only
[sweep] ok   dp_avg_eps2_K1 acc=0.1003 mean_teacher=0.2730 wall=28.1s err=None
[sweep] start lenet_fmnist N=10 a=0.05 dp_avg_eps8_K1 s=42 K=300 tau=4.0 lr=0.01 scope=head_only
[sweep] ok   dp_avg_eps8_K1 acc=0.3909 mean_teacher=0.2967 wall=28.1s err=None
[sweep] start lenet_fmnist N=10 a=0.05 dp_avg_eps8_K5 s=43 K=300 tau=4.0 lr=0.01 scope=head_only
[sweep] ok   dp_avg_eps8_K5 acc=0.3040 mean_teacher=0.2510 wall=28.3s err=None
[sweep] start lenet_fmnist N=10 a=0.3 dp_avg_eps0.5_K20 s=44 K=300 tau=4.0 lr=0.01 scope=head_only
[sweep] ok   dp_avg_eps0.5_K20 acc=0.4281 mean_teacher=0.5675 wall=28.1s err=None
[sweep] start lenet_fmnist N=10 a=0.3 dp_avg_eps8_K20 s=42 K=300 tau=4.0 lr=0.01 scope=head_only
[sweep] ok   dp_avg_eps8_K20 acc=0.5505 mean_teacher=0.6009 wall=27.9s err=None
[sweep] start lenet_fmnist N=10 a=0.3 dp_avg_eps32_K20 s=43 K=300 tau=4.0 lr=0.01 scope=head_only
[sweep] ok   dp_avg_eps32_K20 acc=0.5335 mean_teacher=0.5119 wall=28.0s err=None
[sweep] start lenet_fmnist N=10 a=0.3 dp_avg_epsinf_K20 s=44 K=300 tau=4.0 lr=0.01 scope=head_only
[sweep] ok   dp_avg_epsinf_K20 acc=0.3730 mean_teacher=0.5718 wall=27.9s err=None
[sweep] start lenet_fmnist N=10 a=0.3 dp_avg_eps2_K5 s=42 K=300 tau=4.0 lr=0.01 scope=head_only
[sweep] ok   dp_avg_eps2_K5 acc=0.5976 mean_teacher=0.5974 wall=27.8s err=None
[sweep] start lenet_fmnist N=10 a=0.3 dp_avg_eps8_K1 s=43 K=300 tau=4.0 lr=0.01 scope=head_only
[sweep] ok   dp_avg_eps8_K1 acc=0.5394 mean_teacher=0.5099 wall=27.9s err=None
[sweep] start lenet_fmnist N=10 a=0.3 dp_avg_eps8_K5 s=44 K=300 tau=4.0 lr=0.01 scope=head_only
[sweep] ok   dp_avg_eps8_K5 acc=0.3992 mean_teacher=0.5685 wall=28.0s err=None
[sweep] start lenet_fmnist N=10 a=1.0 dp_avg_eps2_K20 s=42 K=300 tau=4.0 lr=0.01 scope=head_only
[sweep] ok   dp_avg_eps2_K20 acc=0.6710 mean_teacher=0.7690 wall=27.8s err=None
[sweep] start lenet_fmnist N=10 a=1.0 dp_avg_eps8_K20 s=43 K=300 tau=4.0 lr=0.01 scope=head_only
[sweep] ok   dp_avg_eps8_K20 acc=0.6260 mean_teacher=0.7585 wall=27.7s err=None
[sweep] start lenet_fmnist N=10 a=1.0 dp_avg_eps32_K20 s=44 K=300 tau=4.0 lr=0.01 scope=head_only
[sweep] ok   dp_avg_eps32_K20 acc=0.6174 mean_teacher=0.7695 wall=27.7s err=None
[sweep] start lenet_fmnist N=10 a=1.0 dp_avg_eps2_K1 s=42 K=300 tau=4.0 lr=0.01 scope=head_only
[sweep] ok   dp_avg_eps2_K1 acc=0.6467 mean_teacher=0.7610 wall=28.0s err=None
[sweep] start lenet_fmnist N=10 a=1.0 dp_avg_eps2_K5 s=43 K=300 tau=4.0 lr=0.01 scope=head_only
[sweep] ok   dp_avg_eps2_K5 acc=0.6132 mean_teacher=0.7586 wall=28.1s err=None
[sweep] start lenet_fmnist N=10 a=1.0 dp_avg_eps8_K1 s=44 K=300 tau=4.0 lr=0.01 scope=head_only
[sweep] ok   dp_avg_eps8_K1 acc=0.6751 mean_teacher=0.7486 wall=28.2s err=None
[sweep] done. ran=20 skipped=0 failed=0. report at /scratch/hkanpak21/HE_IFD/results/heifd_015_dp_frontier_lenet/README.md
