[pt] job 1112414 backbone=resnet18_cifar10 on ai05.kuvalar.ku.edu.tr
[sweep] grid=360 cells; chunk 0/1 -> 360 cells; case=heifd_pretrained_headline
[sweep] start resnet18_cifar10 N=5 a=0.01 no_phase0 s=42 K=300
[sweep] ok   no_phase0 acc=0.1879 mean_teacher=0.2194 wall=90.7s err=None
[sweep] start resnet18_cifar10 N=5 a=0.01 no_phase0 s=43 K=300
[sweep] ok   no_phase0 acc=0.3050 mean_teacher=0.2877 wall=7.8s err=None
[sweep] start resnet18_cifar10 N=5 a=0.01 no_phase0 s=44 K=300
[sweep] ok   no_phase0 acc=0.1996 mean_teacher=0.2653 wall=7.8s err=None
[sweep] start resnet18_cifar10 N=5 a=0.01 warmup_only_labelled s=42 K=300
[sweep] ok   warmup_only_labelled acc=0.3086 mean_teacher=0.2194 wall=4.7s err=None
[sweep] start resnet18_cifar10 N=5 a=0.01 warmup_only_labelled s=43 K=300
[sweep] ok   warmup_only_labelled acc=0.3545 mean_teacher=0.2877 wall=4.6s err=None
[sweep] start resnet18_cifar10 N=5 a=0.01 warmup_only_labelled s=44 K=300
[sweep] ok   warmup_only_labelled acc=0.3657 mean_teacher=0.2653 wall=4.6s err=None
[sweep] start resnet18_cifar10 N=5 a=0.01 labelled_probe_warmup s=42 K=300
[sweep] ok   labelled_probe_warmup acc=0.2265 mean_teacher=0.2194 wall=7.4s err=None
[sweep] start resnet18_cifar10 N=5 a=0.01 labelled_probe_warmup s=43 K=300
[sweep] ok   labelled_probe_warmup acc=0.3340 mean_teacher=0.2877 wall=7.6s err=None
[sweep] start resnet18_cifar10 N=5 a=0.01 labelled_probe_warmup s=44 K=300
[sweep] ok   labelled_probe_warmup acc=0.2323 mean_teacher=0.2653 wall=7.5s err=None
[sweep] start resnet18_cifar10 N=5 a=0.01 raw_union_K20 s=42 K=300
[sweep] ok   raw_union_K20 acc=0.2805 mean_teacher=0.2194 wall=7.8s err=None
[sweep] start resnet18_cifar10 N=5 a=0.01 raw_union_K20 s=43 K=300
[sweep] ok   raw_union_K20 acc=0.4554 mean_teacher=0.2877 wall=8.0s err=None
[sweep] start resnet18_cifar10 N=5 a=0.01 raw_union_K20 s=44 K=300
[sweep] ok   raw_union_K20 acc=0.3258 mean_teacher=0.2653 wall=7.9s err=None
[sweep] start resnet18_cifar10 N=5 a=0.01 dp_avg_eps2_K20 s=42 K=300
[sweep] ok   dp_avg_eps2_K20 acc=0.1777 mean_teacher=0.2194 wall=8.0s err=None
[sweep] start resnet18_cifar10 N=5 a=0.01 dp_avg_eps2_K20 s=43 K=300
[sweep] ok   dp_avg_eps2_K20 acc=0.3110 mean_teacher=0.2877 wall=7.7s err=None
[sweep] start resnet18_cifar10 N=5 a=0.01 dp_avg_eps2_K20 s=44 K=300
[sweep] ok   dp_avg_eps2_K20 acc=0.2104 mean_teacher=0.2653 wall=7.8s err=None
[sweep] start resnet18_cifar10 N=5 a=0.01 dp_avg_eps8_K20 s=42 K=300
[sweep] ok   dp_avg_eps8_K20 acc=0.2195 mean_teacher=0.2194 wall=7.7s err=None
[sweep] start resnet18_cifar10 N=5 a=0.01 dp_avg_eps8_K20 s=43 K=300
[sweep] ok   dp_avg_eps8_K20 acc=0.3267 mean_teacher=0.2877 wall=7.8s err=None
[sweep] start resnet18_cifar10 N=5 a=0.01 dp_avg_eps8_K20 s=44 K=300
[sweep] ok   dp_avg_eps8_K20 acc=0.2217 mean_teacher=0.2653 wall=7.8s err=None
[sweep] start resnet18_cifar10 N=5 a=0.05 no_phase0 s=42 K=300
[sweep] ok   no_phase0 acc=0.2495 mean_teacher=0.3512 wall=7.5s err=None
[sweep] start resnet18_cifar10 N=5 a=0.05 no_phase0 s=43 K=300
[sweep] ok   no_phase0 acc=0.2644 mean_teacher=0.3307 wall=6.8s err=None
[sweep] start resnet18_cifar10 N=5 a=0.05 no_phase0 s=44 K=300
[sweep] ok   no_phase0 acc=0.3105 mean_teacher=0.3629 wall=4.1s err=None
[sweep] start resnet18_cifar10 N=5 a=0.05 warmup_only_labelled s=42 K=300
[sweep] ok   warmup_only_labelled acc=0.3086 mean_teacher=0.3512 wall=4.7s err=None
[sweep] start resnet18_cifar10 N=5 a=0.05 warmup_only_labelled s=43 K=300
[sweep] ok   warmup_only_labelled acc=0.3545 mean_teacher=0.3307 wall=4.4s err=None
[sweep] start resnet18_cifar10 N=5 a=0.05 warmup_only_labelled s=44 K=300
[sweep] ok   warmup_only_labelled acc=0.3657 mean_teacher=0.3629 wall=4.6s err=None
[sweep] start resnet18_cifar10 N=5 a=0.05 labelled_probe_warmup s=42 K=300
[sweep] ok   labelled_probe_warmup acc=0.2741 mean_teacher=0.3512 wall=7.5s err=None
[sweep] start resnet18_cifar10 N=5 a=0.05 labelled_probe_warmup s=43 K=300
[sweep] ok   labelled_probe_warmup acc=0.2891 mean_teacher=0.3307 wall=7.5s err=None
[sweep] start resnet18_cifar10 N=5 a=0.05 labelled_probe_warmup s=44 K=300
[sweep] ok   labelled_probe_warmup acc=0.3373 mean_teacher=0.3629 wall=7.5s err=None
[sweep] start resnet18_cifar10 N=5 a=0.05 raw_union_K20 s=42 K=300
[sweep] ok   raw_union_K20 acc=0.4214 mean_teacher=0.3512 wall=7.8s err=None
[sweep] start resnet18_cifar10 N=5 a=0.05 raw_union_K20 s=43 K=300
[sweep] ok   raw_union_K20 acc=0.4533 mean_teacher=0.3307 wall=7.8s err=None
[sweep] start resnet18_cifar10 N=5 a=0.05 raw_union_K20 s=44 K=300
[sweep] ok   raw_union_K20 acc=0.4555 mean_teacher=0.3629 wall=7.9s err=None
[sweep] start resnet18_cifar10 N=5 a=0.05 dp_avg_eps2_K20 s=42 K=300
[sweep] ok   dp_avg_eps2_K20 acc=0.2662 mean_teacher=0.3512 wall=7.7s err=None
[sweep] start resnet18_cifar10 N=5 a=0.05 dp_avg_eps2_K20 s=43 K=300
[sweep] ok   dp_avg_eps2_K20 acc=0.2740 mean_teacher=0.3307 wall=7.9s err=None
[sweep] start resnet18_cifar10 N=5 a=0.05 dp_avg_eps2_K20 s=44 K=300
[sweep] ok   dp_avg_eps2_K20 acc=0.3196 mean_teacher=0.3629 wall=7.8s err=None
[sweep] start resnet18_cifar10 N=5 a=0.05 dp_avg_eps8_K20 s=42 K=300
[sweep] ok   dp_avg_eps8_K20 acc=0.2740 mean_teacher=0.3512 wall=7.8s err=None
[sweep] start resnet18_cifar10 N=5 a=0.05 dp_avg_eps8_K20 s=43 K=300
[sweep] ok   dp_avg_eps8_K20 acc=0.2879 mean_teacher=0.3307 wall=7.8s err=None
[sweep] start resnet18_cifar10 N=5 a=0.05 dp_avg_eps8_K20 s=44 K=300
[sweep] ok   dp_avg_eps8_K20 acc=0.3289 mean_teacher=0.3629 wall=7.7s err=None
[sweep] start resnet18_cifar10 N=5 a=0.1 no_phase0 s=42 K=300
[sweep] ok   no_phase0 acc=0.3933 mean_teacher=0.3546 wall=7.9s err=None
[sweep] start resnet18_cifar10 N=5 a=0.1 no_phase0 s=43 K=300
[sweep] ok   no_phase0 acc=0.4075 mean_teacher=0.4475 wall=7.8s err=None
[sweep] start resnet18_cifar10 N=5 a=0.1 no_phase0 s=44 K=300
[sweep] ok   no_phase0 acc=0.3780 mean_teacher=0.3935 wall=7.9s err=None
[sweep] start resnet18_cifar10 N=5 a=0.1 warmup_only_labelled s=42 K=300
[sweep] ok   warmup_only_labelled acc=0.3086 mean_teacher=0.3546 wall=4.5s err=None
[sweep] start resnet18_cifar10 N=5 a=0.1 warmup_only_labelled s=43 K=300
[sweep] ok   warmup_only_labelled acc=0.3545 mean_teacher=0.4475 wall=4.6s err=None
[sweep] start resnet18_cifar10 N=5 a=0.1 warmup_only_labelled s=44 K=300
[sweep] ok   warmup_only_labelled acc=0.3657 mean_teacher=0.3935 wall=4.6s err=None
[sweep] start resnet18_cifar10 N=5 a=0.1 labelled_probe_warmup s=42 K=300
[sweep] ok   labelled_probe_warmup acc=0.4093 mean_teacher=0.3546 wall=7.7s err=None
[sweep] start resnet18_cifar10 N=5 a=0.1 labelled_probe_warmup s=43 K=300
[sweep] ok   labelled_probe_warmup acc=0.4192 mean_teacher=0.4475 wall=7.8s err=None
[sweep] start resnet18_cifar10 N=5 a=0.1 labelled_probe_warmup s=44 K=300
[sweep] ok   labelled_probe_warmup acc=0.3959 mean_teacher=0.3935 wall=7.9s err=None
[sweep] start resnet18_cifar10 N=5 a=0.1 raw_union_K20 s=42 K=300
[sweep] ok   raw_union_K20 acc=0.6442 mean_teacher=0.3546 wall=7.9s err=None
[sweep] start resnet18_cifar10 N=5 a=0.1 raw_union_K20 s=43 K=300
[sweep] ok   raw_union_K20 acc=0.5586 mean_teacher=0.4475 wall=7.8s err=None
[sweep] start resnet18_cifar10 N=5 a=0.1 raw_union_K20 s=44 K=300
[sweep] ok   raw_union_K20 acc=0.5198 mean_teacher=0.3935 wall=7.9s err=None
[sweep] start resnet18_cifar10 N=5 a=0.1 dp_avg_eps2_K20 s=42 K=300
[sweep] ok   dp_avg_eps2_K20 acc=0.4067 mean_teacher=0.3546 wall=8.0s err=None
[sweep] start resnet18_cifar10 N=5 a=0.1 dp_avg_eps2_K20 s=43 K=300
[sweep] ok   dp_avg_eps2_K20 acc=0.4178 mean_teacher=0.4475 wall=7.9s err=None
[sweep] start resnet18_cifar10 N=5 a=0.1 dp_avg_eps2_K20 s=44 K=300
[sweep] ok   dp_avg_eps2_K20 acc=0.3865 mean_teacher=0.3935 wall=8.0s err=None
[sweep] start resnet18_cifar10 N=5 a=0.1 dp_avg_eps8_K20 s=42 K=300
[sweep] ok   dp_avg_eps8_K20 acc=0.4169 mean_teacher=0.3546 wall=7.8s err=None
[sweep] start resnet18_cifar10 N=5 a=0.1 dp_avg_eps8_K20 s=43 K=300
[sweep] ok   dp_avg_eps8_K20 acc=0.4288 mean_teacher=0.4475 wall=7.9s err=None
[sweep] start resnet18_cifar10 N=5 a=0.1 dp_avg_eps8_K20 s=44 K=300
[sweep] ok   dp_avg_eps8_K20 acc=0.3948 mean_teacher=0.3935 wall=7.7s err=None
[sweep] start resnet18_cifar10 N=5 a=0.3 no_phase0 s=42 K=300
[sweep] ok   no_phase0 acc=0.5705 mean_teacher=0.5629 wall=7.8s err=None
[sweep] start resnet18_cifar10 N=5 a=0.3 no_phase0 s=43 K=300
[sweep] ok   no_phase0 acc=0.6848 mean_teacher=0.5681 wall=8.0s err=None
[sweep] start resnet18_cifar10 N=5 a=0.3 no_phase0 s=44 K=300
[sweep] ok   no_phase0 acc=0.6794 mean_teacher=0.6040 wall=7.8s err=None
[sweep] start resnet18_cifar10 N=5 a=0.3 warmup_only_labelled s=42 K=300
[sweep] ok   warmup_only_labelled acc=0.3086 mean_teacher=0.5629 wall=3.8s err=None
[sweep] start resnet18_cifar10 N=5 a=0.3 warmup_only_labelled s=43 K=300
[sweep] ok   warmup_only_labelled acc=0.3545 mean_teacher=0.5681 wall=2.5s err=None
[sweep] start resnet18_cifar10 N=5 a=0.3 warmup_only_labelled s=44 K=300
[sweep] ok   warmup_only_labelled acc=0.3657 mean_teacher=0.6040 wall=2.5s err=None
[sweep] start resnet18_cifar10 N=5 a=0.3 labelled_probe_warmup s=42 K=300
[sweep] ok   labelled_probe_warmup acc=0.5740 mean_teacher=0.5629 wall=4.1s err=None
[sweep] start resnet18_cifar10 N=5 a=0.3 labelled_probe_warmup s=43 K=300
[sweep] ok   labelled_probe_warmup acc=0.6910 mean_teacher=0.5681 wall=4.1s err=None
[sweep] start resnet18_cifar10 N=5 a=0.3 labelled_probe_warmup s=44 K=300
[sweep] ok   labelled_probe_warmup acc=0.6989 mean_teacher=0.6040 wall=4.8s err=None
[sweep] start resnet18_cifar10 N=5 a=0.3 raw_union_K20 s=42 K=300
[sweep] ok   raw_union_K20 acc=0.6581 mean_teacher=0.5629 wall=8.0s err=None
[sweep] start resnet18_cifar10 N=5 a=0.3 raw_union_K20 s=43 K=300
[sweep] ok   raw_union_K20 acc=0.7472 mean_teacher=0.5681 wall=8.1s err=None
[sweep] start resnet18_cifar10 N=5 a=0.3 raw_union_K20 s=44 K=300
[sweep] ok   raw_union_K20 acc=0.7601 mean_teacher=0.6040 wall=8.1s err=None
[sweep] start resnet18_cifar10 N=5 a=0.3 dp_avg_eps2_K20 s=42 K=300
[sweep] ok   dp_avg_eps2_K20 acc=0.5676 mean_teacher=0.5629 wall=8.1s err=None
[sweep] start resnet18_cifar10 N=5 a=0.3 dp_avg_eps2_K20 s=43 K=300
[sweep] ok   dp_avg_eps2_K20 acc=0.6869 mean_teacher=0.5681 wall=8.0s err=None
[sweep] start resnet18_cifar10 N=5 a=0.3 dp_avg_eps2_K20 s=44 K=300
[sweep] ok   dp_avg_eps2_K20 acc=0.6873 mean_teacher=0.6040 wall=7.9s err=None
[sweep] start resnet18_cifar10 N=5 a=0.3 dp_avg_eps8_K20 s=42 K=300
[sweep] ok   dp_avg_eps8_K20 acc=0.5728 mean_teacher=0.5629 wall=8.0s err=None
[sweep] start resnet18_cifar10 N=5 a=0.3 dp_avg_eps8_K20 s=43 K=300
[sweep] ok   dp_avg_eps8_K20 acc=0.6939 mean_teacher=0.5681 wall=7.9s err=None
[sweep] start resnet18_cifar10 N=5 a=0.3 dp_avg_eps8_K20 s=44 K=300
[sweep] ok   dp_avg_eps8_K20 acc=0.6921 mean_teacher=0.6040 wall=8.1s err=None
[sweep] start resnet18_cifar10 N=5 a=1.0 no_phase0 s=42 K=300
[sweep] ok   no_phase0 acc=0.8035 mean_teacher=0.7455 wall=7.9s err=None
[sweep] start resnet18_cifar10 N=5 a=1.0 no_phase0 s=43 K=300
[sweep] ok   no_phase0 acc=0.8104 mean_teacher=0.7800 wall=7.9s err=None
[sweep] start resnet18_cifar10 N=5 a=1.0 no_phase0 s=44 K=300
[sweep] ok   no_phase0 acc=0.8012 mean_teacher=0.7514 wall=7.9s err=None
[sweep] start resnet18_cifar10 N=5 a=1.0 warmup_only_labelled s=42 K=300
[sweep] ok   warmup_only_labelled acc=0.3086 mean_teacher=0.7455 wall=4.8s err=None
[sweep] start resnet18_cifar10 N=5 a=1.0 warmup_only_labelled s=43 K=300
[sweep] ok   warmup_only_labelled acc=0.3545 mean_teacher=0.7800 wall=4.7s err=None
[sweep] start resnet18_cifar10 N=5 a=1.0 warmup_only_labelled s=44 K=300
[sweep] ok   warmup_only_labelled acc=0.3657 mean_teacher=0.7514 wall=4.6s err=None
[sweep] start resnet18_cifar10 N=5 a=1.0 labelled_probe_warmup s=42 K=300
[sweep] ok   labelled_probe_warmup acc=0.8046 mean_teacher=0.7455 wall=7.7s err=None
[sweep] start resnet18_cifar10 N=5 a=1.0 labelled_probe_warmup s=43 K=300
[sweep] ok   labelled_probe_warmup acc=0.8127 mean_teacher=0.7800 wall=7.9s err=None
[sweep] start resnet18_cifar10 N=5 a=1.0 labelled_probe_warmup s=44 K=300
[sweep] ok   labelled_probe_warmup acc=0.8031 mean_teacher=0.7514 wall=7.8s err=None
[sweep] start resnet18_cifar10 N=5 a=1.0 raw_union_K20 s=42 K=300
[sweep] ok   raw_union_K20 acc=0.8256 mean_teacher=0.7455 wall=8.0s err=None
[sweep] start resnet18_cifar10 N=5 a=1.0 raw_union_K20 s=43 K=300
[sweep] ok   raw_union_K20 acc=0.8287 mean_teacher=0.7800 wall=8.1s err=None
[sweep] start resnet18_cifar10 N=5 a=1.0 raw_union_K20 s=44 K=300
[sweep] ok   raw_union_K20 acc=0.8235 mean_teacher=0.7514 wall=7.9s err=None
[sweep] start resnet18_cifar10 N=5 a=1.0 dp_avg_eps2_K20 s=42 K=300
[sweep] ok   dp_avg_eps2_K20 acc=0.8053 mean_teacher=0.7455 wall=8.0s err=None
[sweep] start resnet18_cifar10 N=5 a=1.0 dp_avg_eps2_K20 s=43 K=300
[sweep] ok   dp_avg_eps2_K20 acc=0.8125 mean_teacher=0.7800 wall=8.3s err=None
[sweep] start resnet18_cifar10 N=5 a=1.0 dp_avg_eps2_K20 s=44 K=300
[sweep] ok   dp_avg_eps2_K20 acc=0.8016 mean_teacher=0.7514 wall=8.1s err=None
[sweep] start resnet18_cifar10 N=5 a=1.0 dp_avg_eps8_K20 s=42 K=300
[sweep] ok   dp_avg_eps8_K20 acc=0.8054 mean_teacher=0.7455 wall=8.0s err=None
[sweep] start resnet18_cifar10 N=5 a=1.0 dp_avg_eps8_K20 s=43 K=300
[sweep] ok   dp_avg_eps8_K20 acc=0.8134 mean_teacher=0.7800 wall=7.9s err=None
[sweep] start resnet18_cifar10 N=5 a=1.0 dp_avg_eps8_K20 s=44 K=300
[sweep] ok   dp_avg_eps8_K20 acc=0.8024 mean_teacher=0.7514 wall=7.7s err=None
[sweep] start resnet18_cifar10 N=10 a=0.01 no_phase0 s=42 K=300
[sweep] ok   no_phase0 acc=0.1530 mean_teacher=0.1507 wall=10.4s err=None
[sweep] start resnet18_cifar10 N=10 a=0.01 no_phase0 s=43 K=300
[sweep] ok   no_phase0 acc=0.2279 mean_teacher=0.1648 wall=11.4s err=None
[sweep] start resnet18_cifar10 N=10 a=0.01 no_phase0 s=44 K=300
[sweep] ok   no_phase0 acc=0.1823 mean_teacher=0.1687 wall=10.9s err=None
[sweep] start resnet18_cifar10 N=10 a=0.01 warmup_only_labelled s=42 K=300
[sweep] ok   warmup_only_labelled acc=0.3086 mean_teacher=0.1507 wall=4.9s err=None
[sweep] start resnet18_cifar10 N=10 a=0.01 warmup_only_labelled s=43 K=300
[sweep] ok   warmup_only_labelled acc=0.3545 mean_teacher=0.1648 wall=4.8s err=None
[sweep] start resnet18_cifar10 N=10 a=0.01 warmup_only_labelled s=44 K=300
[sweep] ok   warmup_only_labelled acc=0.3657 mean_teacher=0.1687 wall=4.8s err=None
[sweep] start resnet18_cifar10 N=10 a=0.01 labelled_probe_warmup s=42 K=300
[sweep] ok   labelled_probe_warmup acc=0.1644 mean_teacher=0.1507 wall=10.6s err=None
[sweep] start resnet18_cifar10 N=10 a=0.01 labelled_probe_warmup s=43 K=300
[sweep] ok   labelled_probe_warmup acc=0.3300 mean_teacher=0.1648 wall=10.6s err=None
[sweep] start resnet18_cifar10 N=10 a=0.01 labelled_probe_warmup s=44 K=300
[sweep] ok   labelled_probe_warmup acc=0.2586 mean_teacher=0.1687 wall=6.1s err=None
[sweep] start resnet18_cifar10 N=10 a=0.01 raw_union_K20 s=42 K=300
[sweep] ok   raw_union_K20 acc=0.3397 mean_teacher=0.1507 wall=10.6s err=None
[sweep] start resnet18_cifar10 N=10 a=0.01 raw_union_K20 s=43 K=300
[sweep] ok   raw_union_K20 acc=0.4917 mean_teacher=0.1648 wall=11.0s err=None
[sweep] start resnet18_cifar10 N=10 a=0.01 raw_union_K20 s=44 K=300
[sweep] ok   raw_union_K20 acc=0.3747 mean_teacher=0.1687 wall=10.8s err=None
[sweep] start resnet18_cifar10 N=10 a=0.01 dp_avg_eps2_K20 s=42 K=300
[sweep] ok   dp_avg_eps2_K20 acc=0.1699 mean_teacher=0.1507 wall=10.3s err=None
[sweep] start resnet18_cifar10 N=10 a=0.01 dp_avg_eps2_K20 s=43 K=300
[sweep] ok   dp_avg_eps2_K20 acc=0.2380 mean_teacher=0.1648 wall=10.9s err=None
[sweep] start resnet18_cifar10 N=10 a=0.01 dp_avg_eps2_K20 s=44 K=300
[sweep] ok   dp_avg_eps2_K20 acc=0.2102 mean_teacher=0.1687 wall=10.8s err=None
[sweep] start resnet18_cifar10 N=10 a=0.01 dp_avg_eps8_K20 s=42 K=300
[sweep] ok   dp_avg_eps8_K20 acc=0.2093 mean_teacher=0.1507 wall=10.2s err=None
[sweep] start resnet18_cifar10 N=10 a=0.01 dp_avg_eps8_K20 s=43 K=300
[sweep] ok   dp_avg_eps8_K20 acc=0.3085 mean_teacher=0.1648 wall=11.1s err=None
[sweep] start resnet18_cifar10 N=10 a=0.01 dp_avg_eps8_K20 s=44 K=300
[sweep] ok   dp_avg_eps8_K20 acc=0.2404 mean_teacher=0.1687 wall=11.0s err=None
[sweep] start resnet18_cifar10 N=10 a=0.05 no_phase0 s=42 K=300
[sweep] ok   no_phase0 acc=0.2684 mean_teacher=0.2297 wall=11.1s err=None
[sweep] start resnet18_cifar10 N=10 a=0.05 no_phase0 s=43 K=300
[sweep] ok   no_phase0 acc=0.2502 mean_teacher=0.2879 wall=11.1s err=None
[sweep] start resnet18_cifar10 N=10 a=0.05 no_phase0 s=44 K=300
[sweep] ok   no_phase0 acc=0.3251 mean_teacher=0.2493 wall=11.1s err=None
[sweep] start resnet18_cifar10 N=10 a=0.05 warmup_only_labelled s=42 K=300
[sweep] ok   warmup_only_labelled acc=0.3086 mean_teacher=0.2297 wall=4.8s err=None
[sweep] start resnet18_cifar10 N=10 a=0.05 warmup_only_labelled s=43 K=300
[sweep] ok   warmup_only_labelled acc=0.3545 mean_teacher=0.2879 wall=4.8s err=None
[sweep] start resnet18_cifar10 N=10 a=0.05 warmup_only_labelled s=44 K=300
[sweep] ok   warmup_only_labelled acc=0.3657 mean_teacher=0.2493 wall=4.7s err=None
[sweep] start resnet18_cifar10 N=10 a=0.05 labelled_probe_warmup s=42 K=300
[sweep] ok   labelled_probe_warmup acc=0.2879 mean_teacher=0.2297 wall=11.0s err=None
[sweep] start resnet18_cifar10 N=10 a=0.05 labelled_probe_warmup s=43 K=300
[sweep] ok   labelled_probe_warmup acc=0.2671 mean_teacher=0.2879 wall=10.8s err=None
[sweep] start resnet18_cifar10 N=10 a=0.05 labelled_probe_warmup s=44 K=300
[sweep] ok   labelled_probe_warmup acc=0.3824 mean_teacher=0.2493 wall=9.4s err=None
[sweep] start resnet18_cifar10 N=10 a=0.05 raw_union_K20 s=42 K=300
[sweep] ok   raw_union_K20 acc=0.5316 mean_teacher=0.2297 wall=11.1s err=None
[sweep] start resnet18_cifar10 N=10 a=0.05 raw_union_K20 s=43 K=300
[sweep] ok   raw_union_K20 acc=0.4006 mean_teacher=0.2879 wall=11.0s err=None
[sweep] start resnet18_cifar10 N=10 a=0.05 raw_union_K20 s=44 K=300
[sweep] ok   raw_union_K20 acc=0.5213 mean_teacher=0.2493 wall=11.1s err=None
[sweep] start resnet18_cifar10 N=10 a=0.05 dp_avg_eps2_K20 s=42 K=300
[sweep] ok   dp_avg_eps2_K20 acc=0.2800 mean_teacher=0.2297 wall=11.0s err=None
[sweep] start resnet18_cifar10 N=10 a=0.05 dp_avg_eps2_K20 s=43 K=300
[sweep] ok   dp_avg_eps2_K20 acc=0.2599 mean_teacher=0.2879 wall=10.9s err=None
[sweep] start resnet18_cifar10 N=10 a=0.05 dp_avg_eps2_K20 s=44 K=300
[sweep] ok   dp_avg_eps2_K20 acc=0.3530 mean_teacher=0.2493 wall=11.4s err=None
[sweep] start resnet18_cifar10 N=10 a=0.05 dp_avg_eps8_K20 s=42 K=300
[sweep] ok   dp_avg_eps8_K20 acc=0.2926 mean_teacher=0.2297 wall=11.1s err=None
[sweep] start resnet18_cifar10 N=10 a=0.05 dp_avg_eps8_K20 s=43 K=300
[sweep] ok   dp_avg_eps8_K20 acc=0.2641 mean_teacher=0.2879 wall=10.8s err=None
[sweep] start resnet18_cifar10 N=10 a=0.05 dp_avg_eps8_K20 s=44 K=300
[sweep] ok   dp_avg_eps8_K20 acc=0.3687 mean_teacher=0.2493 wall=11.0s err=None
[sweep] start resnet18_cifar10 N=10 a=0.1 no_phase0 s=42 K=300
[sweep] ok   no_phase0 acc=0.3484 mean_teacher=0.3459 wall=11.0s err=None
[sweep] start resnet18_cifar10 N=10 a=0.1 no_phase0 s=43 K=300
[sweep] ok   no_phase0 acc=0.4851 mean_teacher=0.3603 wall=11.0s err=None
[sweep] start resnet18_cifar10 N=10 a=0.1 no_phase0 s=44 K=300
[sweep] ok   no_phase0 acc=0.4000 mean_teacher=0.3445 wall=10.9s err=None
[sweep] start resnet18_cifar10 N=10 a=0.1 warmup_only_labelled s=42 K=300
[sweep] ok   warmup_only_labelled acc=0.3086 mean_teacher=0.3459 wall=4.8s err=None
[sweep] start resnet18_cifar10 N=10 a=0.1 warmup_only_labelled s=43 K=300
[sweep] ok   warmup_only_labelled acc=0.3545 mean_teacher=0.3603 wall=4.8s err=None
[sweep] start resnet18_cifar10 N=10 a=0.1 warmup_only_labelled s=44 K=300
[sweep] ok   warmup_only_labelled acc=0.3657 mean_teacher=0.3445 wall=4.8s err=None
[sweep] start resnet18_cifar10 N=10 a=0.1 labelled_probe_warmup s=42 K=300
[sweep] ok   labelled_probe_warmup acc=0.3733 mean_teacher=0.3459 wall=11.4s err=None
[sweep] start resnet18_cifar10 N=10 a=0.1 labelled_probe_warmup s=43 K=300
