[014 lenet] job 1116376 task 7/8 on ai05.kuvalar.ku.edu.tr
[sweep] grid=450 cells; chunk 7/8 -> 56 cells; case=heifd_lenet_fmnist_headline
[sweep] skip  cell_lenet_fmnist_N1_a0.01_labelled_probe_warmup_s43_K300_5c5b7ab340a6.json (success exists)
[sweep] skip  cell_lenet_fmnist_N1_a0.01_dp_avg_eps8_K20_s42_K300_103c39a4b111.json (success exists)
[sweep] skip  cell_lenet_fmnist_N1_a0.05_warmup_only_labelled_s44_K300_1af8801ab938.json (success exists)
[sweep] skip  cell_lenet_fmnist_N1_a0.05_dp_avg_eps2_K20_s43_K300_d4f95be2d9e0.json (success exists)
[sweep] skip  cell_lenet_fmnist_N1_a0.1_warmup_only_labelled_s42_K300_41a5cb619cb5.json (success exists)
[sweep] skip  cell_lenet_fmnist_N1_a0.1_raw_union_K20_s44_K300_fad6bf3ba472.json (success exists)
[sweep] skip  cell_lenet_fmnist_N1_a0.3_no_phase0_s43_K300_4f9755c96d8b.json (success exists)
[sweep] skip  cell_lenet_fmnist_N1_a0.3_raw_union_K20_s42_K300_18966df0ccf2.json (success exists)
[sweep] skip  cell_lenet_fmnist_N1_a0.3_dp_avg_eps8_K20_s44_K300_0b0777bae8e3.json (success exists)
[sweep] skip  cell_lenet_fmnist_N1_a1.0_labelled_probe_warmup_s43_K300_17f09cf8b0f4.json (success exists)
[sweep] skip  cell_lenet_fmnist_N1_a1.0_dp_avg_eps8_K20_s42_K300_68183e7b59ab.json (success exists)
[sweep] skip  cell_lenet_fmnist_N5_a0.01_warmup_only_labelled_s44_K300_0d784f7edb52.json (success exists)
[sweep] skip  cell_lenet_fmnist_N5_a0.01_dp_avg_eps2_K20_s43_K300_b33aaa3d9fdc.json (success exists)
[sweep] skip  cell_lenet_fmnist_N5_a0.05_warmup_only_labelled_s42_K300_b7ca8a411176.json (success exists)
[sweep] skip  cell_lenet_fmnist_N5_a0.05_raw_union_K20_s44_K300_56c8f0b8250d.json (success exists)
[sweep] skip  cell_lenet_fmnist_N5_a0.1_no_phase0_s43_K300_6e0596f61dc4.json (success exists)
[sweep] skip  cell_lenet_fmnist_N5_a0.1_raw_union_K20_s42_K300_3af9403778cc.json (success exists)
[sweep] skip  cell_lenet_fmnist_N5_a0.1_dp_avg_eps8_K20_s44_K300_94c546336fa9.json (success exists)
[sweep] skip  cell_lenet_fmnist_N5_a0.3_labelled_probe_warmup_s43_K300_49330c45f0b5.json (success exists)
[sweep] skip  cell_lenet_fmnist_N5_a0.3_dp_avg_eps8_K20_s42_K300_580b4cd6d9a1.json (success exists)
[sweep] skip  cell_lenet_fmnist_N5_a1.0_warmup_only_labelled_s44_K300_de2f349f7af0.json (success exists)
[sweep] skip  cell_lenet_fmnist_N5_a1.0_dp_avg_eps2_K20_s43_K300_58098a6f7817.json (success exists)
[sweep] skip  cell_lenet_fmnist_N10_a0.01_warmup_only_labelled_s42_K300_5ed37ab35718.json (success exists)
[sweep] skip  cell_lenet_fmnist_N10_a0.01_raw_union_K20_s44_K300_64f1cdc92505.json (success exists)
[sweep] skip  cell_lenet_fmnist_N10_a0.05_no_phase0_s43_K300_5e4e7c0e79fd.json (success exists)
[sweep] skip  cell_lenet_fmnist_N10_a0.05_raw_union_K20_s42_K300_4fd74f34d79b.json (success exists)
[sweep] skip  cell_lenet_fmnist_N10_a0.05_dp_avg_eps8_K20_s44_K300_d4452e937bb6.json (success exists)
[sweep] skip  cell_lenet_fmnist_N10_a0.1_labelled_probe_warmup_s43_K300_43afc3ceca3d.json (success exists)
[sweep] skip  cell_lenet_fmnist_N10_a0.1_dp_avg_eps8_K20_s42_K300_65afc57a72fa.json (success exists)
[sweep] skip  cell_lenet_fmnist_N10_a0.3_warmup_only_labelled_s44_K300_ef152d2838be.json (success exists)
[sweep] skip  cell_lenet_fmnist_N10_a0.3_dp_avg_eps2_K20_s43_K300_eaa22ba1d924.json (success exists)
[sweep] skip  cell_lenet_fmnist_N10_a1.0_warmup_only_labelled_s42_K300_10b3dff6c78c.json (success exists)
[sweep] skip  cell_lenet_fmnist_N10_a1.0_raw_union_K20_s44_K300_d8b075ad4965.json (success exists)
[sweep] skip  cell_lenet_fmnist_N20_a0.01_no_phase0_s43_K300_d9194efdf12e.json (success exists)
[sweep] skip  cell_lenet_fmnist_N20_a0.01_raw_union_K20_s42_K300_f5cf6364d9b3.json (success exists)
[sweep] retry cell_lenet_fmnist_N20_a0.01_dp_avg_eps8_K20_s44_K300_51d91a42bf2c.json (prior status != success)
[sweep] start lenet_fmnist N=20 a=0.01 dp_avg_eps8_K20 s=44 K=300 tau=4.0 lr=0.01 scope=head_only
[sweep] ok   dp_avg_eps8_K20 acc=0.1996 mean_teacher=0.1473 wall=40.5s err=None
[sweep] skip  cell_lenet_fmnist_N20_a0.05_labelled_probe_warmup_s43_K300_3e77f52e3485.json (success exists)
[sweep] skip  cell_lenet_fmnist_N20_a0.05_dp_avg_eps8_K20_s42_K300_424eab0e0329.json (success exists)
[sweep] skip  cell_lenet_fmnist_N20_a0.1_warmup_only_labelled_s44_K300_4be45d943da7.json (success exists)
[sweep] skip  cell_lenet_fmnist_N20_a0.1_dp_avg_eps2_K20_s43_K300_30b80c49606b.json (success exists)
[sweep] skip  cell_lenet_fmnist_N20_a0.3_warmup_only_labelled_s42_K300_a18213bb7e5c.json (success exists)
[sweep] skip  cell_lenet_fmnist_N20_a0.3_raw_union_K20_s44_K300_6e06c849f243.json (success exists)
[sweep] skip  cell_lenet_fmnist_N20_a1.0_no_phase0_s43_K300_ea1b6de66a57.json (success exists)
[sweep] skip  cell_lenet_fmnist_N20_a1.0_raw_union_K20_s42_K300_ddf5e704920c.json (success exists)
[sweep] skip  cell_lenet_fmnist_N20_a1.0_dp_avg_eps8_K20_s44_K300_482c326edf00.json (success exists)
[sweep] skip  cell_lenet_fmnist_N50_a0.01_labelled_probe_warmup_s43_K300_969ca91f9c67.json (success exists)
[sweep] retry cell_lenet_fmnist_N50_a0.01_dp_avg_eps8_K20_s42_K300_64d550443112.json (prior status != success)
[sweep] start lenet_fmnist N=50 a=0.01 dp_avg_eps8_K20 s=42 K=300 tau=4.0 lr=0.01 scope=head_only
[sweep] ok   dp_avg_eps8_K20 acc=0.1000 mean_teacher=0.1142 wall=46.5s err=None
[sweep] skip  cell_lenet_fmnist_N50_a0.05_warmup_only_labelled_s44_K300_da38f2716c27.json (success exists)
[sweep] retry cell_lenet_fmnist_N50_a0.05_dp_avg_eps2_K20_s43_K300_f7edbc5409a5.json (prior status != success)
[sweep] start lenet_fmnist N=50 a=0.05 dp_avg_eps2_K20 s=43 K=300 tau=4.0 lr=0.01 scope=head_only
[sweep] ok   dp_avg_eps2_K20 acc=0.2491 mean_teacher=0.1809 wall=54.7s err=None
[sweep] skip  cell_lenet_fmnist_N50_a0.1_warmup_only_labelled_s42_K300_f7bbc4c0fc07.json (success exists)
[sweep] skip  cell_lenet_fmnist_N50_a0.1_raw_union_K20_s44_K300_9c7452544347.json (success exists)
[sweep] skip  cell_lenet_fmnist_N50_a0.3_no_phase0_s43_K300_6ddeaa7593cd.json (success exists)
[sweep] skip  cell_lenet_fmnist_N50_a0.3_raw_union_K20_s42_K300_6ea8fa3c065d.json (success exists)
[sweep] skip  cell_lenet_fmnist_N50_a0.3_dp_avg_eps8_K20_s44_K300_dcc3d843b924.json (success exists)
[sweep] skip  cell_lenet_fmnist_N50_a1.0_labelled_probe_warmup_s43_K300_17f3ba9b9875.json (success exists)
[sweep] skip  cell_lenet_fmnist_N50_a1.0_dp_avg_eps8_K20_s42_K300_4799f02e8755.json (success exists)
[sweep] done. ran=3 skipped=53 failed=0. report at /scratch/hkanpak21/HE_IFD/results/heifd_lenet_fmnist_headline/README.md
