[014 lenet] job 1115677 task 3/8 on ai08.kuvalar.ku.edu.tr
[sweep] grid=450 cells; chunk 3/8 -> 56 cells; case=heifd_lenet_fmnist_headline
[sweep] start lenet_fmnist N=1 a=0.01 warmup_only_labelled s=42 K=300 tau=4.0 lr=0.01 scope=head_only
[sweep] ok   warmup_only_labelled acc=0.1000 mean_teacher=0.8757 wall=28.2s err=None
[sweep] start lenet_fmnist N=1 a=0.01 raw_union_K20 s=44 K=300 tau=4.0 lr=0.01 scope=head_only
[sweep] ok   raw_union_K20 acc=0.7187 mean_teacher=0.8682 wall=21.3s err=None
[sweep] start lenet_fmnist N=1 a=0.05 no_phase0 s=43 K=300 tau=4.0 lr=0.01 scope=head_only
[sweep] ok   no_phase0 acc=0.7179 mean_teacher=0.8860 wall=21.4s err=None
[sweep] start lenet_fmnist N=1 a=0.05 raw_union_K20 s=42 K=300 tau=4.0 lr=0.01 scope=head_only
[sweep] ok   raw_union_K20 acc=0.7139 mean_teacher=0.8792 wall=21.4s err=None
[sweep] start lenet_fmnist N=1 a=0.05 dp_avg_eps8_K20 s=44 K=300 tau=4.0 lr=0.01 scope=head_only
[sweep] ok   dp_avg_eps8_K20 acc=0.6827 mean_teacher=0.8731 wall=21.4s err=None
[sweep] start lenet_fmnist N=1 a=0.1 labelled_probe_warmup s=43 K=300 tau=4.0 lr=0.01 scope=head_only
[sweep] ok   labelled_probe_warmup acc=0.7078 mean_teacher=0.8815 wall=21.5s err=None
[sweep] start lenet_fmnist N=1 a=0.1 dp_avg_eps8_K20 s=42 K=300 tau=4.0 lr=0.01 scope=head_only
[sweep] ok   dp_avg_eps8_K20 acc=0.6855 mean_teacher=0.8799 wall=21.4s err=None
[sweep] start lenet_fmnist N=1 a=0.3 warmup_only_labelled s=44 K=300 tau=4.0 lr=0.01 scope=head_only
[sweep] ok   warmup_only_labelled acc=0.1837 mean_teacher=0.8706 wall=20.8s err=None
[sweep] start lenet_fmnist N=1 a=0.3 dp_avg_eps2_K20 s=43 K=300 tau=4.0 lr=0.01 scope=head_only
[sweep] ok   dp_avg_eps2_K20 acc=0.6725 mean_teacher=0.8893 wall=21.4s err=None
[sweep] start lenet_fmnist N=1 a=1.0 warmup_only_labelled s=42 K=300 tau=4.0 lr=0.01 scope=head_only
[sweep] ok   warmup_only_labelled acc=0.1000 mean_teacher=0.8831 wall=20.6s err=None
[sweep] start lenet_fmnist N=1 a=1.0 raw_union_K20 s=44 K=300 tau=4.0 lr=0.01 scope=head_only
[sweep] ok   raw_union_K20 acc=0.7280 mean_teacher=0.8842 wall=21.4s err=None
[sweep] start lenet_fmnist N=5 a=0.01 no_phase0 s=43 K=300 tau=4.0 lr=0.01 scope=head_only
[sweep] ok   no_phase0 acc=0.2791 mean_teacher=0.2482 wall=24.4s err=None
[sweep] start lenet_fmnist N=5 a=0.01 raw_union_K20 s=42 K=300 tau=4.0 lr=0.01 scope=head_only
[sweep] ok   raw_union_K20 acc=0.1000 mean_teacher=0.1884 wall=24.4s err=None
[sweep] start lenet_fmnist N=5 a=0.01 dp_avg_eps8_K20 s=44 K=300 tau=4.0 lr=0.01 scope=head_only
[sweep] ok   dp_avg_eps8_K20 acc=0.4044 mean_teacher=0.2653 wall=24.4s err=None
[sweep] start lenet_fmnist N=5 a=0.05 labelled_probe_warmup s=43 K=300 tau=4.0 lr=0.01 scope=head_only
[sweep] ok   labelled_probe_warmup acc=0.4678 mean_teacher=0.4016 wall=24.4s err=None
[sweep] start lenet_fmnist N=5 a=0.05 dp_avg_eps8_K20 s=42 K=300 tau=4.0 lr=0.01 scope=head_only
[sweep] ok   dp_avg_eps8_K20 acc=0.3882 mean_teacher=0.3133 wall=24.3s err=None
[sweep] start lenet_fmnist N=5 a=0.1 warmup_only_labelled s=44 K=300 tau=4.0 lr=0.01 scope=head_only
[sweep] ok   warmup_only_labelled acc=0.1837 mean_teacher=0.4542 wall=20.8s err=None
[sweep] start lenet_fmnist N=5 a=0.1 dp_avg_eps2_K20 s=43 K=300 tau=4.0 lr=0.01 scope=head_only
[sweep] ok   dp_avg_eps2_K20 acc=0.5137 mean_teacher=0.4556 wall=24.0s err=None
[sweep] start lenet_fmnist N=5 a=0.3 warmup_only_labelled s=42 K=300 tau=4.0 lr=0.01 scope=head_only
[sweep] ok   warmup_only_labelled acc=0.1000 mean_teacher=0.6406 wall=20.8s err=None
[sweep] start lenet_fmnist N=5 a=0.3 raw_union_K20 s=44 K=300 tau=4.0 lr=0.01 scope=head_only
[sweep] ok   raw_union_K20 acc=0.6692 mean_teacher=0.6474 wall=24.3s err=None
[sweep] start lenet_fmnist N=5 a=1.0 no_phase0 s=43 K=300 tau=4.0 lr=0.01 scope=head_only
[sweep] ok   no_phase0 acc=0.6446 mean_teacher=0.7723 wall=24.3s err=None
[sweep] start lenet_fmnist N=5 a=1.0 raw_union_K20 s=42 K=300 tau=4.0 lr=0.01 scope=head_only
[sweep] ok   raw_union_K20 acc=0.7178 mean_teacher=0.7875 wall=24.4s err=None
[sweep] start lenet_fmnist N=5 a=1.0 dp_avg_eps8_K20 s=44 K=300 tau=4.0 lr=0.01 scope=head_only
[sweep] ok   dp_avg_eps8_K20 acc=0.6466 mean_teacher=0.8032 wall=24.2s err=None
[sweep] start lenet_fmnist N=10 a=0.01 labelled_probe_warmup s=43 K=300 tau=4.0 lr=0.01 scope=head_only
[sweep] ok   labelled_probe_warmup acc=0.1000 mean_teacher=0.1295 wall=28.0s err=None
[sweep] start lenet_fmnist N=10 a=0.01 dp_avg_eps8_K20 s=42 K=300 tau=4.0 lr=0.01 scope=head_only
[sweep] ok   dp_avg_eps8_K20 acc=0.2312 mean_teacher=0.1374 wall=27.8s err=None
[sweep] start lenet_fmnist N=10 a=0.05 warmup_only_labelled s=44 K=300 tau=4.0 lr=0.01 scope=head_only
[sweep] ok   warmup_only_labelled acc=0.1837 mean_teacher=0.2751 wall=21.0s err=None
[sweep] start lenet_fmnist N=10 a=0.05 dp_avg_eps2_K20 s=43 K=300 tau=4.0 lr=0.01 scope=head_only
[sweep] ok   dp_avg_eps2_K20 acc=0.2529 mean_teacher=0.2536 wall=27.8s err=None
[sweep] start lenet_fmnist N=10 a=0.1 warmup_only_labelled s=42 K=300 tau=4.0 lr=0.01 scope=head_only
[sweep] ok   warmup_only_labelled acc=0.1000 mean_teacher=0.3456 wall=21.1s err=None
[sweep] start lenet_fmnist N=10 a=0.1 raw_union_K20 s=44 K=300 tau=4.0 lr=0.01 scope=head_only
[sweep] ok   raw_union_K20 acc=0.6430 mean_teacher=0.3615 wall=27.8s err=None
[sweep] start lenet_fmnist N=10 a=0.3 no_phase0 s=43 K=300 tau=4.0 lr=0.01 scope=head_only
[sweep] ok   no_phase0 acc=0.5449 mean_teacher=0.5108 wall=27.7s err=None
[sweep] start lenet_fmnist N=10 a=0.3 raw_union_K20 s=42 K=300 tau=4.0 lr=0.01 scope=head_only
[sweep] ok   raw_union_K20 acc=0.7848 mean_teacher=0.5990 wall=27.9s err=None
[sweep] start lenet_fmnist N=10 a=0.3 dp_avg_eps8_K20 s=44 K=300 tau=4.0 lr=0.01 scope=head_only
[sweep] ok   dp_avg_eps8_K20 acc=0.3868 mean_teacher=0.5570 wall=27.8s err=None
[sweep] start lenet_fmnist N=10 a=1.0 labelled_probe_warmup s=43 K=300 tau=4.0 lr=0.01 scope=head_only
[sweep] ok   labelled_probe_warmup acc=0.6420 mean_teacher=0.7582 wall=27.8s err=None
[sweep] start lenet_fmnist N=10 a=1.0 dp_avg_eps8_K20 s=42 K=300 tau=4.0 lr=0.01 scope=head_only
[sweep] ok   dp_avg_eps8_K20 acc=0.6909 mean_teacher=0.7613 wall=27.9s err=None
[sweep] start lenet_fmnist N=20 a=0.01 warmup_only_labelled s=44 K=300 tau=4.0 lr=0.01 scope=head_only
[sweep] ok   warmup_only_labelled acc=0.1837 mean_teacher=0.1533 wall=21.5s err=None
[sweep] start lenet_fmnist N=20 a=0.01 dp_avg_eps2_K20 s=43 K=300 tau=4.0 lr=0.01 scope=head_only
[sweep] FAIL   dp_avg_eps2_K20 acc=n/a mean_teacher=0.1145 wall=20.8s err=RuntimeError: cannot reshape tensor of 0 elements into shape [0, -1] because the unspecified dimension size -1 can be any value and is ambiguous
[sweep] start lenet_fmnist N=20 a=0.05 warmup_only_labelled s=42 K=300 tau=4.0 lr=0.01 scope=head_only
[sweep] ok   warmup_only_labelled acc=0.1000 mean_teacher=0.2431 wall=21.4s err=None
[sweep] start lenet_fmnist N=20 a=0.05 raw_union_K20 s=44 K=300 tau=4.0 lr=0.01 scope=head_only
[sweep] ok   raw_union_K20 acc=0.7280 mean_teacher=0.2439 wall=35.1s err=None
[sweep] start lenet_fmnist N=20 a=0.1 no_phase0 s=43 K=300 tau=4.0 lr=0.01 scope=head_only
[sweep] ok   no_phase0 acc=0.3399 mean_teacher=0.2766 wall=35.0s err=None
[sweep] start lenet_fmnist N=20 a=0.1 raw_union_K20 s=42 K=300 tau=4.0 lr=0.01 scope=head_only
[sweep] ok   raw_union_K20 acc=0.7593 mean_teacher=0.3379 wall=35.2s err=None
[sweep] start lenet_fmnist N=20 a=0.1 dp_avg_eps8_K20 s=44 K=300 tau=4.0 lr=0.01 scope=head_only
[sweep] ok   dp_avg_eps8_K20 acc=0.4081 mean_teacher=0.3167 wall=35.0s err=None
[sweep] start lenet_fmnist N=20 a=0.3 labelled_probe_warmup s=43 K=300 tau=4.0 lr=0.01 scope=head_only
[sweep] ok   labelled_probe_warmup acc=0.5440 mean_teacher=0.5095 wall=34.9s err=None
[sweep] start lenet_fmnist N=20 a=0.3 dp_avg_eps8_K20 s=42 K=300 tau=4.0 lr=0.01 scope=head_only
[sweep] ok   dp_avg_eps8_K20 acc=0.6019 mean_teacher=0.5248 wall=34.9s err=None
[sweep] start lenet_fmnist N=20 a=1.0 warmup_only_labelled s=44 K=300 tau=4.0 lr=0.01 scope=head_only
[sweep] ok   warmup_only_labelled acc=0.1837 mean_teacher=0.6895 wall=21.4s err=None
[sweep] start lenet_fmnist N=20 a=1.0 dp_avg_eps2_K20 s=43 K=300 tau=4.0 lr=0.01 scope=head_only
[sweep] ok   dp_avg_eps2_K20 acc=0.6086 mean_teacher=0.6967 wall=35.1s err=None
[sweep] start lenet_fmnist N=50 a=0.01 warmup_only_labelled s=42 K=300 tau=4.0 lr=0.01 scope=head_only
[sweep] ok   warmup_only_labelled acc=0.1000 mean_teacher=0.1142 wall=22.5s err=None
[sweep] start lenet_fmnist N=50 a=0.01 raw_union_K20 s=44 K=300 tau=4.0 lr=0.01 scope=head_only
[sweep] ok   raw_union_K20 acc=0.6120 mean_teacher=0.1142 wall=44.5s err=None
[sweep] start lenet_fmnist N=50 a=0.05 no_phase0 s=43 K=300 tau=4.0 lr=0.01 scope=head_only
[sweep] ok   no_phase0 acc=0.2146 mean_teacher=0.1809 wall=54.3s err=None
[sweep] start lenet_fmnist N=50 a=0.05 raw_union_K20 s=42 K=300 tau=4.0 lr=0.01 scope=head_only
[sweep] ok   raw_union_K20 acc=0.7738 mean_teacher=0.1682 wall=56.6s err=None
[sweep] start lenet_fmnist N=50 a=0.05 dp_avg_eps8_K20 s=44 K=300 tau=4.0 lr=0.01 scope=head_only
[sweep] ok   dp_avg_eps8_K20 acc=0.1000 mean_teacher=0.1614 wall=56.4s err=None
[sweep] start lenet_fmnist N=50 a=0.1 labelled_probe_warmup s=43 K=300 tau=4.0 lr=0.01 scope=head_only
[sweep] ok   labelled_probe_warmup acc=0.4029 mean_teacher=0.2391 wall=56.3s err=None
[sweep] start lenet_fmnist N=50 a=0.1 dp_avg_eps8_K20 s=42 K=300 tau=4.0 lr=0.01 scope=head_only
[sweep] ok   dp_avg_eps8_K20 acc=0.4085 mean_teacher=0.2496 wall=56.3s err=None
[sweep] start lenet_fmnist N=50 a=0.3 warmup_only_labelled s=44 K=300 tau=4.0 lr=0.01 scope=head_only
[sweep] ok   warmup_only_labelled acc=0.1837 mean_teacher=0.4167 wall=22.3s err=None
[sweep] start lenet_fmnist N=50 a=0.3 dp_avg_eps2_K20 s=43 K=300 tau=4.0 lr=0.01 scope=head_only
[sweep] ok   dp_avg_eps2_K20 acc=0.5700 mean_teacher=0.4184 wall=56.0s err=None
[sweep] start lenet_fmnist N=50 a=1.0 warmup_only_labelled s=42 K=300 tau=4.0 lr=0.01 scope=head_only
[sweep] ok   warmup_only_labelled acc=0.1000 mean_teacher=0.5732 wall=22.2s err=None
[sweep] start lenet_fmnist N=50 a=1.0 raw_union_K20 s=44 K=300 tau=4.0 lr=0.01 scope=head_only
[sweep] ok   raw_union_K20 acc=0.8343 mean_teacher=0.5705 wall=56.8s err=None
[sweep] done. ran=55 skipped=0 failed=1. report at /scratch/hkanpak21/HE_IFD/results/heifd_lenet_fmnist_headline/README.md
