[014 lenet] job 1116376 task 6/8 on ai05.kuvalar.ku.edu.tr
[sweep] grid=450 cells; chunk 6/8 -> 56 cells; case=heifd_lenet_fmnist_headline
[sweep] skip  cell_lenet_fmnist_N1_a0.01_labelled_probe_warmup_s42_K300_562f9bff6ff9.json (success exists)
[sweep] skip  cell_lenet_fmnist_N1_a0.01_dp_avg_eps2_K20_s44_K300_222f1c9db781.json (success exists)
[sweep] skip  cell_lenet_fmnist_N1_a0.05_warmup_only_labelled_s43_K300_434735e0865d.json (success exists)
[sweep] skip  cell_lenet_fmnist_N1_a0.05_dp_avg_eps2_K20_s42_K300_e48129f04adf.json (success exists)
[sweep] skip  cell_lenet_fmnist_N1_a0.1_no_phase0_s44_K300_fd7268bc8fdd.json (success exists)
[sweep] skip  cell_lenet_fmnist_N1_a0.1_raw_union_K20_s43_K300_7cee758cabe5.json (success exists)
[sweep] skip  cell_lenet_fmnist_N1_a0.3_no_phase0_s42_K300_a37ae3c30f13.json (success exists)
[sweep] skip  cell_lenet_fmnist_N1_a0.3_labelled_probe_warmup_s44_K300_f9fdbc7ea447.json (success exists)
[sweep] skip  cell_lenet_fmnist_N1_a0.3_dp_avg_eps8_K20_s43_K300_86ed3155bb75.json (success exists)
[sweep] skip  cell_lenet_fmnist_N1_a1.0_labelled_probe_warmup_s42_K300_62c1b380cebe.json (success exists)
[sweep] skip  cell_lenet_fmnist_N1_a1.0_dp_avg_eps2_K20_s44_K300_184a80be7fd9.json (success exists)
[sweep] skip  cell_lenet_fmnist_N5_a0.01_warmup_only_labelled_s43_K300_b9ba98a35c23.json (success exists)
[sweep] skip  cell_lenet_fmnist_N5_a0.01_dp_avg_eps2_K20_s42_K300_1c209da1c375.json (success exists)
[sweep] skip  cell_lenet_fmnist_N5_a0.05_no_phase0_s44_K300_3a6f1d5dd45b.json (success exists)
[sweep] skip  cell_lenet_fmnist_N5_a0.05_raw_union_K20_s43_K300_555180d783eb.json (success exists)
[sweep] skip  cell_lenet_fmnist_N5_a0.1_no_phase0_s42_K300_de8b09bae6a2.json (success exists)
[sweep] skip  cell_lenet_fmnist_N5_a0.1_labelled_probe_warmup_s44_K300_050045aecec2.json (success exists)
[sweep] skip  cell_lenet_fmnist_N5_a0.1_dp_avg_eps8_K20_s43_K300_78f757e826da.json (success exists)
[sweep] skip  cell_lenet_fmnist_N5_a0.3_labelled_probe_warmup_s42_K300_d4c62348a278.json (success exists)
[sweep] skip  cell_lenet_fmnist_N5_a0.3_dp_avg_eps2_K20_s44_K300_663ee0c38bde.json (success exists)
[sweep] skip  cell_lenet_fmnist_N5_a1.0_warmup_only_labelled_s43_K300_33b477a884bd.json (success exists)
[sweep] skip  cell_lenet_fmnist_N5_a1.0_dp_avg_eps2_K20_s42_K300_f53398f6b09b.json (success exists)
[sweep] skip  cell_lenet_fmnist_N10_a0.01_no_phase0_s44_K300_5341c66e4e83.json (success exists)
[sweep] skip  cell_lenet_fmnist_N10_a0.01_raw_union_K20_s43_K300_9b7641f1a991.json (success exists)
[sweep] skip  cell_lenet_fmnist_N10_a0.05_no_phase0_s42_K300_a1d90dab19dc.json (success exists)
[sweep] skip  cell_lenet_fmnist_N10_a0.05_labelled_probe_warmup_s44_K300_f4a1aead2012.json (success exists)
[sweep] skip  cell_lenet_fmnist_N10_a0.05_dp_avg_eps8_K20_s43_K300_211111fc1e72.json (success exists)
[sweep] skip  cell_lenet_fmnist_N10_a0.1_labelled_probe_warmup_s42_K300_441ccf986cc4.json (success exists)
[sweep] skip  cell_lenet_fmnist_N10_a0.1_dp_avg_eps2_K20_s44_K300_6370e6181ea3.json (success exists)
[sweep] skip  cell_lenet_fmnist_N10_a0.3_warmup_only_labelled_s43_K300_47976bd29ca9.json (success exists)
[sweep] skip  cell_lenet_fmnist_N10_a0.3_dp_avg_eps2_K20_s42_K300_44a8d09b4c21.json (success exists)
[sweep] skip  cell_lenet_fmnist_N10_a1.0_no_phase0_s44_K300_aa4288acd527.json (success exists)
[sweep] skip  cell_lenet_fmnist_N10_a1.0_raw_union_K20_s43_K300_ac1875267af7.json (success exists)
[sweep] skip  cell_lenet_fmnist_N20_a0.01_no_phase0_s42_K300_38c54e313400.json (success exists)
[sweep] skip  cell_lenet_fmnist_N20_a0.01_labelled_probe_warmup_s44_K300_b5f210aac30d.json (success exists)
[sweep] retry cell_lenet_fmnist_N20_a0.01_dp_avg_eps8_K20_s43_K300_908918c9303c.json (prior status != success)
[sweep] start lenet_fmnist N=20 a=0.01 dp_avg_eps8_K20 s=43 K=300 tau=4.0 lr=0.01 scope=head_only
[sweep] ok   dp_avg_eps8_K20 acc=0.1000 mean_teacher=0.1145 wall=38.3s err=None
[sweep] skip  cell_lenet_fmnist_N20_a0.05_labelled_probe_warmup_s42_K300_98cd16df2973.json (success exists)
[sweep] skip  cell_lenet_fmnist_N20_a0.05_dp_avg_eps2_K20_s44_K300_8328447caf18.json (success exists)
[sweep] skip  cell_lenet_fmnist_N20_a0.1_warmup_only_labelled_s43_K300_1576956d2d5b.json (success exists)
[sweep] skip  cell_lenet_fmnist_N20_a0.1_dp_avg_eps2_K20_s42_K300_dcec33545ca8.json (success exists)
[sweep] skip  cell_lenet_fmnist_N20_a0.3_no_phase0_s44_K300_bac4b02e2165.json (success exists)
[sweep] skip  cell_lenet_fmnist_N20_a0.3_raw_union_K20_s43_K300_b533d043209c.json (success exists)
[sweep] skip  cell_lenet_fmnist_N20_a1.0_no_phase0_s42_K300_a3e8d163bb93.json (success exists)
[sweep] skip  cell_lenet_fmnist_N20_a1.0_labelled_probe_warmup_s44_K300_a035cd554fbd.json (success exists)
[sweep] skip  cell_lenet_fmnist_N20_a1.0_dp_avg_eps8_K20_s43_K300_d95bf87323fe.json (success exists)
[sweep] skip  cell_lenet_fmnist_N50_a0.01_labelled_probe_warmup_s42_K300_6acfa7d632f6.json (success exists)
[sweep] retry cell_lenet_fmnist_N50_a0.01_dp_avg_eps2_K20_s44_K300_659a468b1fe9.json (prior status != success)
[sweep] start lenet_fmnist N=50 a=0.01 dp_avg_eps2_K20 s=44 K=300 tau=4.0 lr=0.01 scope=head_only
[sweep] ok   dp_avg_eps2_K20 acc=0.1000 mean_teacher=0.1142 wall=44.9s err=None
[sweep] skip  cell_lenet_fmnist_N50_a0.05_warmup_only_labelled_s43_K300_d0b6904eba2b.json (success exists)
[sweep] skip  cell_lenet_fmnist_N50_a0.05_dp_avg_eps2_K20_s42_K300_a0138f416ab0.json (success exists)
[sweep] skip  cell_lenet_fmnist_N50_a0.1_no_phase0_s44_K300_972a1263dd37.json (success exists)
[sweep] skip  cell_lenet_fmnist_N50_a0.1_raw_union_K20_s43_K300_1134013c3d52.json (success exists)
[sweep] skip  cell_lenet_fmnist_N50_a0.3_no_phase0_s42_K300_743f15a9892f.json (success exists)
[sweep] skip  cell_lenet_fmnist_N50_a0.3_labelled_probe_warmup_s44_K300_b3e75c3c68db.json (success exists)
[sweep] skip  cell_lenet_fmnist_N50_a0.3_dp_avg_eps8_K20_s43_K300_ebd92d5d8885.json (success exists)
[sweep] skip  cell_lenet_fmnist_N50_a1.0_labelled_probe_warmup_s42_K300_bba102048473.json (success exists)
[sweep] skip  cell_lenet_fmnist_N50_a1.0_dp_avg_eps2_K20_s44_K300_2bfaa3eaab73.json (success exists)
[sweep] done. ran=2 skipped=54 failed=0. report at /scratch/hkanpak21/HE_IFD/results/heifd_lenet_fmnist_headline/README.md
