[014 lenet] job 1115677 task 7/8 on ai08.kuvalar.ku.edu.tr
[sweep] grid=450 cells; chunk 7/8 -> 56 cells; case=heifd_lenet_fmnist_headline
[sweep] start lenet_fmnist N=1 a=0.01 labelled_probe_warmup s=43 K=300 tau=4.0 lr=0.01 scope=head_only
[sweep] ok   labelled_probe_warmup acc=0.7272 mean_teacher=0.8830 wall=28.9s err=None
[sweep] start lenet_fmnist N=1 a=0.01 dp_avg_eps8_K20 s=42 K=300 tau=4.0 lr=0.01 scope=head_only
[sweep] ok   dp_avg_eps8_K20 acc=0.6863 mean_teacher=0.8717 wall=21.1s err=None
[sweep] start lenet_fmnist N=1 a=0.05 warmup_only_labelled s=44 K=300 tau=4.0 lr=0.01 scope=head_only
[sweep] ok   warmup_only_labelled acc=0.1837 mean_teacher=0.8646 wall=20.2s err=None
[sweep] start lenet_fmnist N=1 a=0.05 dp_avg_eps2_K20 s=43 K=300 tau=4.0 lr=0.01 scope=head_only
[sweep] ok   dp_avg_eps2_K20 acc=0.7055 mean_teacher=0.8846 wall=21.0s err=None
[sweep] start lenet_fmnist N=1 a=0.1 warmup_only_labelled s=42 K=300 tau=4.0 lr=0.01 scope=head_only
[sweep] ok   warmup_only_labelled acc=0.1000 mean_teacher=0.8697 wall=20.4s err=None
[sweep] start lenet_fmnist N=1 a=0.1 raw_union_K20 s=44 K=300 tau=4.0 lr=0.01 scope=head_only
[sweep] ok   raw_union_K20 acc=0.7279 mean_teacher=0.8821 wall=21.0s err=None
[sweep] start lenet_fmnist N=1 a=0.3 no_phase0 s=43 K=300 tau=4.0 lr=0.01 scope=head_only
[sweep] ok   no_phase0 acc=0.6850 mean_teacher=0.8857 wall=21.2s err=None
[sweep] start lenet_fmnist N=1 a=0.3 raw_union_K20 s=42 K=300 tau=4.0 lr=0.01 scope=head_only
[sweep] ok   raw_union_K20 acc=0.6877 mean_teacher=0.8635 wall=21.3s err=None
[sweep] start lenet_fmnist N=1 a=0.3 dp_avg_eps8_K20 s=44 K=300 tau=4.0 lr=0.01 scope=head_only
[sweep] ok   dp_avg_eps8_K20 acc=0.6821 mean_teacher=0.8753 wall=21.3s err=None
[sweep] start lenet_fmnist N=1 a=1.0 labelled_probe_warmup s=43 K=300 tau=4.0 lr=0.01 scope=head_only
[sweep] ok   labelled_probe_warmup acc=0.7048 mean_teacher=0.8738 wall=21.4s err=None
[sweep] start lenet_fmnist N=1 a=1.0 dp_avg_eps8_K20 s=42 K=300 tau=4.0 lr=0.01 scope=head_only
[sweep] ok   dp_avg_eps8_K20 acc=0.6810 mean_teacher=0.8691 wall=21.3s err=None
[sweep] start lenet_fmnist N=5 a=0.01 warmup_only_labelled s=44 K=300 tau=4.0 lr=0.01 scope=head_only
[sweep] ok   warmup_only_labelled acc=0.1837 mean_teacher=0.2658 wall=20.8s err=None
[sweep] start lenet_fmnist N=5 a=0.01 dp_avg_eps2_K20 s=43 K=300 tau=4.0 lr=0.01 scope=head_only
[sweep] ok   dp_avg_eps2_K20 acc=0.2596 mean_teacher=0.2379 wall=24.2s err=None
[sweep] start lenet_fmnist N=5 a=0.05 warmup_only_labelled s=42 K=300 tau=4.0 lr=0.01 scope=head_only
[sweep] ok   warmup_only_labelled acc=0.1000 mean_teacher=0.3251 wall=20.7s err=None
[sweep] start lenet_fmnist N=5 a=0.05 raw_union_K20 s=44 K=300 tau=4.0 lr=0.01 scope=head_only
[sweep] ok   raw_union_K20 acc=0.6676 mean_teacher=0.4598 wall=24.2s err=None
[sweep] start lenet_fmnist N=5 a=0.1 no_phase0 s=43 K=300 tau=4.0 lr=0.01 scope=head_only
[sweep] ok   no_phase0 acc=0.5113 mean_teacher=0.4568 wall=24.2s err=None
[sweep] start lenet_fmnist N=5 a=0.1 raw_union_K20 s=42 K=300 tau=4.0 lr=0.01 scope=head_only
[sweep] ok   raw_union_K20 acc=0.6919 mean_teacher=0.4977 wall=24.3s err=None
[sweep] start lenet_fmnist N=5 a=0.1 dp_avg_eps8_K20 s=44 K=300 tau=4.0 lr=0.01 scope=head_only
[sweep] ok   dp_avg_eps8_K20 acc=0.4058 mean_teacher=0.4498 wall=24.1s err=None
[sweep] start lenet_fmnist N=5 a=0.3 labelled_probe_warmup s=43 K=300 tau=4.0 lr=0.01 scope=head_only
[sweep] ok   labelled_probe_warmup acc=0.4573 mean_teacher=0.6258 wall=24.1s err=None
[sweep] start lenet_fmnist N=5 a=0.3 dp_avg_eps8_K20 s=42 K=300 tau=4.0 lr=0.01 scope=head_only
[sweep] ok   dp_avg_eps8_K20 acc=0.4893 mean_teacher=0.6524 wall=24.2s err=None
[sweep] start lenet_fmnist N=5 a=1.0 warmup_only_labelled s=44 K=300 tau=4.0 lr=0.01 scope=head_only
[sweep] ok   warmup_only_labelled acc=0.1837 mean_teacher=0.7882 wall=20.7s err=None
[sweep] start lenet_fmnist N=5 a=1.0 dp_avg_eps2_K20 s=43 K=300 tau=4.0 lr=0.01 scope=head_only
[sweep] ok   dp_avg_eps2_K20 acc=0.6494 mean_teacher=0.7776 wall=24.2s err=None
[sweep] start lenet_fmnist N=10 a=0.01 warmup_only_labelled s=42 K=300 tau=4.0 lr=0.01 scope=head_only
[sweep] ok   warmup_only_labelled acc=0.1000 mean_teacher=0.1291 wall=21.1s err=None
[sweep] start lenet_fmnist N=10 a=0.01 raw_union_K20 s=44 K=300 tau=4.0 lr=0.01 scope=head_only
[sweep] ok   raw_union_K20 acc=0.5902 mean_teacher=0.1464 wall=27.9s err=None
[sweep] start lenet_fmnist N=10 a=0.05 no_phase0 s=43 K=300 tau=4.0 lr=0.01 scope=head_only
[sweep] ok   no_phase0 acc=0.2172 mean_teacher=0.2513 wall=27.9s err=None
[sweep] start lenet_fmnist N=10 a=0.05 raw_union_K20 s=42 K=300 tau=4.0 lr=0.01 scope=head_only
[sweep] ok   raw_union_K20 acc=0.6077 mean_teacher=0.2904 wall=28.0s err=None
[sweep] start lenet_fmnist N=10 a=0.05 dp_avg_eps8_K20 s=44 K=300 tau=4.0 lr=0.01 scope=head_only
[sweep] ok   dp_avg_eps8_K20 acc=0.2942 mean_teacher=0.2667 wall=27.9s err=None
[sweep] start lenet_fmnist N=10 a=0.1 labelled_probe_warmup s=43 K=300 tau=4.0 lr=0.01 scope=head_only
[sweep] ok   labelled_probe_warmup acc=0.3051 mean_teacher=0.3263 wall=27.7s err=None
[sweep] start lenet_fmnist N=10 a=0.1 dp_avg_eps8_K20 s=42 K=300 tau=4.0 lr=0.01 scope=head_only
[sweep] ok   dp_avg_eps8_K20 acc=0.4420 mean_teacher=0.3478 wall=28.0s err=None
[sweep] start lenet_fmnist N=10 a=0.3 warmup_only_labelled s=44 K=300 tau=4.0 lr=0.01 scope=head_only
[sweep] ok   warmup_only_labelled acc=0.1837 mean_teacher=0.5563 wall=21.2s err=None
[sweep] start lenet_fmnist N=10 a=0.3 dp_avg_eps2_K20 s=43 K=300 tau=4.0 lr=0.01 scope=head_only
[sweep] ok   dp_avg_eps2_K20 acc=0.5607 mean_teacher=0.5036 wall=27.9s err=None
[sweep] start lenet_fmnist N=10 a=1.0 warmup_only_labelled s=42 K=300 tau=4.0 lr=0.01 scope=head_only
[sweep] ok   warmup_only_labelled acc=0.1000 mean_teacher=0.7663 wall=21.1s err=None
[sweep] start lenet_fmnist N=10 a=1.0 raw_union_K20 s=44 K=300 tau=4.0 lr=0.01 scope=head_only
[sweep] ok   raw_union_K20 acc=0.7842 mean_teacher=0.7563 wall=28.0s err=None
[sweep] start lenet_fmnist N=20 a=0.01 no_phase0 s=43 K=300 tau=4.0 lr=0.01 scope=head_only
[sweep] ok   no_phase0 acc=0.1000 mean_teacher=0.1145 wall=31.0s err=None
[sweep] start lenet_fmnist N=20 a=0.01 raw_union_K20 s=42 K=300 tau=4.0 lr=0.01 scope=head_only
[sweep] ok   raw_union_K20 acc=0.5288 mean_teacher=0.1138 wall=31.7s err=None
[sweep] start lenet_fmnist N=20 a=0.01 dp_avg_eps8_K20 s=44 K=300 tau=4.0 lr=0.01 scope=head_only
[sweep] FAIL   dp_avg_eps8_K20 acc=n/a mean_teacher=0.1529 wall=21.0s err=RuntimeError: cannot reshape tensor of 0 elements into shape [0, -1] because the unspecified dimension size -1 can be any value and is ambiguous
[sweep] start lenet_fmnist N=20 a=0.05 labelled_probe_warmup s=43 K=300 tau=4.0 lr=0.01 scope=head_only
[sweep] ok   labelled_probe_warmup acc=0.1966 mean_teacher=0.1771 wall=35.1s err=None
[sweep] start lenet_fmnist N=20 a=0.05 dp_avg_eps8_K20 s=42 K=300 tau=4.0 lr=0.01 scope=head_only
[sweep] ok   dp_avg_eps8_K20 acc=0.3227 mean_teacher=0.2435 wall=35.2s err=None
[sweep] start lenet_fmnist N=20 a=0.1 warmup_only_labelled s=44 K=300 tau=4.0 lr=0.01 scope=head_only
[sweep] ok   warmup_only_labelled acc=0.1837 mean_teacher=0.3153 wall=21.5s err=None
[sweep] start lenet_fmnist N=20 a=0.1 dp_avg_eps2_K20 s=43 K=300 tau=4.0 lr=0.01 scope=head_only
[sweep] ok   dp_avg_eps2_K20 acc=0.4116 mean_teacher=0.2807 wall=35.2s err=None
[sweep] start lenet_fmnist N=20 a=0.3 warmup_only_labelled s=42 K=300 tau=4.0 lr=0.01 scope=head_only
[sweep] ok   warmup_only_labelled acc=0.1000 mean_teacher=0.5164 wall=21.5s err=None
[sweep] start lenet_fmnist N=20 a=0.3 raw_union_K20 s=44 K=300 tau=4.0 lr=0.01 scope=head_only
[sweep] ok   raw_union_K20 acc=0.7971 mean_teacher=0.5263 wall=35.3s err=None
[sweep] start lenet_fmnist N=20 a=1.0 no_phase0 s=43 K=300 tau=4.0 lr=0.01 scope=head_only
[sweep] ok   no_phase0 acc=0.6187 mean_teacher=0.7033 wall=35.0s err=None
[sweep] start lenet_fmnist N=20 a=1.0 raw_union_K20 s=42 K=300 tau=4.0 lr=0.01 scope=head_only
[sweep] ok   raw_union_K20 acc=0.8234 mean_teacher=0.6815 wall=35.3s err=None
[sweep] start lenet_fmnist N=20 a=1.0 dp_avg_eps8_K20 s=44 K=300 tau=4.0 lr=0.01 scope=head_only
[sweep] ok   dp_avg_eps8_K20 acc=0.6181 mean_teacher=0.6929 wall=35.1s err=None
[sweep] start lenet_fmnist N=50 a=0.01 labelled_probe_warmup s=43 K=300 tau=4.0 lr=0.01 scope=head_only
[sweep] ok   labelled_probe_warmup acc=0.1008 mean_teacher=0.1118 wall=44.1s err=None
[sweep] start lenet_fmnist N=50 a=0.01 dp_avg_eps8_K20 s=42 K=300 tau=4.0 lr=0.01 scope=head_only
[sweep] FAIL   dp_avg_eps8_K20 acc=n/a mean_teacher=0.1142 wall=21.4s err=RuntimeError: cannot reshape tensor of 0 elements into shape [0, -1] because the unspecified dimension size -1 can be any value and is ambiguous
[sweep] start lenet_fmnist N=50 a=0.05 warmup_only_labelled s=44 K=300 tau=4.0 lr=0.01 scope=head_only
[sweep] ok   warmup_only_labelled acc=0.1837 mean_teacher=0.1609 wall=22.6s err=None
[sweep] start lenet_fmnist N=50 a=0.05 dp_avg_eps2_K20 s=43 K=300 tau=4.0 lr=0.01 scope=head_only
[sweep] FAIL   dp_avg_eps2_K20 acc=n/a mean_teacher=0.1808 wall=21.7s err=RuntimeError: cannot reshape tensor of 0 elements into shape [0, -1] because the unspecified dimension size -1 can be any value and is ambiguous
[sweep] start lenet_fmnist N=50 a=0.1 warmup_only_labelled s=42 K=300 tau=4.0 lr=0.01 scope=head_only
[sweep] ok   warmup_only_labelled acc=0.1000 mean_teacher=0.2502 wall=22.4s err=None
[sweep] start lenet_fmnist N=50 a=0.1 raw_union_K20 s=44 K=300 tau=4.0 lr=0.01 scope=head_only
[sweep] ok   raw_union_K20 acc=0.8028 mean_teacher=0.2444 wall=56.6s err=None
[sweep] start lenet_fmnist N=50 a=0.3 no_phase0 s=43 K=300 tau=4.0 lr=0.01 scope=head_only
[sweep] ok   no_phase0 acc=0.4916 mean_teacher=0.4185 wall=56.1s err=None
[sweep] start lenet_fmnist N=50 a=0.3 raw_union_K20 s=42 K=300 tau=4.0 lr=0.01 scope=head_only
[sweep] ok   raw_union_K20 acc=0.8378 mean_teacher=0.4094 wall=57.0s err=None
[sweep] start lenet_fmnist N=50 a=0.3 dp_avg_eps8_K20 s=44 K=300 tau=4.0 lr=0.01 scope=head_only
[sweep] ok   dp_avg_eps8_K20 acc=0.5113 mean_teacher=0.4159 wall=56.3s err=None
[sweep] start lenet_fmnist N=50 a=1.0 labelled_probe_warmup s=43 K=300 tau=4.0 lr=0.01 scope=head_only
[sweep] ok   labelled_probe_warmup acc=0.6199 mean_teacher=0.5807 wall=56.0s err=None
[sweep] start lenet_fmnist N=50 a=1.0 dp_avg_eps8_K20 s=42 K=300 tau=4.0 lr=0.01 scope=head_only
[sweep] ok   dp_avg_eps8_K20 acc=0.6291 mean_teacher=0.5717 wall=56.3s err=None
[sweep] done. ran=53 skipped=0 failed=3. report at /scratch/hkanpak21/HE_IFD/results/heifd_lenet_fmnist_headline/README.md
