[014 lenet] job 1115677 task 4/8 on ai08.kuvalar.ku.edu.tr
[sweep] grid=450 cells; chunk 4/8 -> 56 cells; case=heifd_lenet_fmnist_headline
[sweep] start lenet_fmnist N=1 a=0.01 warmup_only_labelled s=43 K=300 tau=4.0 lr=0.01 scope=head_only
[sweep] ok   warmup_only_labelled acc=0.1735 mean_teacher=0.8858 wall=28.0s err=None
[sweep] start lenet_fmnist N=1 a=0.01 dp_avg_eps2_K20 s=42 K=300 tau=4.0 lr=0.01 scope=head_only
[sweep] ok   dp_avg_eps2_K20 acc=0.7076 mean_teacher=0.8781 wall=21.6s err=None
[sweep] start lenet_fmnist N=1 a=0.05 no_phase0 s=44 K=300 tau=4.0 lr=0.01 scope=head_only
[sweep] ok   no_phase0 acc=0.6597 mean_teacher=0.8684 wall=21.5s err=None
[sweep] start lenet_fmnist N=1 a=0.05 raw_union_K20 s=43 K=300 tau=4.0 lr=0.01 scope=head_only
[sweep] ok   raw_union_K20 acc=0.7481 mean_teacher=0.8831 wall=21.6s err=None
[sweep] start lenet_fmnist N=1 a=0.1 no_phase0 s=42 K=300 tau=4.0 lr=0.01 scope=head_only
[sweep] ok   no_phase0 acc=0.6550 mean_teacher=0.8626 wall=21.5s err=None
[sweep] start lenet_fmnist N=1 a=0.1 labelled_probe_warmup s=44 K=300 tau=4.0 lr=0.01 scope=head_only
[sweep] ok   labelled_probe_warmup acc=0.6368 mean_teacher=0.8795 wall=21.4s err=None
[sweep] start lenet_fmnist N=1 a=0.1 dp_avg_eps8_K20 s=43 K=300 tau=4.0 lr=0.01 scope=head_only
[sweep] ok   dp_avg_eps8_K20 acc=0.6802 mean_teacher=0.8756 wall=21.6s err=None
[sweep] start lenet_fmnist N=1 a=0.3 labelled_probe_warmup s=42 K=300 tau=4.0 lr=0.01 scope=head_only
[sweep] ok   labelled_probe_warmup acc=0.6810 mean_teacher=0.8735 wall=21.6s err=None
[sweep] start lenet_fmnist N=1 a=0.3 dp_avg_eps2_K20 s=44 K=300 tau=4.0 lr=0.01 scope=head_only
[sweep] ok   dp_avg_eps2_K20 acc=0.6840 mean_teacher=0.8822 wall=21.6s err=None
[sweep] start lenet_fmnist N=1 a=1.0 warmup_only_labelled s=43 K=300 tau=4.0 lr=0.01 scope=head_only
[sweep] ok   warmup_only_labelled acc=0.1735 mean_teacher=0.8665 wall=20.8s err=None
[sweep] start lenet_fmnist N=1 a=1.0 dp_avg_eps2_K20 s=42 K=300 tau=4.0 lr=0.01 scope=head_only
[sweep] ok   dp_avg_eps2_K20 acc=0.6815 mean_teacher=0.8699 wall=21.5s err=None
[sweep] start lenet_fmnist N=5 a=0.01 no_phase0 s=44 K=300 tau=4.0 lr=0.01 scope=head_only
[sweep] ok   no_phase0 acc=0.3844 mean_teacher=0.2700 wall=24.4s err=None
[sweep] start lenet_fmnist N=5 a=0.01 raw_union_K20 s=43 K=300 tau=4.0 lr=0.01 scope=head_only
[sweep] ok   raw_union_K20 acc=0.3930 mean_teacher=0.2502 wall=24.5s err=None
[sweep] start lenet_fmnist N=5 a=0.05 no_phase0 s=42 K=300 tau=4.0 lr=0.01 scope=head_only
[sweep] ok   no_phase0 acc=0.3942 mean_teacher=0.3268 wall=24.5s err=None
[sweep] start lenet_fmnist N=5 a=0.05 labelled_probe_warmup s=44 K=300 tau=4.0 lr=0.01 scope=head_only
[sweep] ok   labelled_probe_warmup acc=0.4458 mean_teacher=0.4613 wall=24.4s err=None
[sweep] start lenet_fmnist N=5 a=0.05 dp_avg_eps8_K20 s=43 K=300 tau=4.0 lr=0.01 scope=head_only
[sweep] ok   dp_avg_eps8_K20 acc=0.4246 mean_teacher=0.4036 wall=24.5s err=None
[sweep] start lenet_fmnist N=5 a=0.1 labelled_probe_warmup s=42 K=300 tau=4.0 lr=0.01 scope=head_only
[sweep] ok   labelled_probe_warmup acc=0.5741 mean_teacher=0.4915 wall=24.5s err=None
[sweep] start lenet_fmnist N=5 a=0.1 dp_avg_eps2_K20 s=44 K=300 tau=4.0 lr=0.01 scope=head_only
[sweep] ok   dp_avg_eps2_K20 acc=0.4169 mean_teacher=0.4543 wall=24.5s err=None
[sweep] start lenet_fmnist N=5 a=0.3 warmup_only_labelled s=43 K=300 tau=4.0 lr=0.01 scope=head_only
[sweep] ok   warmup_only_labelled acc=0.1735 mean_teacher=0.6272 wall=21.0s err=None
[sweep] start lenet_fmnist N=5 a=0.3 dp_avg_eps2_K20 s=42 K=300 tau=4.0 lr=0.01 scope=head_only
[sweep] ok   dp_avg_eps2_K20 acc=0.4947 mean_teacher=0.6545 wall=24.5s err=None
[sweep] start lenet_fmnist N=5 a=1.0 no_phase0 s=44 K=300 tau=4.0 lr=0.01 scope=head_only
[sweep] ok   no_phase0 acc=0.6035 mean_teacher=0.7979 wall=24.4s err=None
[sweep] start lenet_fmnist N=5 a=1.0 raw_union_K20 s=43 K=300 tau=4.0 lr=0.01 scope=head_only
[sweep] ok   raw_union_K20 acc=0.7488 mean_teacher=0.7849 wall=24.5s err=None
[sweep] start lenet_fmnist N=10 a=0.01 no_phase0 s=42 K=300 tau=4.0 lr=0.01 scope=head_only
[sweep] ok   no_phase0 acc=0.1000 mean_teacher=0.1291 wall=27.9s err=None
[sweep] start lenet_fmnist N=10 a=0.01 labelled_probe_warmup s=44 K=300 tau=4.0 lr=0.01 scope=head_only
[sweep] ok   labelled_probe_warmup acc=0.2307 mean_teacher=0.1464 wall=28.0s err=None
[sweep] start lenet_fmnist N=10 a=0.01 dp_avg_eps8_K20 s=43 K=300 tau=4.0 lr=0.01 scope=head_only
[sweep] ok   dp_avg_eps8_K20 acc=0.1000 mean_teacher=0.1298 wall=28.0s err=None
[sweep] start lenet_fmnist N=10 a=0.05 labelled_probe_warmup s=42 K=300 tau=4.0 lr=0.01 scope=head_only
[sweep] ok   labelled_probe_warmup acc=0.4026 mean_teacher=0.2963 wall=27.9s err=None
[sweep] start lenet_fmnist N=10 a=0.05 dp_avg_eps2_K20 s=44 K=300 tau=4.0 lr=0.01 scope=head_only
[sweep] ok   dp_avg_eps2_K20 acc=0.3344 mean_teacher=0.2634 wall=28.0s err=None
[sweep] start lenet_fmnist N=10 a=0.1 warmup_only_labelled s=43 K=300 tau=4.0 lr=0.01 scope=head_only
[sweep] ok   warmup_only_labelled acc=0.1735 mean_teacher=0.3305 wall=21.1s err=None
[sweep] start lenet_fmnist N=10 a=0.1 dp_avg_eps2_K20 s=42 K=300 tau=4.0 lr=0.01 scope=head_only
[sweep] ok   dp_avg_eps2_K20 acc=0.4734 mean_teacher=0.3490 wall=27.9s err=None
[sweep] start lenet_fmnist N=10 a=0.3 no_phase0 s=44 K=300 tau=4.0 lr=0.01 scope=head_only
[sweep] ok   no_phase0 acc=0.4160 mean_teacher=0.5637 wall=28.1s err=None
[sweep] start lenet_fmnist N=10 a=0.3 raw_union_K20 s=43 K=300 tau=4.0 lr=0.01 scope=head_only
[sweep] ok   raw_union_K20 acc=0.7645 mean_teacher=0.5100 wall=28.3s err=None
[sweep] start lenet_fmnist N=10 a=1.0 no_phase0 s=42 K=300 tau=4.0 lr=0.01 scope=head_only
[sweep] ok   no_phase0 acc=0.6788 mean_teacher=0.7652 wall=27.9s err=None
[sweep] start lenet_fmnist N=10 a=1.0 labelled_probe_warmup s=44 K=300 tau=4.0 lr=0.01 scope=head_only
[sweep] ok   labelled_probe_warmup acc=0.6330 mean_teacher=0.7629 wall=28.1s err=None
[sweep] start lenet_fmnist N=10 a=1.0 dp_avg_eps8_K20 s=43 K=300 tau=4.0 lr=0.01 scope=head_only
[sweep] ok   dp_avg_eps8_K20 acc=0.6351 mean_teacher=0.7582 wall=28.1s err=None
[sweep] start lenet_fmnist N=20 a=0.01 labelled_probe_warmup s=42 K=300 tau=4.0 lr=0.01 scope=head_only
[sweep] ok   labelled_probe_warmup acc=0.1000 mean_teacher=0.1176 wall=31.8s err=None
[sweep] start lenet_fmnist N=20 a=0.01 dp_avg_eps2_K20 s=44 K=300 tau=4.0 lr=0.01 scope=head_only
[sweep] FAIL   dp_avg_eps2_K20 acc=n/a mean_teacher=0.1525 wall=21.1s err=RuntimeError: cannot reshape tensor of 0 elements into shape [0, -1] because the unspecified dimension size -1 can be any value and is ambiguous
[sweep] start lenet_fmnist N=20 a=0.05 warmup_only_labelled s=43 K=300 tau=4.0 lr=0.01 scope=head_only
[sweep] ok   warmup_only_labelled acc=0.1735 mean_teacher=0.1773 wall=21.6s err=None
[sweep] start lenet_fmnist N=20 a=0.05 dp_avg_eps2_K20 s=42 K=300 tau=4.0 lr=0.01 scope=head_only
[sweep] ok   dp_avg_eps2_K20 acc=0.4340 mean_teacher=0.2404 wall=35.3s err=None
[sweep] start lenet_fmnist N=20 a=0.1 no_phase0 s=44 K=300 tau=4.0 lr=0.01 scope=head_only
[sweep] ok   no_phase0 acc=0.3410 mean_teacher=0.3137 wall=35.2s err=None
[sweep] start lenet_fmnist N=20 a=0.1 raw_union_K20 s=43 K=300 tau=4.0 lr=0.01 scope=head_only
[sweep] ok   raw_union_K20 acc=0.7063 mean_teacher=0.2760 wall=35.5s err=None
[sweep] start lenet_fmnist N=20 a=0.3 no_phase0 s=42 K=300 tau=4.0 lr=0.01 scope=head_only
[sweep] ok   no_phase0 acc=0.5976 mean_teacher=0.5234 wall=35.2s err=None
[sweep] start lenet_fmnist N=20 a=0.3 labelled_probe_warmup s=44 K=300 tau=4.0 lr=0.01 scope=head_only
[sweep] ok   labelled_probe_warmup acc=0.4413 mean_teacher=0.5282 wall=35.1s err=None
[sweep] start lenet_fmnist N=20 a=0.3 dp_avg_eps8_K20 s=43 K=300 tau=4.0 lr=0.01 scope=head_only
[sweep] ok   dp_avg_eps8_K20 acc=0.5238 mean_teacher=0.5056 wall=35.4s err=None
[sweep] start lenet_fmnist N=20 a=1.0 labelled_probe_warmup s=42 K=300 tau=4.0 lr=0.01 scope=head_only
[sweep] ok   labelled_probe_warmup acc=0.6605 mean_teacher=0.6793 wall=35.3s err=None
[sweep] start lenet_fmnist N=20 a=1.0 dp_avg_eps2_K20 s=44 K=300 tau=4.0 lr=0.01 scope=head_only
[sweep] ok   dp_avg_eps2_K20 acc=0.6138 mean_teacher=0.6845 wall=35.2s err=None
[sweep] start lenet_fmnist N=50 a=0.01 warmup_only_labelled s=43 K=300 tau=4.0 lr=0.01 scope=head_only
[sweep] ok   warmup_only_labelled acc=0.1735 mean_teacher=0.1125 wall=22.7s err=None
[sweep] start lenet_fmnist N=50 a=0.01 dp_avg_eps2_K20 s=42 K=300 tau=4.0 lr=0.01 scope=head_only
[sweep] FAIL   dp_avg_eps2_K20 acc=n/a mean_teacher=0.1141 wall=21.6s err=RuntimeError: cannot reshape tensor of 0 elements into shape [0, -1] because the unspecified dimension size -1 can be any value and is ambiguous
[sweep] start lenet_fmnist N=50 a=0.05 no_phase0 s=44 K=300 tau=4.0 lr=0.01 scope=head_only
[sweep] ok   no_phase0 acc=0.1000 mean_teacher=0.1609 wall=56.5s err=None
[sweep] start lenet_fmnist N=50 a=0.05 raw_union_K20 s=43 K=300 tau=4.0 lr=0.01 scope=head_only
