[014 lenet] job 1116376 task 5/8 on ai05.kuvalar.ku.edu.tr
[sweep] grid=450 cells; chunk 5/8 -> 56 cells; case=heifd_lenet_fmnist_headline
[sweep] skip  cell_lenet_fmnist_N1_a0.01_warmup_only_labelled_s44_K300_83d1be25fc41.json (success exists)
[sweep] skip  cell_lenet_fmnist_N1_a0.01_dp_avg_eps2_K20_s43_K300_c5ff6b906b01.json (success exists)
[sweep] skip  cell_lenet_fmnist_N1_a0.05_warmup_only_labelled_s42_K300_88fb8ecf705d.json (success exists)
[sweep] skip  cell_lenet_fmnist_N1_a0.05_raw_union_K20_s44_K300_9f8f2ea3529c.json (success exists)
[sweep] skip  cell_lenet_fmnist_N1_a0.1_no_phase0_s43_K300_718056c2abd2.json (success exists)
[sweep] skip  cell_lenet_fmnist_N1_a0.1_raw_union_K20_s42_K300_a2f02b448f32.json (success exists)
[sweep] skip  cell_lenet_fmnist_N1_a0.1_dp_avg_eps8_K20_s44_K300_58d67eeb6c0a.json (success exists)
[sweep] skip  cell_lenet_fmnist_N1_a0.3_labelled_probe_warmup_s43_K300_1cbb86463a5d.json (success exists)
[sweep] skip  cell_lenet_fmnist_N1_a0.3_dp_avg_eps8_K20_s42_K300_9815da0a1a5d.json (success exists)
[sweep] skip  cell_lenet_fmnist_N1_a1.0_warmup_only_labelled_s44_K300_ed80ffafb015.json (success exists)
[sweep] skip  cell_lenet_fmnist_N1_a1.0_dp_avg_eps2_K20_s43_K300_067fe24862e0.json (success exists)
[sweep] skip  cell_lenet_fmnist_N5_a0.01_warmup_only_labelled_s42_K300_f94b6bc32b55.json (success exists)
[sweep] skip  cell_lenet_fmnist_N5_a0.01_raw_union_K20_s44_K300_41c7d60a99d3.json (success exists)
[sweep] skip  cell_lenet_fmnist_N5_a0.05_no_phase0_s43_K300_957c254f856b.json (success exists)
[sweep] skip  cell_lenet_fmnist_N5_a0.05_raw_union_K20_s42_K300_572b599ec405.json (success exists)
[sweep] skip  cell_lenet_fmnist_N5_a0.05_dp_avg_eps8_K20_s44_K300_4f80f5815dd2.json (success exists)
[sweep] skip  cell_lenet_fmnist_N5_a0.1_labelled_probe_warmup_s43_K300_d55c59cee8da.json (success exists)
[sweep] skip  cell_lenet_fmnist_N5_a0.1_dp_avg_eps8_K20_s42_K300_6c7ae48fdc9d.json (success exists)
[sweep] skip  cell_lenet_fmnist_N5_a0.3_warmup_only_labelled_s44_K300_80dd1fa975d5.json (success exists)
[sweep] skip  cell_lenet_fmnist_N5_a0.3_dp_avg_eps2_K20_s43_K300_f7d98e6d499d.json (success exists)
[sweep] skip  cell_lenet_fmnist_N5_a1.0_warmup_only_labelled_s42_K300_59a078e812e0.json (success exists)
[sweep] skip  cell_lenet_fmnist_N5_a1.0_raw_union_K20_s44_K300_07a6c4af2b03.json (success exists)
[sweep] skip  cell_lenet_fmnist_N10_a0.01_no_phase0_s43_K300_4baaa1c57aa3.json (success exists)
[sweep] skip  cell_lenet_fmnist_N10_a0.01_raw_union_K20_s42_K300_092239bfa740.json (success exists)
[sweep] skip  cell_lenet_fmnist_N10_a0.01_dp_avg_eps8_K20_s44_K300_818a5ff4ff7e.json (success exists)
[sweep] skip  cell_lenet_fmnist_N10_a0.05_labelled_probe_warmup_s43_K300_9e78726b4354.json (success exists)
[sweep] skip  cell_lenet_fmnist_N10_a0.05_dp_avg_eps8_K20_s42_K300_d2dc31f4c871.json (success exists)
[sweep] skip  cell_lenet_fmnist_N10_a0.1_warmup_only_labelled_s44_K300_cf7f393bcd3b.json (success exists)
[sweep] skip  cell_lenet_fmnist_N10_a0.1_dp_avg_eps2_K20_s43_K300_8449c8117392.json (success exists)
[sweep] skip  cell_lenet_fmnist_N10_a0.3_warmup_only_labelled_s42_K300_3195c7b690ea.json (success exists)
[sweep] skip  cell_lenet_fmnist_N10_a0.3_raw_union_K20_s44_K300_001f2df1b91a.json (success exists)
[sweep] skip  cell_lenet_fmnist_N10_a1.0_no_phase0_s43_K300_39774e8e974d.json (success exists)
[sweep] skip  cell_lenet_fmnist_N10_a1.0_raw_union_K20_s42_K300_9dd217345ec1.json (success exists)
[sweep] skip  cell_lenet_fmnist_N10_a1.0_dp_avg_eps8_K20_s44_K300_d47c05cea7f4.json (success exists)
[sweep] skip  cell_lenet_fmnist_N20_a0.01_labelled_probe_warmup_s43_K300_926e375aa1c4.json (success exists)
[sweep] retry cell_lenet_fmnist_N20_a0.01_dp_avg_eps8_K20_s42_K300_fee7fe905a60.json (prior status != success)
[sweep] start lenet_fmnist N=20 a=0.01 dp_avg_eps8_K20 s=42 K=300 tau=4.0 lr=0.01 scope=head_only
[sweep] ok   dp_avg_eps8_K20 acc=0.2204 mean_teacher=0.1186 wall=39.6s err=None
[sweep] skip  cell_lenet_fmnist_N20_a0.05_warmup_only_labelled_s44_K300_5ae6d4543d85.json (success exists)
[sweep] skip  cell_lenet_fmnist_N20_a0.05_dp_avg_eps2_K20_s43_K300_9f168365ff83.json (success exists)
[sweep] skip  cell_lenet_fmnist_N20_a0.1_warmup_only_labelled_s42_K300_18c05d464173.json (success exists)
[sweep] skip  cell_lenet_fmnist_N20_a0.1_raw_union_K20_s44_K300_058532a5c7c1.json (success exists)
[sweep] skip  cell_lenet_fmnist_N20_a0.3_no_phase0_s43_K300_dfb01683caaf.json (success exists)
[sweep] skip  cell_lenet_fmnist_N20_a0.3_raw_union_K20_s42_K300_12cf182ee6f2.json (success exists)
[sweep] skip  cell_lenet_fmnist_N20_a0.3_dp_avg_eps8_K20_s44_K300_ed08445a395b.json (success exists)
[sweep] skip  cell_lenet_fmnist_N20_a1.0_labelled_probe_warmup_s43_K300_7bdeaa70e2ed.json (success exists)
[sweep] skip  cell_lenet_fmnist_N20_a1.0_dp_avg_eps8_K20_s42_K300_c7a4917bf59c.json (success exists)
[sweep] skip  cell_lenet_fmnist_N50_a0.01_warmup_only_labelled_s44_K300_1cfa833f4433.json (success exists)
[sweep] retry cell_lenet_fmnist_N50_a0.01_dp_avg_eps2_K20_s43_K300_04e5e799a4fa.json (prior status != success)
[sweep] start lenet_fmnist N=50 a=0.01 dp_avg_eps2_K20 s=43 K=300 tau=4.0 lr=0.01 scope=head_only
[sweep] ok   dp_avg_eps2_K20 acc=0.1172 mean_teacher=0.1124 wall=44.4s err=None
[sweep] skip  cell_lenet_fmnist_N50_a0.05_warmup_only_labelled_s42_K300_38c24f643196.json (success exists)
[sweep] skip  cell_lenet_fmnist_N50_a0.05_raw_union_K20_s44_K300_9282f87e90c9.json (success exists)
[sweep] skip  cell_lenet_fmnist_N50_a0.1_no_phase0_s43_K300_520653bf69dc.json (success exists)
[sweep] skip  cell_lenet_fmnist_N50_a0.1_raw_union_K20_s42_K300_69a645a6e134.json (success exists)
[sweep] skip  cell_lenet_fmnist_N50_a0.1_dp_avg_eps8_K20_s44_K300_934bcf7ea92c.json (success exists)
[sweep] skip  cell_lenet_fmnist_N50_a0.3_labelled_probe_warmup_s43_K300_0d29a4e91e97.json (success exists)
[sweep] skip  cell_lenet_fmnist_N50_a0.3_dp_avg_eps8_K20_s42_K300_a9b3afb6425c.json (success exists)
[sweep] skip  cell_lenet_fmnist_N50_a1.0_warmup_only_labelled_s44_K300_aa2be9f43a25.json (success exists)
[sweep] skip  cell_lenet_fmnist_N50_a1.0_dp_avg_eps2_K20_s43_K300_3f93b3b028a1.json (success exists)
[sweep] done. ran=2 skipped=54 failed=0. report at /scratch/hkanpak21/HE_IFD/results/heifd_lenet_fmnist_headline/README.md
