[014 lenet] job 1115677 task 2/8 on ai08.kuvalar.ku.edu.tr
[sweep] grid=450 cells; chunk 2/8 -> 56 cells; case=heifd_lenet_fmnist_headline
[sweep] start lenet_fmnist N=1 a=0.01 no_phase0 s=44 K=300 tau=4.0 lr=0.01 scope=head_only
[sweep] ok   no_phase0 acc=0.6869 mean_teacher=0.8651 wall=29.1s err=None
[sweep] start lenet_fmnist N=1 a=0.01 raw_union_K20 s=43 K=300 tau=4.0 lr=0.01 scope=head_only
[sweep] ok   raw_union_K20 acc=0.7401 mean_teacher=0.8779 wall=21.3s err=None
[sweep] start lenet_fmnist N=1 a=0.05 no_phase0 s=42 K=300 tau=4.0 lr=0.01 scope=head_only
[sweep] ok   no_phase0 acc=0.7149 mean_teacher=0.8763 wall=21.2s err=None
[sweep] start lenet_fmnist N=1 a=0.05 labelled_probe_warmup s=44 K=300 tau=4.0 lr=0.01 scope=head_only
[sweep] ok   labelled_probe_warmup acc=0.6770 mean_teacher=0.8710 wall=21.2s err=None
[sweep] start lenet_fmnist N=1 a=0.05 dp_avg_eps8_K20 s=43 K=300 tau=4.0 lr=0.01 scope=head_only
[sweep] ok   dp_avg_eps8_K20 acc=0.7176 mean_teacher=0.8726 wall=21.2s err=None
[sweep] start lenet_fmnist N=1 a=0.1 labelled_probe_warmup s=42 K=300 tau=4.0 lr=0.01 scope=head_only
[sweep] ok   labelled_probe_warmup acc=0.6934 mean_teacher=0.8626 wall=21.2s err=None
[sweep] start lenet_fmnist N=1 a=0.1 dp_avg_eps2_K20 s=44 K=300 tau=4.0 lr=0.01 scope=head_only
[sweep] ok   dp_avg_eps2_K20 acc=0.7033 mean_teacher=0.8766 wall=21.2s err=None
[sweep] start lenet_fmnist N=1 a=0.3 warmup_only_labelled s=43 K=300 tau=4.0 lr=0.01 scope=head_only
[sweep] ok   warmup_only_labelled acc=0.1735 mean_teacher=0.8705 wall=20.5s err=None
[sweep] start lenet_fmnist N=1 a=0.3 dp_avg_eps2_K20 s=42 K=300 tau=4.0 lr=0.01 scope=head_only
[sweep] ok   dp_avg_eps2_K20 acc=0.6996 mean_teacher=0.8692 wall=21.3s err=None
[sweep] start lenet_fmnist N=1 a=1.0 no_phase0 s=44 K=300 tau=4.0 lr=0.01 scope=head_only
[sweep] ok   no_phase0 acc=0.7077 mean_teacher=0.8834 wall=21.2s err=None
[sweep] start lenet_fmnist N=1 a=1.0 raw_union_K20 s=43 K=300 tau=4.0 lr=0.01 scope=head_only
[sweep] ok   raw_union_K20 acc=0.7392 mean_teacher=0.8697 wall=21.3s err=None
[sweep] start lenet_fmnist N=5 a=0.01 no_phase0 s=42 K=300 tau=4.0 lr=0.01 scope=head_only
[sweep] ok   no_phase0 acc=0.1000 mean_teacher=0.1882 wall=24.0s err=None
[sweep] start lenet_fmnist N=5 a=0.01 labelled_probe_warmup s=44 K=300 tau=4.0 lr=0.01 scope=head_only
[sweep] ok   labelled_probe_warmup acc=0.4759 mean_teacher=0.2655 wall=24.1s err=None
[sweep] start lenet_fmnist N=5 a=0.01 dp_avg_eps8_K20 s=43 K=300 tau=4.0 lr=0.01 scope=head_only
[sweep] ok   dp_avg_eps8_K20 acc=0.2725 mean_teacher=0.2378 wall=24.3s err=None
[sweep] start lenet_fmnist N=5 a=0.05 labelled_probe_warmup s=42 K=300 tau=4.0 lr=0.01 scope=head_only
[sweep] ok   labelled_probe_warmup acc=0.4508 mean_teacher=0.3204 wall=24.3s err=None
[sweep] start lenet_fmnist N=5 a=0.05 dp_avg_eps2_K20 s=44 K=300 tau=4.0 lr=0.01 scope=head_only
[sweep] ok   dp_avg_eps2_K20 acc=0.5032 mean_teacher=0.4566 wall=24.1s err=None
[sweep] start lenet_fmnist N=5 a=0.1 warmup_only_labelled s=43 K=300 tau=4.0 lr=0.01 scope=head_only
[sweep] ok   warmup_only_labelled acc=0.1735 mean_teacher=0.4368 wall=20.9s err=None
[sweep] start lenet_fmnist N=5 a=0.1 dp_avg_eps2_K20 s=42 K=300 tau=4.0 lr=0.01 scope=head_only
[sweep] ok   dp_avg_eps2_K20 acc=0.5458 mean_teacher=0.4959 wall=24.2s err=None
[sweep] start lenet_fmnist N=5 a=0.3 no_phase0 s=44 K=300 tau=4.0 lr=0.01 scope=head_only
[sweep] ok   no_phase0 acc=0.5111 mean_teacher=0.6498 wall=24.2s err=None
[sweep] start lenet_fmnist N=5 a=0.3 raw_union_K20 s=43 K=300 tau=4.0 lr=0.01 scope=head_only
[sweep] ok   raw_union_K20 acc=0.5975 mean_teacher=0.6102 wall=24.3s err=None
[sweep] start lenet_fmnist N=5 a=1.0 no_phase0 s=42 K=300 tau=4.0 lr=0.01 scope=head_only
[sweep] ok   no_phase0 acc=0.6755 mean_teacher=0.7992 wall=24.2s err=None
[sweep] start lenet_fmnist N=5 a=1.0 labelled_probe_warmup s=44 K=300 tau=4.0 lr=0.01 scope=head_only
[sweep] ok   labelled_probe_warmup acc=0.6108 mean_teacher=0.7939 wall=24.1s err=None
[sweep] start lenet_fmnist N=5 a=1.0 dp_avg_eps8_K20 s=43 K=300 tau=4.0 lr=0.01 scope=head_only
[sweep] ok   dp_avg_eps8_K20 acc=0.6336 mean_teacher=0.7749 wall=24.0s err=None
[sweep] start lenet_fmnist N=10 a=0.01 labelled_probe_warmup s=42 K=300 tau=4.0 lr=0.01 scope=head_only
[sweep] ok   labelled_probe_warmup acc=0.1000 mean_teacher=0.1291 wall=27.6s err=None
[sweep] start lenet_fmnist N=10 a=0.01 dp_avg_eps2_K20 s=44 K=300 tau=4.0 lr=0.01 scope=head_only
[sweep] ok   dp_avg_eps2_K20 acc=0.2590 mean_teacher=0.1467 wall=27.6s err=None
[sweep] start lenet_fmnist N=10 a=0.05 warmup_only_labelled s=43 K=300 tau=4.0 lr=0.01 scope=head_only
[sweep] ok   warmup_only_labelled acc=0.1735 mean_teacher=0.2537 wall=20.9s err=None
[sweep] start lenet_fmnist N=10 a=0.05 dp_avg_eps2_K20 s=42 K=300 tau=4.0 lr=0.01 scope=head_only
[sweep] ok   dp_avg_eps2_K20 acc=0.4223 mean_teacher=0.2966 wall=27.7s err=None
[sweep] start lenet_fmnist N=10 a=0.1 no_phase0 s=44 K=300 tau=4.0 lr=0.01 scope=head_only
[sweep] ok   no_phase0 acc=0.2774 mean_teacher=0.3517 wall=27.5s err=None
[sweep] start lenet_fmnist N=10 a=0.1 raw_union_K20 s=43 K=300 tau=4.0 lr=0.01 scope=head_only
[sweep] ok   raw_union_K20 acc=0.6548 mean_teacher=0.3278 wall=27.7s err=None
[sweep] start lenet_fmnist N=10 a=0.3 no_phase0 s=42 K=300 tau=4.0 lr=0.01 scope=head_only
[sweep] ok   no_phase0 acc=0.5229 mean_teacher=0.6074 wall=27.5s err=None
[sweep] start lenet_fmnist N=10 a=0.3 labelled_probe_warmup s=44 K=300 tau=4.0 lr=0.01 scope=head_only
[sweep] ok   labelled_probe_warmup acc=0.4805 mean_teacher=0.5656 wall=27.5s err=None
[sweep] start lenet_fmnist N=10 a=0.3 dp_avg_eps8_K20 s=43 K=300 tau=4.0 lr=0.01 scope=head_only
[sweep] ok   dp_avg_eps8_K20 acc=0.5414 mean_teacher=0.5138 wall=27.6s err=None
[sweep] start lenet_fmnist N=10 a=1.0 labelled_probe_warmup s=42 K=300 tau=4.0 lr=0.01 scope=head_only
[sweep] ok   labelled_probe_warmup acc=0.6752 mean_teacher=0.7629 wall=27.4s err=None
[sweep] start lenet_fmnist N=10 a=1.0 dp_avg_eps2_K20 s=44 K=300 tau=4.0 lr=0.01 scope=head_only
[sweep] ok   dp_avg_eps2_K20 acc=0.6541 mean_teacher=0.7603 wall=27.5s err=None
[sweep] start lenet_fmnist N=20 a=0.01 warmup_only_labelled s=43 K=300 tau=4.0 lr=0.01 scope=head_only
[sweep] ok   warmup_only_labelled acc=0.1735 mean_teacher=0.1145 wall=21.2s err=None
[sweep] start lenet_fmnist N=20 a=0.01 dp_avg_eps2_K20 s=42 K=300 tau=4.0 lr=0.01 scope=head_only
[sweep] FAIL   dp_avg_eps2_K20 acc=n/a mean_teacher=0.1134 wall=20.6s err=RuntimeError: cannot reshape tensor of 0 elements into shape [0, -1] because the unspecified dimension size -1 can be any value and is ambiguous
[sweep] start lenet_fmnist N=20 a=0.05 no_phase0 s=44 K=300 tau=4.0 lr=0.01 scope=head_only
[sweep] ok   no_phase0 acc=0.3905 mean_teacher=0.2464 wall=34.7s err=None
[sweep] start lenet_fmnist N=20 a=0.05 raw_union_K20 s=43 K=300 tau=4.0 lr=0.01 scope=head_only
[sweep] ok   raw_union_K20 acc=0.6769 mean_teacher=0.1764 wall=34.9s err=None
[sweep] start lenet_fmnist N=20 a=0.1 no_phase0 s=42 K=300 tau=4.0 lr=0.01 scope=head_only
[sweep] ok   no_phase0 acc=0.4322 mean_teacher=0.3391 wall=34.7s err=None
[sweep] start lenet_fmnist N=20 a=0.1 labelled_probe_warmup s=44 K=300 tau=4.0 lr=0.01 scope=head_only
[sweep] ok   labelled_probe_warmup acc=0.4281 mean_teacher=0.3155 wall=34.9s err=None
[sweep] start lenet_fmnist N=20 a=0.1 dp_avg_eps8_K20 s=43 K=300 tau=4.0 lr=0.01 scope=head_only
[sweep] ok   dp_avg_eps8_K20 acc=0.4364 mean_teacher=0.2770 wall=35.0s err=None
[sweep] start lenet_fmnist N=20 a=0.3 labelled_probe_warmup s=42 K=300 tau=4.0 lr=0.01 scope=head_only
[sweep] ok   labelled_probe_warmup acc=0.5858 mean_teacher=0.5223 wall=34.8s err=None
[sweep] start lenet_fmnist N=20 a=0.3 dp_avg_eps2_K20 s=44 K=300 tau=4.0 lr=0.01 scope=head_only
[sweep] ok   dp_avg_eps2_K20 acc=0.4312 mean_teacher=0.5278 wall=35.0s err=None
[sweep] start lenet_fmnist N=20 a=1.0 warmup_only_labelled s=43 K=300 tau=4.0 lr=0.01 scope=head_only
[sweep] ok   warmup_only_labelled acc=0.1735 mean_teacher=0.7033 wall=21.4s err=None
[sweep] start lenet_fmnist N=20 a=1.0 dp_avg_eps2_K20 s=42 K=300 tau=4.0 lr=0.01 scope=head_only
[sweep] ok   dp_avg_eps2_K20 acc=0.6617 mean_teacher=0.6884 wall=34.6s err=None
[sweep] start lenet_fmnist N=50 a=0.01 no_phase0 s=44 K=300 tau=4.0 lr=0.01 scope=head_only
[sweep] ok   no_phase0 acc=0.1000 mean_teacher=0.1141 wall=43.7s err=None
[sweep] start lenet_fmnist N=50 a=0.01 raw_union_K20 s=43 K=300 tau=4.0 lr=0.01 scope=head_only
[sweep] ok   raw_union_K20 acc=0.5359 mean_teacher=0.1125 wall=43.1s err=None
[sweep] start lenet_fmnist N=50 a=0.05 no_phase0 s=42 K=300 tau=4.0 lr=0.01 scope=head_only
[sweep] ok   no_phase0 acc=0.2074 mean_teacher=0.1654 wall=55.2s err=None
[sweep] start lenet_fmnist N=50 a=0.05 labelled_probe_warmup s=44 K=300 tau=4.0 lr=0.01 scope=head_only
[sweep] ok   labelled_probe_warmup acc=0.1000 mean_teacher=0.1607 wall=55.1s err=None
[sweep] start lenet_fmnist N=50 a=0.05 dp_avg_eps8_K20 s=43 K=300 tau=4.0 lr=0.01 scope=head_only
[sweep] FAIL   dp_avg_eps8_K20 acc=n/a mean_teacher=0.1803 wall=21.3s err=RuntimeError: cannot reshape tensor of 0 elements into shape [0, -1] because the unspecified dimension size -1 can be any value and is ambiguous
[sweep] start lenet_fmnist N=50 a=0.1 labelled_probe_warmup s=42 K=300 tau=4.0 lr=0.01 scope=head_only
[sweep] ok   labelled_probe_warmup acc=0.4663 mean_teacher=0.2489 wall=55.4s err=None
[sweep] start lenet_fmnist N=50 a=0.1 dp_avg_eps2_K20 s=44 K=300 tau=4.0 lr=0.01 scope=head_only
[sweep] ok   dp_avg_eps2_K20 acc=0.4201 mean_teacher=0.2453 wall=55.8s err=None
[sweep] start lenet_fmnist N=50 a=0.3 warmup_only_labelled s=43 K=300 tau=4.0 lr=0.01 scope=head_only
[sweep] ok   warmup_only_labelled acc=0.1735 mean_teacher=0.4184 wall=22.1s err=None
[sweep] start lenet_fmnist N=50 a=0.3 dp_avg_eps2_K20 s=42 K=300 tau=4.0 lr=0.01 scope=head_only
[sweep] ok   dp_avg_eps2_K20 acc=0.6037 mean_teacher=0.4100 wall=55.5s err=None
[sweep] start lenet_fmnist N=50 a=1.0 no_phase0 s=44 K=300 tau=4.0 lr=0.01 scope=head_only
[sweep] ok   no_phase0 acc=0.5814 mean_teacher=0.5746 wall=55.3s err=None
[sweep] start lenet_fmnist N=50 a=1.0 raw_union_K20 s=43 K=300 tau=4.0 lr=0.01 scope=head_only
[sweep] ok   raw_union_K20 acc=0.8405 mean_teacher=0.5827 wall=56.5s err=None
[sweep] done. ran=54 skipped=0 failed=2. report at /scratch/hkanpak21/HE_IFD/results/heifd_lenet_fmnist_headline/README.md
