[014 lenet] job 1116376 task 2/8 on ai05.kuvalar.ku.edu.tr
[sweep] grid=450 cells; chunk 2/8 -> 56 cells; case=heifd_lenet_fmnist_headline
[sweep] skip  cell_lenet_fmnist_N1_a0.01_no_phase0_s44_K300_ed68f797d921.json (success exists)
[sweep] skip  cell_lenet_fmnist_N1_a0.01_raw_union_K20_s43_K300_797e5ace01f8.json (success exists)
[sweep] skip  cell_lenet_fmnist_N1_a0.05_no_phase0_s42_K300_d6f2b82faebe.json (success exists)
[sweep] skip  cell_lenet_fmnist_N1_a0.05_labelled_probe_warmup_s44_K300_b3ef20c6fc7e.json (success exists)
[sweep] skip  cell_lenet_fmnist_N1_a0.05_dp_avg_eps8_K20_s43_K300_74148d1b59b2.json (success exists)
[sweep] skip  cell_lenet_fmnist_N1_a0.1_labelled_probe_warmup_s42_K300_0a64b8c36299.json (success exists)
[sweep] skip  cell_lenet_fmnist_N1_a0.1_dp_avg_eps2_K20_s44_K300_eff6c13b4746.json (success exists)
[sweep] skip  cell_lenet_fmnist_N1_a0.3_warmup_only_labelled_s43_K300_25ff95ee8976.json (success exists)
[sweep] skip  cell_lenet_fmnist_N1_a0.3_dp_avg_eps2_K20_s42_K300_91bb6e854d0e.json (success exists)
[sweep] skip  cell_lenet_fmnist_N1_a1.0_no_phase0_s44_K300_4b7aff0831ad.json (success exists)
[sweep] skip  cell_lenet_fmnist_N1_a1.0_raw_union_K20_s43_K300_c82fcc715c20.json (success exists)
[sweep] skip  cell_lenet_fmnist_N5_a0.01_no_phase0_s42_K300_2ea2ac67278c.json (success exists)
[sweep] skip  cell_lenet_fmnist_N5_a0.01_labelled_probe_warmup_s44_K300_05873c1e7948.json (success exists)
[sweep] skip  cell_lenet_fmnist_N5_a0.01_dp_avg_eps8_K20_s43_K300_5ffea6afd0ad.json (success exists)
[sweep] skip  cell_lenet_fmnist_N5_a0.05_labelled_probe_warmup_s42_K300_578ee720d2a8.json (success exists)
[sweep] skip  cell_lenet_fmnist_N5_a0.05_dp_avg_eps2_K20_s44_K300_f94589981cb7.json (success exists)
[sweep] skip  cell_lenet_fmnist_N5_a0.1_warmup_only_labelled_s43_K300_93cbb6a9a691.json (success exists)
[sweep] skip  cell_lenet_fmnist_N5_a0.1_dp_avg_eps2_K20_s42_K300_eb689eff98bf.json (success exists)
[sweep] skip  cell_lenet_fmnist_N5_a0.3_no_phase0_s44_K300_d260ec1329eb.json (success exists)
[sweep] skip  cell_lenet_fmnist_N5_a0.3_raw_union_K20_s43_K300_95516495deea.json (success exists)
[sweep] skip  cell_lenet_fmnist_N5_a1.0_no_phase0_s42_K300_098f517a9480.json (success exists)
[sweep] skip  cell_lenet_fmnist_N5_a1.0_labelled_probe_warmup_s44_K300_5bc583c661f0.json (success exists)
[sweep] skip  cell_lenet_fmnist_N5_a1.0_dp_avg_eps8_K20_s43_K300_3fe76e55ce5c.json (success exists)
[sweep] skip  cell_lenet_fmnist_N10_a0.01_labelled_probe_warmup_s42_K300_ea31c01cd4d3.json (success exists)
[sweep] skip  cell_lenet_fmnist_N10_a0.01_dp_avg_eps2_K20_s44_K300_4571c2c4e251.json (success exists)
[sweep] skip  cell_lenet_fmnist_N10_a0.05_warmup_only_labelled_s43_K300_a67d568d4654.json (success exists)
[sweep] skip  cell_lenet_fmnist_N10_a0.05_dp_avg_eps2_K20_s42_K300_228609133ac7.json (success exists)
[sweep] skip  cell_lenet_fmnist_N10_a0.1_no_phase0_s44_K300_e5a0675a3626.json (success exists)
[sweep] skip  cell_lenet_fmnist_N10_a0.1_raw_union_K20_s43_K300_7c7503aa7081.json (success exists)
[sweep] skip  cell_lenet_fmnist_N10_a0.3_no_phase0_s42_K300_8d313544dc71.json (success exists)
[sweep] skip  cell_lenet_fmnist_N10_a0.3_labelled_probe_warmup_s44_K300_7be6ed41577f.json (success exists)
[sweep] skip  cell_lenet_fmnist_N10_a0.3_dp_avg_eps8_K20_s43_K300_2ecf61c83d32.json (success exists)
[sweep] skip  cell_lenet_fmnist_N10_a1.0_labelled_probe_warmup_s42_K300_f8b41c97fb3b.json (success exists)
[sweep] skip  cell_lenet_fmnist_N10_a1.0_dp_avg_eps2_K20_s44_K300_3349db65c48a.json (success exists)
[sweep] skip  cell_lenet_fmnist_N20_a0.01_warmup_only_labelled_s43_K300_2df0dd914ca8.json (success exists)
[sweep] retry cell_lenet_fmnist_N20_a0.01_dp_avg_eps2_K20_s42_K300_390077672201.json (prior status != success)
[sweep] start lenet_fmnist N=20 a=0.01 dp_avg_eps2_K20 s=42 K=300 tau=4.0 lr=0.01 scope=head_only
[sweep] ok   dp_avg_eps2_K20 acc=0.2221 mean_teacher=0.1131 wall=39.2s err=None
[sweep] skip  cell_lenet_fmnist_N20_a0.05_no_phase0_s44_K300_ada038f619f7.json (success exists)
[sweep] skip  cell_lenet_fmnist_N20_a0.05_raw_union_K20_s43_K300_3f473bf5e489.json (success exists)
[sweep] skip  cell_lenet_fmnist_N20_a0.1_no_phase0_s42_K300_5ad2eff60b90.json (success exists)
[sweep] skip  cell_lenet_fmnist_N20_a0.1_labelled_probe_warmup_s44_K300_42aff01bc1d1.json (success exists)
[sweep] skip  cell_lenet_fmnist_N20_a0.1_dp_avg_eps8_K20_s43_K300_23a1d2226d22.json (success exists)
[sweep] skip  cell_lenet_fmnist_N20_a0.3_labelled_probe_warmup_s42_K300_ab6a4fa50fd8.json (success exists)
[sweep] skip  cell_lenet_fmnist_N20_a0.3_dp_avg_eps2_K20_s44_K300_637f4efbf0d2.json (success exists)
[sweep] skip  cell_lenet_fmnist_N20_a1.0_warmup_only_labelled_s43_K300_a0ba2e64c60c.json (success exists)
[sweep] skip  cell_lenet_fmnist_N20_a1.0_dp_avg_eps2_K20_s42_K300_199adb89af5d.json (success exists)
[sweep] skip  cell_lenet_fmnist_N50_a0.01_no_phase0_s44_K300_e8870617cbb8.json (success exists)
[sweep] skip  cell_lenet_fmnist_N50_a0.01_raw_union_K20_s43_K300_262135f0867f.json (success exists)
[sweep] skip  cell_lenet_fmnist_N50_a0.05_no_phase0_s42_K300_02cd66e8f523.json (success exists)
[sweep] skip  cell_lenet_fmnist_N50_a0.05_labelled_probe_warmup_s44_K300_7cdad4d761a6.json (success exists)
[sweep] retry cell_lenet_fmnist_N50_a0.05_dp_avg_eps8_K20_s43_K300_af678b5f4a9b.json (prior status != success)
[sweep] start lenet_fmnist N=50 a=0.05 dp_avg_eps8_K20 s=43 K=300 tau=4.0 lr=0.01 scope=head_only
[sweep] ok   dp_avg_eps8_K20 acc=0.2341 mean_teacher=0.1806 wall=55.0s err=None
[sweep] skip  cell_lenet_fmnist_N50_a0.1_labelled_probe_warmup_s42_K300_b73b42c0e0be.json (success exists)
[sweep] skip  cell_lenet_fmnist_N50_a0.1_dp_avg_eps2_K20_s44_K300_703002dc69ac.json (success exists)
[sweep] skip  cell_lenet_fmnist_N50_a0.3_warmup_only_labelled_s43_K300_235d917196bc.json (success exists)
[sweep] skip  cell_lenet_fmnist_N50_a0.3_dp_avg_eps2_K20_s42_K300_744615e3c445.json (success exists)
[sweep] skip  cell_lenet_fmnist_N50_a1.0_no_phase0_s44_K300_d49d256e3922.json (success exists)
[sweep] skip  cell_lenet_fmnist_N50_a1.0_raw_union_K20_s43_K300_286bfbcbace7.json (success exists)
[sweep] done. ran=2 skipped=54 failed=0. report at /scratch/hkanpak21/HE_IFD/results/heifd_lenet_fmnist_headline/README.md
