[014 lenet] job 1115677 task 5/8 on ai08.kuvalar.ku.edu.tr
[sweep] grid=450 cells; chunk 5/8 -> 56 cells; case=heifd_lenet_fmnist_headline
[sweep] start lenet_fmnist N=1 a=0.01 warmup_only_labelled s=44 K=300 tau=4.0 lr=0.01 scope=head_only
[sweep] ok   warmup_only_labelled acc=0.1837 mean_teacher=0.8754 wall=28.3s err=None
[sweep] start lenet_fmnist N=1 a=0.01 dp_avg_eps2_K20 s=43 K=300 tau=4.0 lr=0.01 scope=head_only
[sweep] ok   dp_avg_eps2_K20 acc=0.7171 mean_teacher=0.8825 wall=21.5s err=None
[sweep] start lenet_fmnist N=1 a=0.05 warmup_only_labelled s=42 K=300 tau=4.0 lr=0.01 scope=head_only
[sweep] ok   warmup_only_labelled acc=0.1000 mean_teacher=0.8670 wall=20.8s err=None
[sweep] start lenet_fmnist N=1 a=0.05 raw_union_K20 s=44 K=300 tau=4.0 lr=0.01 scope=head_only
[sweep] ok   raw_union_K20 acc=0.7264 mean_teacher=0.8714 wall=21.6s err=None
[sweep] start lenet_fmnist N=1 a=0.1 no_phase0 s=43 K=300 tau=4.0 lr=0.01 scope=head_only
[sweep] ok   no_phase0 acc=0.6702 mean_teacher=0.8766 wall=21.5s err=None
[sweep] start lenet_fmnist N=1 a=0.1 raw_union_K20 s=42 K=300 tau=4.0 lr=0.01 scope=head_only
[sweep] ok   raw_union_K20 acc=0.7097 mean_teacher=0.8656 wall=21.5s err=None
[sweep] start lenet_fmnist N=1 a=0.1 dp_avg_eps8_K20 s=44 K=300 tau=4.0 lr=0.01 scope=head_only
[sweep] ok   dp_avg_eps8_K20 acc=0.6703 mean_teacher=0.8824 wall=21.4s err=None
[sweep] start lenet_fmnist N=1 a=0.3 labelled_probe_warmup s=43 K=300 tau=4.0 lr=0.01 scope=head_only
[sweep] ok   labelled_probe_warmup acc=0.6988 mean_teacher=0.8753 wall=21.5s err=None
[sweep] start lenet_fmnist N=1 a=0.3 dp_avg_eps8_K20 s=42 K=300 tau=4.0 lr=0.01 scope=head_only
[sweep] ok   dp_avg_eps8_K20 acc=0.7235 mean_teacher=0.8709 wall=21.4s err=None
[sweep] start lenet_fmnist N=1 a=1.0 warmup_only_labelled s=44 K=300 tau=4.0 lr=0.01 scope=head_only
[sweep] ok   warmup_only_labelled acc=0.1837 mean_teacher=0.8770 wall=20.8s err=None
[sweep] start lenet_fmnist N=1 a=1.0 dp_avg_eps2_K20 s=43 K=300 tau=4.0 lr=0.01 scope=head_only
[sweep] ok   dp_avg_eps2_K20 acc=0.6941 mean_teacher=0.8855 wall=21.5s err=None
[sweep] start lenet_fmnist N=5 a=0.01 warmup_only_labelled s=42 K=300 tau=4.0 lr=0.01 scope=head_only
[sweep] ok   warmup_only_labelled acc=0.1000 mean_teacher=0.1870 wall=20.9s err=None
[sweep] start lenet_fmnist N=5 a=0.01 raw_union_K20 s=44 K=300 tau=4.0 lr=0.01 scope=head_only
[sweep] ok   raw_union_K20 acc=0.4901 mean_teacher=0.2658 wall=24.5s err=None
[sweep] start lenet_fmnist N=5 a=0.05 no_phase0 s=43 K=300 tau=4.0 lr=0.01 scope=head_only
[sweep] ok   no_phase0 acc=0.4486 mean_teacher=0.4096 wall=24.4s err=None
[sweep] start lenet_fmnist N=5 a=0.05 raw_union_K20 s=42 K=300 tau=4.0 lr=0.01 scope=head_only
[sweep] ok   raw_union_K20 acc=0.5878 mean_teacher=0.3273 wall=24.4s err=None
[sweep] start lenet_fmnist N=5 a=0.05 dp_avg_eps8_K20 s=44 K=300 tau=4.0 lr=0.01 scope=head_only
[sweep] ok   dp_avg_eps8_K20 acc=0.4443 mean_teacher=0.4554 wall=24.4s err=None
[sweep] start lenet_fmnist N=5 a=0.1 labelled_probe_warmup s=43 K=300 tau=4.0 lr=0.01 scope=head_only
[sweep] ok   labelled_probe_warmup acc=0.4688 mean_teacher=0.4517 wall=24.4s err=None
[sweep] start lenet_fmnist N=5 a=0.1 dp_avg_eps8_K20 s=42 K=300 tau=4.0 lr=0.01 scope=head_only
[sweep] ok   dp_avg_eps8_K20 acc=0.5383 mean_teacher=0.4895 wall=24.4s err=None
[sweep] start lenet_fmnist N=5 a=0.3 warmup_only_labelled s=44 K=300 tau=4.0 lr=0.01 scope=head_only
[sweep] ok   warmup_only_labelled acc=0.1837 mean_teacher=0.6536 wall=21.0s err=None
[sweep] start lenet_fmnist N=5 a=0.3 dp_avg_eps2_K20 s=43 K=300 tau=4.0 lr=0.01 scope=head_only
[sweep] ok   dp_avg_eps2_K20 acc=0.4755 mean_teacher=0.6267 wall=24.3s err=None
[sweep] start lenet_fmnist N=5 a=1.0 warmup_only_labelled s=42 K=300 tau=4.0 lr=0.01 scope=head_only
[sweep] ok   warmup_only_labelled acc=0.1000 mean_teacher=0.7930 wall=20.9s err=None
[sweep] start lenet_fmnist N=5 a=1.0 raw_union_K20 s=44 K=300 tau=4.0 lr=0.01 scope=head_only
[sweep] ok   raw_union_K20 acc=0.7609 mean_teacher=0.7967 wall=24.5s err=None
[sweep] start lenet_fmnist N=10 a=0.01 no_phase0 s=43 K=300 tau=4.0 lr=0.01 scope=head_only
[sweep] ok   no_phase0 acc=0.1000 mean_teacher=0.1292 wall=28.0s err=None
[sweep] start lenet_fmnist N=10 a=0.01 raw_union_K20 s=42 K=300 tau=4.0 lr=0.01 scope=head_only
[sweep] ok   raw_union_K20 acc=0.4860 mean_teacher=0.1296 wall=28.0s err=None
[sweep] start lenet_fmnist N=10 a=0.01 dp_avg_eps8_K20 s=44 K=300 tau=4.0 lr=0.01 scope=head_only
[sweep] ok   dp_avg_eps8_K20 acc=0.2569 mean_teacher=0.1467 wall=28.1s err=None
[sweep] start lenet_fmnist N=10 a=0.05 labelled_probe_warmup s=43 K=300 tau=4.0 lr=0.01 scope=head_only
[sweep] ok   labelled_probe_warmup acc=0.3420 mean_teacher=0.2516 wall=28.1s err=None
[sweep] start lenet_fmnist N=10 a=0.05 dp_avg_eps8_K20 s=42 K=300 tau=4.0 lr=0.01 scope=head_only
[sweep] ok   dp_avg_eps8_K20 acc=0.4067 mean_teacher=0.2957 wall=28.1s err=None
[sweep] start lenet_fmnist N=10 a=0.1 warmup_only_labelled s=44 K=300 tau=4.0 lr=0.01 scope=head_only
[sweep] ok   warmup_only_labelled acc=0.1837 mean_teacher=0.3576 wall=21.3s err=None
[sweep] start lenet_fmnist N=10 a=0.1 dp_avg_eps2_K20 s=43 K=300 tau=4.0 lr=0.01 scope=head_only
[sweep] ok   dp_avg_eps2_K20 acc=0.3054 mean_teacher=0.3270 wall=28.1s err=None
[sweep] start lenet_fmnist N=10 a=0.3 warmup_only_labelled s=42 K=300 tau=4.0 lr=0.01 scope=head_only
[sweep] ok   warmup_only_labelled acc=0.1000 mean_teacher=0.6053 wall=21.2s err=None
[sweep] start lenet_fmnist N=10 a=0.3 raw_union_K20 s=44 K=300 tau=4.0 lr=0.01 scope=head_only
[sweep] ok   raw_union_K20 acc=0.7642 mean_teacher=0.5676 wall=28.1s err=None
[sweep] start lenet_fmnist N=10 a=1.0 no_phase0 s=43 K=300 tau=4.0 lr=0.01 scope=head_only
[sweep] ok   no_phase0 acc=0.5841 mean_teacher=0.7612 wall=27.8s err=None
[sweep] start lenet_fmnist N=10 a=1.0 raw_union_K20 s=42 K=300 tau=4.0 lr=0.01 scope=head_only
[sweep] ok   raw_union_K20 acc=0.7831 mean_teacher=0.7626 wall=28.1s err=None
[sweep] start lenet_fmnist N=10 a=1.0 dp_avg_eps8_K20 s=44 K=300 tau=4.0 lr=0.01 scope=head_only
[sweep] ok   dp_avg_eps8_K20 acc=0.6181 mean_teacher=0.7476 wall=27.8s err=None
[sweep] start lenet_fmnist N=20 a=0.01 labelled_probe_warmup s=43 K=300 tau=4.0 lr=0.01 scope=head_only
[sweep] ok   labelled_probe_warmup acc=0.1000 mean_teacher=0.1145 wall=30.8s err=None
[sweep] start lenet_fmnist N=20 a=0.01 dp_avg_eps8_K20 s=42 K=300 tau=4.0 lr=0.01 scope=head_only
[sweep] FAIL   dp_avg_eps8_K20 acc=n/a mean_teacher=0.1187 wall=20.8s err=RuntimeError: cannot reshape tensor of 0 elements into shape [0, -1] because the unspecified dimension size -1 can be any value and is ambiguous
[sweep] start lenet_fmnist N=20 a=0.05 warmup_only_labelled s=44 K=300 tau=4.0 lr=0.01 scope=head_only
[sweep] ok   warmup_only_labelled acc=0.1837 mean_teacher=0.2473 wall=21.4s err=None
[sweep] start lenet_fmnist N=20 a=0.05 dp_avg_eps2_K20 s=43 K=300 tau=4.0 lr=0.01 scope=head_only
[sweep] ok   dp_avg_eps2_K20 acc=0.1971 mean_teacher=0.1767 wall=34.9s err=None
[sweep] start lenet_fmnist N=20 a=0.1 warmup_only_labelled s=42 K=300 tau=4.0 lr=0.01 scope=head_only
[sweep] ok   warmup_only_labelled acc=0.1000 mean_teacher=0.3411 wall=21.3s err=None
[sweep] start lenet_fmnist N=20 a=0.1 raw_union_K20 s=44 K=300 tau=4.0 lr=0.01 scope=head_only
[sweep] ok   raw_union_K20 acc=0.7222 mean_teacher=0.3147 wall=35.0s err=None
[sweep] start lenet_fmnist N=20 a=0.3 no_phase0 s=43 K=300 tau=4.0 lr=0.01 scope=head_only
[sweep] ok   no_phase0 acc=0.5186 mean_teacher=0.5111 wall=34.7s err=None
[sweep] start lenet_fmnist N=20 a=0.3 raw_union_K20 s=42 K=300 tau=4.0 lr=0.01 scope=head_only
[sweep] ok   raw_union_K20 acc=0.8115 mean_teacher=0.5189 wall=35.3s err=None
[sweep] start lenet_fmnist N=20 a=0.3 dp_avg_eps8_K20 s=44 K=300 tau=4.0 lr=0.01 scope=head_only
[sweep] ok   dp_avg_eps8_K20 acc=0.5015 mean_teacher=0.5250 wall=34.9s err=None
[sweep] start lenet_fmnist N=20 a=1.0 labelled_probe_warmup s=43 K=300 tau=4.0 lr=0.01 scope=head_only
[sweep] ok   labelled_probe_warmup acc=0.6279 mean_teacher=0.7058 wall=34.8s err=None
[sweep] start lenet_fmnist N=20 a=1.0 dp_avg_eps8_K20 s=42 K=300 tau=4.0 lr=0.01 scope=head_only
[sweep] ok   dp_avg_eps8_K20 acc=0.6719 mean_teacher=0.6833 wall=34.9s err=None
[sweep] start lenet_fmnist N=50 a=0.01 warmup_only_labelled s=44 K=300 tau=4.0 lr=0.01 scope=head_only
[sweep] ok   warmup_only_labelled acc=0.1837 mean_teacher=0.1143 wall=22.4s err=None
[sweep] start lenet_fmnist N=50 a=0.01 dp_avg_eps2_K20 s=43 K=300 tau=4.0 lr=0.01 scope=head_only
[sweep] FAIL   dp_avg_eps2_K20 acc=n/a mean_teacher=0.1120 wall=21.4s err=RuntimeError: cannot reshape tensor of 0 elements into shape [0, -1] because the unspecified dimension size -1 can be any value and is ambiguous
[sweep] start lenet_fmnist N=50 a=0.05 warmup_only_labelled s=42 K=300 tau=4.0 lr=0.01 scope=head_only
[sweep] ok   warmup_only_labelled acc=0.1000 mean_teacher=0.1643 wall=22.8s err=None
[sweep] start lenet_fmnist N=50 a=0.05 raw_union_K20 s=44 K=300 tau=4.0 lr=0.01 scope=head_only
[sweep] ok   raw_union_K20 acc=0.1000 mean_teacher=0.1609 wall=56.9s err=None
[sweep] start lenet_fmnist N=50 a=0.1 no_phase0 s=43 K=300 tau=4.0 lr=0.01 scope=head_only
[sweep] ok   no_phase0 acc=0.4388 mean_teacher=0.2397 wall=56.5s err=None
[sweep] start lenet_fmnist N=50 a=0.1 raw_union_K20 s=42 K=300 tau=4.0 lr=0.01 scope=head_only
[sweep] ok   raw_union_K20 acc=0.8172 mean_teacher=0.2504 wall=57.1s err=None
[sweep] start lenet_fmnist N=50 a=0.1 dp_avg_eps8_K20 s=44 K=300 tau=4.0 lr=0.01 scope=head_only
