[014 lenet] job 1116376 task 3/8 on ai05.kuvalar.ku.edu.tr
[sweep] grid=450 cells; chunk 3/8 -> 56 cells; case=heifd_lenet_fmnist_headline
[sweep] skip  cell_lenet_fmnist_N1_a0.01_warmup_only_labelled_s42_K300_41bc7bb7cb8f.json (success exists)
[sweep] skip  cell_lenet_fmnist_N1_a0.01_raw_union_K20_s44_K300_7036688936c0.json (success exists)
[sweep] skip  cell_lenet_fmnist_N1_a0.05_no_phase0_s43_K300_9c6e05a6f224.json (success exists)
[sweep] skip  cell_lenet_fmnist_N1_a0.05_raw_union_K20_s42_K300_63691655e9fd.json (success exists)
[sweep] skip  cell_lenet_fmnist_N1_a0.05_dp_avg_eps8_K20_s44_K300_f270c5af6871.json (success exists)
[sweep] skip  cell_lenet_fmnist_N1_a0.1_labelled_probe_warmup_s43_K300_12d51fba8cf2.json (success exists)
[sweep] skip  cell_lenet_fmnist_N1_a0.1_dp_avg_eps8_K20_s42_K300_1e485ad7ff89.json (success exists)
[sweep] skip  cell_lenet_fmnist_N1_a0.3_warmup_only_labelled_s44_K300_9e543fd06551.json (success exists)
[sweep] skip  cell_lenet_fmnist_N1_a0.3_dp_avg_eps2_K20_s43_K300_e93070ae8e5a.json (success exists)
[sweep] skip  cell_lenet_fmnist_N1_a1.0_warmup_only_labelled_s42_K300_d1bbc3d960b3.json (success exists)
[sweep] skip  cell_lenet_fmnist_N1_a1.0_raw_union_K20_s44_K300_8206b7adae76.json (success exists)
[sweep] skip  cell_lenet_fmnist_N5_a0.01_no_phase0_s43_K300_4d409e5cea6a.json (success exists)
[sweep] skip  cell_lenet_fmnist_N5_a0.01_raw_union_K20_s42_K300_7841b036e662.json (success exists)
[sweep] skip  cell_lenet_fmnist_N5_a0.01_dp_avg_eps8_K20_s44_K300_49640be20fc8.json (success exists)
[sweep] skip  cell_lenet_fmnist_N5_a0.05_labelled_probe_warmup_s43_K300_8e6a9e60c45e.json (success exists)
[sweep] skip  cell_lenet_fmnist_N5_a0.05_dp_avg_eps8_K20_s42_K300_3945e9c56c78.json (success exists)
[sweep] skip  cell_lenet_fmnist_N5_a0.1_warmup_only_labelled_s44_K300_a42ffbe983d7.json (success exists)
[sweep] skip  cell_lenet_fmnist_N5_a0.1_dp_avg_eps2_K20_s43_K300_e859fd0b76e6.json (success exists)
[sweep] skip  cell_lenet_fmnist_N5_a0.3_warmup_only_labelled_s42_K300_1c8c60a8f06a.json (success exists)
[sweep] skip  cell_lenet_fmnist_N5_a0.3_raw_union_K20_s44_K300_15de1cd87bfa.json (success exists)
[sweep] skip  cell_lenet_fmnist_N5_a1.0_no_phase0_s43_K300_a5d349bce81d.json (success exists)
[sweep] skip  cell_lenet_fmnist_N5_a1.0_raw_union_K20_s42_K300_5c0dca9a0c1d.json (success exists)
[sweep] skip  cell_lenet_fmnist_N5_a1.0_dp_avg_eps8_K20_s44_K300_6d26d868030f.json (success exists)
[sweep] skip  cell_lenet_fmnist_N10_a0.01_labelled_probe_warmup_s43_K300_ff539296e897.json (success exists)
[sweep] skip  cell_lenet_fmnist_N10_a0.01_dp_avg_eps8_K20_s42_K300_b2021019fb41.json (success exists)
[sweep] skip  cell_lenet_fmnist_N10_a0.05_warmup_only_labelled_s44_K300_8f5e90b34a7a.json (success exists)
[sweep] skip  cell_lenet_fmnist_N10_a0.05_dp_avg_eps2_K20_s43_K300_ec1dd7b53677.json (success exists)
[sweep] skip  cell_lenet_fmnist_N10_a0.1_warmup_only_labelled_s42_K300_baff8034de35.json (success exists)
[sweep] skip  cell_lenet_fmnist_N10_a0.1_raw_union_K20_s44_K300_cdf840a1b9d5.json (success exists)
[sweep] skip  cell_lenet_fmnist_N10_a0.3_no_phase0_s43_K300_7f9dbab42600.json (success exists)
[sweep] skip  cell_lenet_fmnist_N10_a0.3_raw_union_K20_s42_K300_8d6035cfd23c.json (success exists)
[sweep] skip  cell_lenet_fmnist_N10_a0.3_dp_avg_eps8_K20_s44_K300_c8e495855cb4.json (success exists)
[sweep] skip  cell_lenet_fmnist_N10_a1.0_labelled_probe_warmup_s43_K300_abe56c20fadc.json (success exists)
[sweep] skip  cell_lenet_fmnist_N10_a1.0_dp_avg_eps8_K20_s42_K300_65e402505d43.json (success exists)
[sweep] skip  cell_lenet_fmnist_N20_a0.01_warmup_only_labelled_s44_K300_72e20b6b3e05.json (success exists)
[sweep] retry cell_lenet_fmnist_N20_a0.01_dp_avg_eps2_K20_s43_K300_2052b2f03efd.json (prior status != success)
[sweep] start lenet_fmnist N=20 a=0.01 dp_avg_eps2_K20 s=43 K=300 tau=4.0 lr=0.01 scope=head_only
[sweep] ok   dp_avg_eps2_K20 acc=0.1000 mean_teacher=0.1145 wall=38.2s err=None
[sweep] skip  cell_lenet_fmnist_N20_a0.05_warmup_only_labelled_s42_K300_fca1707fc5c5.json (success exists)
[sweep] skip  cell_lenet_fmnist_N20_a0.05_raw_union_K20_s44_K300_57763a5a57f3.json (success exists)
[sweep] skip  cell_lenet_fmnist_N20_a0.1_no_phase0_s43_K300_a1996314409b.json (success exists)
[sweep] skip  cell_lenet_fmnist_N20_a0.1_raw_union_K20_s42_K300_2fcfdd3ab6e1.json (success exists)
[sweep] skip  cell_lenet_fmnist_N20_a0.1_dp_avg_eps8_K20_s44_K300_0aa7ebef3c8c.json (success exists)
[sweep] skip  cell_lenet_fmnist_N20_a0.3_labelled_probe_warmup_s43_K300_460b8a40c623.json (success exists)
[sweep] skip  cell_lenet_fmnist_N20_a0.3_dp_avg_eps8_K20_s42_K300_827c0c29c16e.json (success exists)
[sweep] skip  cell_lenet_fmnist_N20_a1.0_warmup_only_labelled_s44_K300_2256ddbfa9a8.json (success exists)
[sweep] skip  cell_lenet_fmnist_N20_a1.0_dp_avg_eps2_K20_s43_K300_dc5747ed4c5c.json (success exists)
[sweep] skip  cell_lenet_fmnist_N50_a0.01_warmup_only_labelled_s42_K300_5812047dd875.json (success exists)
[sweep] skip  cell_lenet_fmnist_N50_a0.01_raw_union_K20_s44_K300_758b1e3b9ab3.json (success exists)
[sweep] skip  cell_lenet_fmnist_N50_a0.05_no_phase0_s43_K300_e8d83b6b33d6.json (success exists)
[sweep] skip  cell_lenet_fmnist_N50_a0.05_raw_union_K20_s42_K300_9378a1c48fb3.json (success exists)
[sweep] skip  cell_lenet_fmnist_N50_a0.05_dp_avg_eps8_K20_s44_K300_386fc23a8ca3.json (success exists)
[sweep] skip  cell_lenet_fmnist_N50_a0.1_labelled_probe_warmup_s43_K300_5d32dd9cad3d.json (success exists)
[sweep] skip  cell_lenet_fmnist_N50_a0.1_dp_avg_eps8_K20_s42_K300_d5e9e6c49579.json (success exists)
[sweep] skip  cell_lenet_fmnist_N50_a0.3_warmup_only_labelled_s44_K300_384573748072.json (success exists)
[sweep] skip  cell_lenet_fmnist_N50_a0.3_dp_avg_eps2_K20_s43_K300_afb85304e491.json (success exists)
[sweep] skip  cell_lenet_fmnist_N50_a1.0_warmup_only_labelled_s42_K300_5560d534e2b8.json (success exists)
[sweep] skip  cell_lenet_fmnist_N50_a1.0_raw_union_K20_s44_K300_fde71ee871a0.json (success exists)
[sweep] done. ran=1 skipped=55 failed=0. report at /scratch/hkanpak21/HE_IFD/results/heifd_lenet_fmnist_headline/README.md
