[014 lenet] job 1116376 task 4/8 on ai05.kuvalar.ku.edu.tr
[sweep] grid=450 cells; chunk 4/8 -> 56 cells; case=heifd_lenet_fmnist_headline
[sweep] skip  cell_lenet_fmnist_N1_a0.01_warmup_only_labelled_s43_K300_ffc816b8dc13.json (success exists)
[sweep] skip  cell_lenet_fmnist_N1_a0.01_dp_avg_eps2_K20_s42_K300_ffe9f01d9864.json (success exists)
[sweep] skip  cell_lenet_fmnist_N1_a0.05_no_phase0_s44_K300_618d36fefb62.json (success exists)
[sweep] skip  cell_lenet_fmnist_N1_a0.05_raw_union_K20_s43_K300_2f9e28d65e22.json (success exists)
[sweep] skip  cell_lenet_fmnist_N1_a0.1_no_phase0_s42_K300_b6b0fce5482c.json (success exists)
[sweep] skip  cell_lenet_fmnist_N1_a0.1_labelled_probe_warmup_s44_K300_f1c1e94c362d.json (success exists)
[sweep] skip  cell_lenet_fmnist_N1_a0.1_dp_avg_eps8_K20_s43_K300_52279f35a0ca.json (success exists)
[sweep] skip  cell_lenet_fmnist_N1_a0.3_labelled_probe_warmup_s42_K300_bff7fe4eecbe.json (success exists)
[sweep] skip  cell_lenet_fmnist_N1_a0.3_dp_avg_eps2_K20_s44_K300_bf230dd27248.json (success exists)
[sweep] skip  cell_lenet_fmnist_N1_a1.0_warmup_only_labelled_s43_K300_c2e6585bad0a.json (success exists)
[sweep] skip  cell_lenet_fmnist_N1_a1.0_dp_avg_eps2_K20_s42_K300_31b0b75b2cd1.json (success exists)
[sweep] skip  cell_lenet_fmnist_N5_a0.01_no_phase0_s44_K300_7eef7286650f.json (success exists)
[sweep] skip  cell_lenet_fmnist_N5_a0.01_raw_union_K20_s43_K300_52263035dd23.json (success exists)
[sweep] skip  cell_lenet_fmnist_N5_a0.05_no_phase0_s42_K300_5a96f3c81f63.json (success exists)
[sweep] skip  cell_lenet_fmnist_N5_a0.05_labelled_probe_warmup_s44_K300_cee5a00bd1f0.json (success exists)
[sweep] skip  cell_lenet_fmnist_N5_a0.05_dp_avg_eps8_K20_s43_K300_abfafc166822.json (success exists)
[sweep] skip  cell_lenet_fmnist_N5_a0.1_labelled_probe_warmup_s42_K300_e04c7fa9b405.json (success exists)
[sweep] skip  cell_lenet_fmnist_N5_a0.1_dp_avg_eps2_K20_s44_K300_8f35ea8cfa7d.json (success exists)
[sweep] skip  cell_lenet_fmnist_N5_a0.3_warmup_only_labelled_s43_K300_1a0215bc321e.json (success exists)
[sweep] skip  cell_lenet_fmnist_N5_a0.3_dp_avg_eps2_K20_s42_K300_db40fd886e90.json (success exists)
[sweep] skip  cell_lenet_fmnist_N5_a1.0_no_phase0_s44_K300_ce9dca435f1d.json (success exists)
[sweep] skip  cell_lenet_fmnist_N5_a1.0_raw_union_K20_s43_K300_661338639233.json (success exists)
[sweep] skip  cell_lenet_fmnist_N10_a0.01_no_phase0_s42_K300_fe58ca1f1303.json (success exists)
[sweep] skip  cell_lenet_fmnist_N10_a0.01_labelled_probe_warmup_s44_K300_381d022f2671.json (success exists)
[sweep] skip  cell_lenet_fmnist_N10_a0.01_dp_avg_eps8_K20_s43_K300_c0ec757f05e8.json (success exists)
[sweep] skip  cell_lenet_fmnist_N10_a0.05_labelled_probe_warmup_s42_K300_8d93ada93331.json (success exists)
[sweep] skip  cell_lenet_fmnist_N10_a0.05_dp_avg_eps2_K20_s44_K300_dd26f7c3f53f.json (success exists)
[sweep] skip  cell_lenet_fmnist_N10_a0.1_warmup_only_labelled_s43_K300_fe6bbb918f4a.json (success exists)
[sweep] skip  cell_lenet_fmnist_N10_a0.1_dp_avg_eps2_K20_s42_K300_562685b4ccee.json (success exists)
[sweep] skip  cell_lenet_fmnist_N10_a0.3_no_phase0_s44_K300_22d6786a860d.json (success exists)
[sweep] skip  cell_lenet_fmnist_N10_a0.3_raw_union_K20_s43_K300_5bd98ae4feb0.json (success exists)
[sweep] skip  cell_lenet_fmnist_N10_a1.0_no_phase0_s42_K300_2f2788155077.json (success exists)
[sweep] skip  cell_lenet_fmnist_N10_a1.0_labelled_probe_warmup_s44_K300_18a02e8b68d5.json (success exists)
[sweep] skip  cell_lenet_fmnist_N10_a1.0_dp_avg_eps8_K20_s43_K300_f9b5012565a3.json (success exists)
[sweep] skip  cell_lenet_fmnist_N20_a0.01_labelled_probe_warmup_s42_K300_b5017c8295d2.json (success exists)
[sweep] retry cell_lenet_fmnist_N20_a0.01_dp_avg_eps2_K20_s44_K300_4c1bba89d5c2.json (prior status != success)
[sweep] start lenet_fmnist N=20 a=0.01 dp_avg_eps2_K20 s=44 K=300 tau=4.0 lr=0.01 scope=head_only
[sweep] ok   dp_avg_eps2_K20 acc=0.2193 mean_teacher=0.1525 wall=40.8s err=None
[sweep] skip  cell_lenet_fmnist_N20_a0.05_warmup_only_labelled_s43_K300_cc5c68ccc2da.json (success exists)
[sweep] skip  cell_lenet_fmnist_N20_a0.05_dp_avg_eps2_K20_s42_K300_2c4bf5cf36e4.json (success exists)
[sweep] skip  cell_lenet_fmnist_N20_a0.1_no_phase0_s44_K300_ae5e3f0edf1c.json (success exists)
[sweep] skip  cell_lenet_fmnist_N20_a0.1_raw_union_K20_s43_K300_1c21b1c6f3c9.json (success exists)
[sweep] skip  cell_lenet_fmnist_N20_a0.3_no_phase0_s42_K300_ba9cddc38e0c.json (success exists)
[sweep] skip  cell_lenet_fmnist_N20_a0.3_labelled_probe_warmup_s44_K300_5717044c775b.json (success exists)
[sweep] skip  cell_lenet_fmnist_N20_a0.3_dp_avg_eps8_K20_s43_K300_266c3405f983.json (success exists)
[sweep] skip  cell_lenet_fmnist_N20_a1.0_labelled_probe_warmup_s42_K300_71ac173ced1f.json (success exists)
[sweep] skip  cell_lenet_fmnist_N20_a1.0_dp_avg_eps2_K20_s44_K300_4c20b17d556e.json (success exists)
[sweep] skip  cell_lenet_fmnist_N50_a0.01_warmup_only_labelled_s43_K300_826db72133f3.json (success exists)
[sweep] retry cell_lenet_fmnist_N50_a0.01_dp_avg_eps2_K20_s42_K300_71ec43476a9b.json (prior status != success)
[sweep] start lenet_fmnist N=50 a=0.01 dp_avg_eps2_K20 s=42 K=300 tau=4.0 lr=0.01 scope=head_only
[sweep] ok   dp_avg_eps2_K20 acc=0.1000 mean_teacher=0.1142 wall=47.3s err=None
[sweep] skip  cell_lenet_fmnist_N50_a0.05_no_phase0_s44_K300_3c137dc2e81b.json (success exists)
[sweep] skip  cell_lenet_fmnist_N50_a0.05_raw_union_K20_s43_K300_ac12c21131a8.json (success exists)
[sweep] skip  cell_lenet_fmnist_N50_a0.1_no_phase0_s42_K300_60d519dc2d26.json (success exists)
[sweep] skip  cell_lenet_fmnist_N50_a0.1_labelled_probe_warmup_s44_K300_966ab560c89f.json (success exists)
[sweep] skip  cell_lenet_fmnist_N50_a0.1_dp_avg_eps8_K20_s43_K300_e0c7516502c0.json (success exists)
[sweep] skip  cell_lenet_fmnist_N50_a0.3_labelled_probe_warmup_s42_K300_a00d38f0900a.json (success exists)
[sweep] skip  cell_lenet_fmnist_N50_a0.3_dp_avg_eps2_K20_s44_K300_a8d2bfeb6e43.json (success exists)
[sweep] skip  cell_lenet_fmnist_N50_a1.0_warmup_only_labelled_s43_K300_023d3cae4094.json (success exists)
[sweep] skip  cell_lenet_fmnist_N50_a1.0_dp_avg_eps2_K20_s42_K300_3d2bac124566.json (success exists)
[sweep] done. ran=2 skipped=54 failed=0. report at /scratch/hkanpak21/HE_IFD/results/heifd_lenet_fmnist_headline/README.md
