[014 lenet] job 1116376 task 0/8 on ai05.kuvalar.ku.edu.tr
[sweep] grid=450 cells; chunk 0/8 -> 57 cells; case=heifd_lenet_fmnist_headline
[sweep] skip  cell_lenet_fmnist_N1_a0.01_no_phase0_s42_K300_f75546d7f70e.json (success exists)
[sweep] skip  cell_lenet_fmnist_N1_a0.01_labelled_probe_warmup_s44_K300_c0b3a97f3b32.json (success exists)
[sweep] skip  cell_lenet_fmnist_N1_a0.01_dp_avg_eps8_K20_s43_K300_b6dcce343a7d.json (success exists)
[sweep] skip  cell_lenet_fmnist_N1_a0.05_labelled_probe_warmup_s42_K300_dbb526e97ea5.json (success exists)
[sweep] skip  cell_lenet_fmnist_N1_a0.05_dp_avg_eps2_K20_s44_K300_6415e27df559.json (success exists)
[sweep] skip  cell_lenet_fmnist_N1_a0.1_warmup_only_labelled_s43_K300_92910d41835d.json (success exists)
[sweep] skip  cell_lenet_fmnist_N1_a0.1_dp_avg_eps2_K20_s42_K300_12254e52820c.json (success exists)
[sweep] skip  cell_lenet_fmnist_N1_a0.3_no_phase0_s44_K300_84ef2cc79bb6.json (success exists)
[sweep] skip  cell_lenet_fmnist_N1_a0.3_raw_union_K20_s43_K300_f66680c7c6d5.json (success exists)
[sweep] skip  cell_lenet_fmnist_N1_a1.0_no_phase0_s42_K300_3e0a769d6783.json (success exists)
[sweep] skip  cell_lenet_fmnist_N1_a1.0_labelled_probe_warmup_s44_K300_ee41e3ecc753.json (success exists)
[sweep] skip  cell_lenet_fmnist_N1_a1.0_dp_avg_eps8_K20_s43_K300_b652bce3c7ce.json (success exists)
[sweep] skip  cell_lenet_fmnist_N5_a0.01_labelled_probe_warmup_s42_K300_67b0bd2cce6c.json (success exists)
[sweep] skip  cell_lenet_fmnist_N5_a0.01_dp_avg_eps2_K20_s44_K300_c8b939aa5fe3.json (success exists)
[sweep] skip  cell_lenet_fmnist_N5_a0.05_warmup_only_labelled_s43_K300_62559c9ffe68.json (success exists)
[sweep] skip  cell_lenet_fmnist_N5_a0.05_dp_avg_eps2_K20_s42_K300_3eb15dbda896.json (success exists)
[sweep] skip  cell_lenet_fmnist_N5_a0.1_no_phase0_s44_K300_99492fa3ff1a.json (success exists)
[sweep] skip  cell_lenet_fmnist_N5_a0.1_raw_union_K20_s43_K300_bb9492f330a7.json (success exists)
[sweep] skip  cell_lenet_fmnist_N5_a0.3_no_phase0_s42_K300_52f3aaf1702e.json (success exists)
[sweep] skip  cell_lenet_fmnist_N5_a0.3_labelled_probe_warmup_s44_K300_4cf4c3a95e9f.json (success exists)
[sweep] skip  cell_lenet_fmnist_N5_a0.3_dp_avg_eps8_K20_s43_K300_afd64f12eda1.json (success exists)
[sweep] skip  cell_lenet_fmnist_N5_a1.0_labelled_probe_warmup_s42_K300_844ad5324958.json (success exists)
[sweep] skip  cell_lenet_fmnist_N5_a1.0_dp_avg_eps2_K20_s44_K300_beca23c641e7.json (success exists)
[sweep] skip  cell_lenet_fmnist_N10_a0.01_warmup_only_labelled_s43_K300_4824640a6770.json (success exists)
[sweep] skip  cell_lenet_fmnist_N10_a0.01_dp_avg_eps2_K20_s42_K300_e6a37903f210.json (success exists)
[sweep] skip  cell_lenet_fmnist_N10_a0.05_no_phase0_s44_K300_ce0394bda246.json (success exists)
[sweep] skip  cell_lenet_fmnist_N10_a0.05_raw_union_K20_s43_K300_d993dce6b245.json (success exists)
[sweep] skip  cell_lenet_fmnist_N10_a0.1_no_phase0_s42_K300_5681e960a04a.json (success exists)
[sweep] skip  cell_lenet_fmnist_N10_a0.1_labelled_probe_warmup_s44_K300_3e53440b52f5.json (success exists)
[sweep] skip  cell_lenet_fmnist_N10_a0.1_dp_avg_eps8_K20_s43_K300_100e95ddbe46.json (success exists)
[sweep] skip  cell_lenet_fmnist_N10_a0.3_labelled_probe_warmup_s42_K300_e41a57e6a37f.json (success exists)
[sweep] skip  cell_lenet_fmnist_N10_a0.3_dp_avg_eps2_K20_s44_K300_7a5c70dd7e8c.json (success exists)
[sweep] skip  cell_lenet_fmnist_N10_a1.0_warmup_only_labelled_s43_K300_e63b8e78a151.json (success exists)
[sweep] skip  cell_lenet_fmnist_N10_a1.0_dp_avg_eps2_K20_s42_K300_80c5dee16e53.json (success exists)
[sweep] skip  cell_lenet_fmnist_N20_a0.01_no_phase0_s44_K300_ed7b36cb5f86.json (success exists)
[sweep] skip  cell_lenet_fmnist_N20_a0.01_raw_union_K20_s43_K300_0eeb29260603.json (success exists)
[sweep] skip  cell_lenet_fmnist_N20_a0.05_no_phase0_s42_K300_603fc8353878.json (success exists)
[sweep] skip  cell_lenet_fmnist_N20_a0.05_labelled_probe_warmup_s44_K300_f6c92cec4012.json (success exists)
[sweep] skip  cell_lenet_fmnist_N20_a0.05_dp_avg_eps8_K20_s43_K300_a5bf137db871.json (success exists)
[sweep] skip  cell_lenet_fmnist_N20_a0.1_labelled_probe_warmup_s42_K300_0bcf24e64ecc.json (success exists)
[sweep] skip  cell_lenet_fmnist_N20_a0.1_dp_avg_eps2_K20_s44_K300_23ff895ee283.json (success exists)
[sweep] skip  cell_lenet_fmnist_N20_a0.3_warmup_only_labelled_s43_K300_84da716fdba7.json (success exists)
[sweep] skip  cell_lenet_fmnist_N20_a0.3_dp_avg_eps2_K20_s42_K300_e60c9f3d3da7.json (success exists)
[sweep] skip  cell_lenet_fmnist_N20_a1.0_no_phase0_s44_K300_b44da6aa2e96.json (success exists)
[sweep] skip  cell_lenet_fmnist_N20_a1.0_raw_union_K20_s43_K300_a4ef25df80d3.json (success exists)
[sweep] skip  cell_lenet_fmnist_N50_a0.01_no_phase0_s42_K300_097f16077b39.json (success exists)
[sweep] skip  cell_lenet_fmnist_N50_a0.01_labelled_probe_warmup_s44_K300_e97a2fce7271.json (success exists)
[sweep] retry cell_lenet_fmnist_N50_a0.01_dp_avg_eps8_K20_s43_K300_f4493ada3085.json (prior status != success)
[sweep] start lenet_fmnist N=50 a=0.01 dp_avg_eps8_K20 s=43 K=300 tau=4.0 lr=0.01 scope=head_only
[sweep] ok   dp_avg_eps8_K20 acc=0.1135 mean_teacher=0.1123 wall=51.3s err=None
[sweep] skip  cell_lenet_fmnist_N50_a0.05_labelled_probe_warmup_s42_K300_1f88737b8765.json (success exists)
[sweep] skip  cell_lenet_fmnist_N50_a0.05_dp_avg_eps2_K20_s44_K300_def7df503814.json (success exists)
[sweep] skip  cell_lenet_fmnist_N50_a0.1_warmup_only_labelled_s43_K300_3600c83745e0.json (success exists)
[sweep] skip  cell_lenet_fmnist_N50_a0.1_dp_avg_eps2_K20_s42_K300_396fcf1867ec.json (success exists)
[sweep] skip  cell_lenet_fmnist_N50_a0.3_no_phase0_s44_K300_1d551bb9641a.json (success exists)
[sweep] skip  cell_lenet_fmnist_N50_a0.3_raw_union_K20_s43_K300_eb235f982a0c.json (success exists)
[sweep] skip  cell_lenet_fmnist_N50_a1.0_no_phase0_s42_K300_203b43515a85.json (success exists)
[sweep] skip  cell_lenet_fmnist_N50_a1.0_labelled_probe_warmup_s44_K300_9a90c1e71da6.json (success exists)
[sweep] skip  cell_lenet_fmnist_N50_a1.0_dp_avg_eps8_K20_s43_K300_c5376be95271.json (success exists)
[sweep] done. ran=1 skipped=56 failed=0. report at /scratch/hkanpak21/HE_IFD/results/heifd_lenet_fmnist_headline/README.md
