[014 lenet] job 1116376 task 1/8 on ai05.kuvalar.ku.edu.tr
[sweep] grid=450 cells; chunk 1/8 -> 57 cells; case=heifd_lenet_fmnist_headline
[sweep] skip  cell_lenet_fmnist_N1_a0.01_no_phase0_s43_K300_69affff9c0f2.json (success exists)
[sweep] skip  cell_lenet_fmnist_N1_a0.01_raw_union_K20_s42_K300_e60d51764c9f.json (success exists)
[sweep] skip  cell_lenet_fmnist_N1_a0.01_dp_avg_eps8_K20_s44_K300_bd63d8d98964.json (success exists)
[sweep] skip  cell_lenet_fmnist_N1_a0.05_labelled_probe_warmup_s43_K300_ce615a8f1117.json (success exists)
[sweep] skip  cell_lenet_fmnist_N1_a0.05_dp_avg_eps8_K20_s42_K300_7a22f7d0bda6.json (success exists)
[sweep] skip  cell_lenet_fmnist_N1_a0.1_warmup_only_labelled_s44_K300_9f83358a55dd.json (success exists)
[sweep] skip  cell_lenet_fmnist_N1_a0.1_dp_avg_eps2_K20_s43_K300_6eb0a0645444.json (success exists)
[sweep] skip  cell_lenet_fmnist_N1_a0.3_warmup_only_labelled_s42_K300_a33318eb3338.json (success exists)
[sweep] skip  cell_lenet_fmnist_N1_a0.3_raw_union_K20_s44_K300_b576761aa939.json (success exists)
[sweep] skip  cell_lenet_fmnist_N1_a1.0_no_phase0_s43_K300_12d7e300e934.json (success exists)
[sweep] skip  cell_lenet_fmnist_N1_a1.0_raw_union_K20_s42_K300_a85f9ed8401e.json (success exists)
[sweep] skip  cell_lenet_fmnist_N1_a1.0_dp_avg_eps8_K20_s44_K300_bc0a850c7c1f.json (success exists)
[sweep] skip  cell_lenet_fmnist_N5_a0.01_labelled_probe_warmup_s43_K300_c017e113715a.json (success exists)
[sweep] skip  cell_lenet_fmnist_N5_a0.01_dp_avg_eps8_K20_s42_K300_d4026eb0fcbb.json (success exists)
[sweep] skip  cell_lenet_fmnist_N5_a0.05_warmup_only_labelled_s44_K300_5656f65340ef.json (success exists)
[sweep] skip  cell_lenet_fmnist_N5_a0.05_dp_avg_eps2_K20_s43_K300_354a22fd5379.json (success exists)
[sweep] skip  cell_lenet_fmnist_N5_a0.1_warmup_only_labelled_s42_K300_9c33c5a1e64a.json (success exists)
[sweep] skip  cell_lenet_fmnist_N5_a0.1_raw_union_K20_s44_K300_0ed1b7fbfd81.json (success exists)
[sweep] skip  cell_lenet_fmnist_N5_a0.3_no_phase0_s43_K300_cb6b8abe8c2e.json (success exists)
[sweep] skip  cell_lenet_fmnist_N5_a0.3_raw_union_K20_s42_K300_dc26b85c13e0.json (success exists)
[sweep] skip  cell_lenet_fmnist_N5_a0.3_dp_avg_eps8_K20_s44_K300_df99ae3c0dc4.json (success exists)
[sweep] skip  cell_lenet_fmnist_N5_a1.0_labelled_probe_warmup_s43_K300_a82c165c34a2.json (success exists)
[sweep] skip  cell_lenet_fmnist_N5_a1.0_dp_avg_eps8_K20_s42_K300_281a5f553446.json (success exists)
[sweep] skip  cell_lenet_fmnist_N10_a0.01_warmup_only_labelled_s44_K300_90716c2585fe.json (success exists)
[sweep] skip  cell_lenet_fmnist_N10_a0.01_dp_avg_eps2_K20_s43_K300_da4001dc91aa.json (success exists)
[sweep] skip  cell_lenet_fmnist_N10_a0.05_warmup_only_labelled_s42_K300_18ae6b61c182.json (success exists)
[sweep] skip  cell_lenet_fmnist_N10_a0.05_raw_union_K20_s44_K300_a8591be2e092.json (success exists)
[sweep] skip  cell_lenet_fmnist_N10_a0.1_no_phase0_s43_K300_7b019dd17c55.json (success exists)
[sweep] skip  cell_lenet_fmnist_N10_a0.1_raw_union_K20_s42_K300_aa8706b84b67.json (success exists)
[sweep] skip  cell_lenet_fmnist_N10_a0.1_dp_avg_eps8_K20_s44_K300_21fd49dfb224.json (success exists)
[sweep] skip  cell_lenet_fmnist_N10_a0.3_labelled_probe_warmup_s43_K300_d08d96023e4a.json (success exists)
[sweep] skip  cell_lenet_fmnist_N10_a0.3_dp_avg_eps8_K20_s42_K300_acce5bc1aba7.json (success exists)
[sweep] skip  cell_lenet_fmnist_N10_a1.0_warmup_only_labelled_s44_K300_f97df29fbae0.json (success exists)
[sweep] skip  cell_lenet_fmnist_N10_a1.0_dp_avg_eps2_K20_s43_K300_54e0c0c29318.json (success exists)
[sweep] skip  cell_lenet_fmnist_N20_a0.01_warmup_only_labelled_s42_K300_a9c095b1d5e2.json (success exists)
[sweep] skip  cell_lenet_fmnist_N20_a0.01_raw_union_K20_s44_K300_d47021b0b705.json (success exists)
[sweep] skip  cell_lenet_fmnist_N20_a0.05_no_phase0_s43_K300_e2bbf54f2576.json (success exists)
[sweep] skip  cell_lenet_fmnist_N20_a0.05_raw_union_K20_s42_K300_3da969272be8.json (success exists)
[sweep] skip  cell_lenet_fmnist_N20_a0.05_dp_avg_eps8_K20_s44_K300_e68dde6277cd.json (success exists)
[sweep] skip  cell_lenet_fmnist_N20_a0.1_labelled_probe_warmup_s43_K300_cb85a9d0bb1c.json (success exists)
[sweep] skip  cell_lenet_fmnist_N20_a0.1_dp_avg_eps8_K20_s42_K300_3cfee07785d7.json (success exists)
[sweep] skip  cell_lenet_fmnist_N20_a0.3_warmup_only_labelled_s44_K300_d0d06166708f.json (success exists)
[sweep] skip  cell_lenet_fmnist_N20_a0.3_dp_avg_eps2_K20_s43_K300_a65cfb0499be.json (success exists)
[sweep] skip  cell_lenet_fmnist_N20_a1.0_warmup_only_labelled_s42_K300_eb50ffae0346.json (success exists)
[sweep] skip  cell_lenet_fmnist_N20_a1.0_raw_union_K20_s44_K300_cbd8eaf54878.json (success exists)
[sweep] skip  cell_lenet_fmnist_N50_a0.01_no_phase0_s43_K300_4323e42143f6.json (success exists)
[sweep] skip  cell_lenet_fmnist_N50_a0.01_raw_union_K20_s42_K300_a563baebc5d6.json (success exists)
[sweep] retry cell_lenet_fmnist_N50_a0.01_dp_avg_eps8_K20_s44_K300_b6cd7b15424c.json (prior status != success)
[sweep] start lenet_fmnist N=50 a=0.01 dp_avg_eps8_K20 s=44 K=300 tau=4.0 lr=0.01 scope=head_only
[sweep] ok   dp_avg_eps8_K20 acc=0.1032 mean_teacher=0.1142 wall=51.6s err=None
[sweep] skip  cell_lenet_fmnist_N50_a0.05_labelled_probe_warmup_s43_K300_cf3a3b1c6fc0.json (success exists)
[sweep] skip  cell_lenet_fmnist_N50_a0.05_dp_avg_eps8_K20_s42_K300_b796a6ffa690.json (success exists)
[sweep] skip  cell_lenet_fmnist_N50_a0.1_warmup_only_labelled_s44_K300_51868700f3a1.json (success exists)
[sweep] skip  cell_lenet_fmnist_N50_a0.1_dp_avg_eps2_K20_s43_K300_56e8464de9ef.json (success exists)
[sweep] skip  cell_lenet_fmnist_N50_a0.3_warmup_only_labelled_s42_K300_0013a5f1516f.json (success exists)
[sweep] skip  cell_lenet_fmnist_N50_a0.3_raw_union_K20_s44_K300_7d6fa79296e6.json (success exists)
[sweep] skip  cell_lenet_fmnist_N50_a1.0_no_phase0_s43_K300_91d80775aaec.json (success exists)
[sweep] skip  cell_lenet_fmnist_N50_a1.0_raw_union_K20_s42_K300_5639b8c92681.json (success exists)
[sweep] skip  cell_lenet_fmnist_N50_a1.0_dp_avg_eps8_K20_s44_K300_6ec3d10d1f2e.json (success exists)
[sweep] done. ran=1 skipped=56 failed=0. report at /scratch/hkanpak21/HE_IFD/results/heifd_lenet_fmnist_headline/README.md
